Archive member included to satisfy reference by file (symbol)

C:/msys64/mingw64/bin/../lib/gcc/arm-none-eabi/13.3.0/../../../../arm-none-eabi/lib/thumb/v7-m/nofp\libg.a(libc_a-memset.o)
                              C:\Users\denes\AppData\Local\Temp\ccOifcKW.ltrans0.ltrans.o (memset)
C:/msys64/mingw64/bin/../lib/gcc/arm-none-eabi/13.3.0/../../../../arm-none-eabi/lib/thumb/v7-m/nofp\libg.a(libc_a-memcpy.o)
                              C:\Users\denes\AppData\Local\Temp\ccOifcKW.ltrans0.ltrans.o (memcpy)

Discarded input sections

 .data          0x00000000        0x0 ./build/obj/crt0_v7m.o
 .bss           0x00000000        0x0 ./build/obj/crt0_v7m.o
 .data          0x00000000        0x0 ./build/obj/vectors.o
 .bss           0x00000000        0x0 ./build/obj/vectors.o
 .data          0x00000000        0x0 ./build/obj/chcoreasm_v7m.o
 .bss           0x00000000        0x0 ./build/obj/chcoreasm_v7m.o
 .text          0x00000000        0x0 C:\Users\denes\AppData\Local\Temp\ccOifcKW.ltrans0.ltrans.o
 .data          0x00000000        0x0 C:\Users\denes\AppData\Local\Temp\ccOifcKW.ltrans0.ltrans.o
 .bss           0x00000000        0x0 C:\Users\denes\AppData\Local\Temp\ccOifcKW.ltrans0.ltrans.o
 .comment       0x00000000       0x13 C:\Users\denes\AppData\Local\Temp\cciyIXGR.debug.temp.o
 .comment       0x00000000       0x13 C:\Users\denes\AppData\Local\Temp\ccWv4sdU.debug.temp.o
 .comment       0x00000000       0x13 C:\Users\denes\AppData\Local\Temp\cciaTLGW.debug.temp.o
 .debug_info    0x00000000      0x952 C:\Users\denes\AppData\Local\Temp\ccivNJoZ.debug.temp.o
 .debug_abbrev  0x00000000      0x1f4 C:\Users\denes\AppData\Local\Temp\ccivNJoZ.debug.temp.o
 .debug_line    0x00000000       0xad C:\Users\denes\AppData\Local\Temp\ccivNJoZ.debug.temp.o
 .debug_str     0x00000000      0x5c5 C:\Users\denes\AppData\Local\Temp\ccivNJoZ.debug.temp.o
 .debug_line_str
                0x00000000      0x28b C:\Users\denes\AppData\Local\Temp\ccivNJoZ.debug.temp.o
 .comment       0x00000000       0x13 C:\Users\denes\AppData\Local\Temp\ccivNJoZ.debug.temp.o
 .comment       0x00000000       0x13 C:\Users\denes\AppData\Local\Temp\ccI1AU21.debug.temp.o
 .debug_info    0x00000000      0x49f C:\Users\denes\AppData\Local\Temp\ccgyevW4.debug.temp.o
 .debug_abbrev  0x00000000      0x15e C:\Users\denes\AppData\Local\Temp\ccgyevW4.debug.temp.o
 .debug_line    0x00000000       0x75 C:\Users\denes\AppData\Local\Temp\ccgyevW4.debug.temp.o
 .debug_str     0x00000000      0x4a4 C:\Users\denes\AppData\Local\Temp\ccgyevW4.debug.temp.o
 .debug_line_str
                0x00000000      0x190 C:\Users\denes\AppData\Local\Temp\ccgyevW4.debug.temp.o
 .comment       0x00000000       0x13 C:\Users\denes\AppData\Local\Temp\ccgyevW4.debug.temp.o
 .debug_info    0x00000000       0x7a C:\Users\denes\AppData\Local\Temp\ccYn5oM7.debug.temp.o
 .debug_abbrev  0x00000000       0x26 C:\Users\denes\AppData\Local\Temp\ccYn5oM7.debug.temp.o
 .debug_line    0x00000000       0x31 C:\Users\denes\AppData\Local\Temp\ccYn5oM7.debug.temp.o
 .debug_str     0x00000000      0x1b2 C:\Users\denes\AppData\Local\Temp\ccYn5oM7.debug.temp.o
 .debug_line_str
                0x00000000       0x4a C:\Users\denes\AppData\Local\Temp\ccYn5oM7.debug.temp.o
 .comment       0x00000000       0x13 C:\Users\denes\AppData\Local\Temp\ccYn5oM7.debug.temp.o
 .comment       0x00000000       0x13 C:\Users\denes\AppData\Local\Temp\cceBVwya.debug.temp.o
 .comment       0x00000000       0x13 C:\Users\denes\AppData\Local\Temp\cc80nszd.debug.temp.o
 .debug_info    0x00000000      0x575 C:\Users\denes\AppData\Local\Temp\cc4jS0yg.debug.temp.o
 .debug_abbrev  0x00000000      0x20b C:\Users\denes\AppData\Local\Temp\cc4jS0yg.debug.temp.o
 .debug_line    0x00000000       0xb6 C:\Users\denes\AppData\Local\Temp\cc4jS0yg.debug.temp.o
 .debug_str     0x00000000      0x42b C:\Users\denes\AppData\Local\Temp\cc4jS0yg.debug.temp.o
 .debug_line_str
                0x00000000      0x2a4 C:\Users\denes\AppData\Local\Temp\cc4jS0yg.debug.temp.o
 .comment       0x00000000       0x13 C:\Users\denes\AppData\Local\Temp\cc4jS0yg.debug.temp.o
 .comment       0x00000000       0x13 C:\Users\denes\AppData\Local\Temp\ccyQ6ptj.debug.temp.o
 .comment       0x00000000       0x13 C:\Users\denes\AppData\Local\Temp\ccKB1Crl.debug.temp.o
 .comment       0x00000000       0x13 C:\Users\denes\AppData\Local\Temp\cc8eXhmn.debug.temp.o
 .comment       0x00000000       0x13 C:\Users\denes\AppData\Local\Temp\cc2qY8vp.debug.temp.o
 .comment       0x00000000       0x13 C:\Users\denes\AppData\Local\Temp\ccEDGhBr.debug.temp.o
 .debug_info    0x00000000       0x7a C:\Users\denes\AppData\Local\Temp\ccsOyHDt.debug.temp.o
 .debug_abbrev  0x00000000       0x26 C:\Users\denes\AppData\Local\Temp\ccsOyHDt.debug.temp.o
 .debug_line    0x00000000       0x31 C:\Users\denes\AppData\Local\Temp\ccsOyHDt.debug.temp.o
 .debug_str     0x00000000      0x1c6 C:\Users\denes\AppData\Local\Temp\ccsOyHDt.debug.temp.o
 .debug_line_str
[...]
Memory Configuration

Name             Origin             Length             Attributes
flash0           0x08000000         0x00010000         xr
flash1           0x00000000         0x00000000         xr
flash2           0x00000000         0x00000000         xr
flash3           0x00000000         0x00000000         xr
flash4           0x00000000         0x00000000         xr
flash5           0x00000000         0x00000000         xr
flash6           0x00000000         0x00000000         xr
flash7           0x00000000         0x00000000         xr
ram0             0x20000000         0x00005000         xw
ram1             0x00000000         0x00000000         xw
ram2             0x00000000         0x00000000         xw
ram3             0x00000000         0x00000000         xw
ram4             0x00000000         0x00000000         xw
ram5             0x00000000         0x00000000         xw
ram6             0x00000000         0x00000000         xw
ram7             0x00000000         0x00000000         xw
*default*        0x00000000         0xffffffff

Linker script and memory map

LOAD ./build/obj/crt0_v7m.o
LOAD ./build/obj/vectors.o
LOAD ./build/obj/chcoreasm_v7m.o
LOAD ./build/obj/crt1.o
LOAD C:\Users\denes\AppData\Local\Temp\ccOifcKW.ltrans0.ltrans.o
LOAD C:\Users\denes\AppData\Local\Temp\cciyIXGR.debug.temp.o
LOAD C:\Users\denes\AppData\Local\Temp\ccWv4sdU.debug.temp.o
LOAD C:\Users\denes\AppData\Local\Temp\cciaTLGW.debug.temp.o
LOAD C:\Users\denes\AppData\Local\Temp\ccivNJoZ.debug.temp.o
LOAD C:\Users\denes\AppData\Local\Temp\ccI1AU21.debug.temp.o
LOAD C:\Users\denes\AppData\Local\Temp\ccgyevW4.debug.temp.o
LOAD C:\Users\denes\AppData\Local\Temp\ccYn5oM7.debug.temp.o
LOAD C:\Users\denes\AppData\Local\Temp\cceBVwya.debug.temp.o
LOAD C:\Users\denes\AppData\Local\Temp\cc80nszd.debug.temp.o
LOAD C:\Users\denes\AppData\Local\Temp\cc4jS0yg.debug.temp.o
LOAD C:\Users\denes\AppData\Local\Temp\ccyQ6ptj.debug.temp.o
LOAD C:\Users\denes\AppData\Local\Temp\ccKB1Crl.debug.temp.o
LOAD C:\Users\denes\AppData\Local\Temp\cc8eXhmn.debug.temp.o
LOAD C:\Users\denes\AppData\Local\Temp\cc2qY8vp.debug.temp.o
LOAD C:\Users\denes\AppData\Local\Temp\ccEDGhBr.debug.temp.o
LOAD C:\Users\denes\AppData\Local\Temp\ccsOyHDt.debug.temp.o
LOAD C:\Users\denes\AppData\Local\Temp\cc0OlNUv.debug.temp.o
LOAD C:\Users\denes\AppData\Local\Temp\ccqzG36x.debug.temp.o
LOAD C:\Users\denes\AppData\Local\Temp\cck5XrwA.debug.temp.o
LOAD C:\Users\denes\AppData\Local\Temp\ccMgGxUC.debug.temp.o
LOAD C:\Users\denes\AppData\Local\Temp\ccUty3kE.debug.temp.o
LOAD C:\Users\denes\AppData\Local\Temp\ccUUrBGF.debug.temp.o
LOAD C:\Users\denes\AppData\Local\Temp\ccE9avZG.debug.temp.o
LOAD C:\Users\denes\AppData\Local\Temp\ccCf8lvI.debug.temp.o
LOAD C:\Users\denes\AppData\Local\Temp\ccgrHAXJ.debug.temp.o
LOAD C:\Users\denes\AppData\Local\Temp\ccICP3EL.debug.temp.o
LOAD C:\Users\denes\AppData\Local\Temp\cc21YyhN.debug.temp.o
LOAD C:\Users\denes\AppData\Local\Temp\cci9js9O.debug.temp.o
LOAD C:\Users\denes\AppData\Local\Temp\ccC0FkYQ.debug.temp.o
LOAD C:\Users\denes\AppData\Local\Temp\ccYuFDJS.debug.temp.o
LOAD C:\Users\denes\AppData\Local\Temp\ccuwpBfY.debug.temp.o
LOAD C:\Users\denes\AppData\Local\Temp\cci7yrI3.debug.temp.o
LOAD C:\Users\denes\AppData\Local\Temp\cc0CLBo9.debug.temp.o
LOAD C:\Users\denes\AppData\Local\Temp\ccQWtu1e.debug.temp.o
LOAD C:\Users\denes\AppData\Local\Temp\cc8i4Vyk.debug.temp.o
LOAD C:\Users\denes\AppData\Local\Temp\ccgg41lq.debug.temp.o
LOAD C:\Users\denes\AppData\Local\Temp\ccG4Ed4v.debug.temp.o
LOAD C:\Users\denes\AppData\Local\Temp\cc8tSBZB.debug.temp.o
LOAD C:\Users\denes\AppData\Local\Temp\ccu4utTH.debug.temp.o
LOAD C:\Users\denes\AppData\Local\Temp\ccqBUHJN.debug.temp.o
LOAD C:\Users\denes\AppData\Local\Temp\ccWwbuCS.debug.temp.o
LOAD C:\Users\denes\AppData\Local\Temp\ccgCYyqX.debug.temp.o
LOAD C:\Users\denes\AppData\Local\Temp\cc0YPIs2.debug.temp.o
LOAD C:\Users\denes\AppData\Local\Temp\cc4fzYp7.debug.temp.o
LOAD C:\Users\denes\AppData\Local\Temp\cciApECc.debug.temp.o
LOAD C:\Users\denes\AppData\Local\Temp\ccE0WfKh.debug.temp.o
LOAD C:\Users\denes\AppData\Local\Temp\ccyync7m.debug.temp.o
LOAD C:\Users\denes\AppData\Local\Temp\ccUQuuqs.debug.temp.o
LOAD C:\Users\denes\AppData\Local\Temp\ccMZQ8Fx.debug.temp.o
LOAD C:\Users\denes\AppData\Local\Temp\cc2We6ZB.debug.temp.o
LOAD C:\Users\denes\AppData\Local\Temp\cc27PIgG.debug.temp.o
LOAD C:\Users\denes\AppData\Local\Temp\ccidWiKK.debug.temp.o
LOAD C:\Users\denes\AppData\Local\Temp\cccVZWaP.debug.temp.o
LOAD C:\Users\denes\AppData\Local\Temp\cc6cq1xT.debug.temp.o
LOAD C:\Users\denes\AppData\Local\Temp\ccgBDH9X.debug.temp.o
LOAD C:\Users\denes\AppData\Local\Temp\cc6iOGJ2.debug.temp.o
LOAD C:\Users\denes\AppData\Local\Temp\ccC4xMf7.debug.temp.o
LOAD C:\Users\denes\AppData\Local\Temp\ccAeJv0b.debug.temp.o
LOAD C:\Users\denes\AppData\Local\Temp\ccaWx1Hg.debug.temp.o
LOAD C:\Users\denes\AppData\Local\Temp\cc4pWnuk.debug.temp.o
LOAD C:\Users\denes\AppData\Local\Temp\cc2TtFbo.debug.temp.o
LOAD C:\Users\denes\AppData\Local\Temp\ccmvrt6r.debug.temp.o
LOAD C:\Users\denes\AppData\Local\Temp\ccIjFoYv.debug.temp.o
LOAD C:\Users\denes\AppData\Local\Temp\cccoPCMz.debug.temp.o
LOAD C:\Users\denes\AppData\Local\Temp\cceYcePD.debug.temp.o
LOAD C:\Users\denes\AppData\Local\Temp\ccsatlQH.debug.temp.o
LOAD C:\Users\denes\AppData\Local\Temp\cciaxe3L.debug.temp.o
LOAD C:\Users\denes\AppData\Local\Temp\ccyX9hdQ.debug.temp.o
LOAD C:\Users\denes\AppData\Local\Temp\ccYXQPiU.debug.temp.o
LOAD C:\Users\denes\AppData\Local\Temp\ccksyd71.debug.temp.o
LOAD ./build/obj/hal.o
LOAD ./build/obj/hal_st.o
LOAD ./build/obj/hal_buffers.o
LOAD ./build/obj/hal_queues.o
LOAD ./build/obj/hal_flash.o
LOAD ./build/obj/hal_mmcsd.o
LOAD ./build/obj/hal_adc.o
LOAD ./build/obj/hal_can.o
LOAD ./build/obj/hal_pal.o
LOAD ./build/obj/hal_serial.o
LOAD ./build/obj/hal_spi.o
LOAD ./build/obj/nvic.o
LOAD ./build/obj/stm32_isr.o
LOAD ./build/obj/hal_lld.o
LOAD ./build/obj/hal_efl_lld.o
LOAD ./build/obj/hal_adc_lld.o
LOAD ./build/obj/hal_can_lld.o
LOAD ./build/obj/stm32_dma.o
LOAD ./build/obj/hal_pal_lld.o
LOAD ./build/obj/hal_spi_lld.o
LOAD ./build/obj/hal_st_lld.o
LOAD ./build/obj/hal_serial_lld.o
LOAD ./build/obj/board.o
LOAD ./build/obj/osal.o
LOAD ./build/obj/chsys.o
LOAD ./build/obj/chdebug.o
LOAD ./build/obj/chtrace.o
LOAD ./build/obj/chvt.o
LOAD ./build/obj/chschd.o
LOAD ./build/obj/chthreads.o
LOAD ./build/obj/chtm.o
LOAD ./build/obj/chregistry.o
LOAD ./build/obj/chsem.o
LOAD ./build/obj/chmtx.o
LOAD ./build/obj/chcond.o
LOAD ./build/obj/chevents.o
LOAD ./build/obj/chmsg.o
LOAD ./build/obj/chdynamic.o
LOAD ./build/obj/chmboxes.o
LOAD ./build/obj/chmemcore.o
LOAD ./build/obj/chmemheaps.o
LOAD ./build/obj/chmempools.o
LOAD ./build/obj/chpipes.o
LOAD ./build/obj/chobjcaches.o
LOAD ./build/obj/chdelegates.o
LOAD ./build/obj/chfactory.o
LOAD ./build/obj/chcore.o
LOAD ./build/obj/chcore_v7m.o
LOAD ./build/obj/chprintf.o
LOAD ./build/obj/memstreams.o
LOAD ./build/obj/nullstreams.o
LOAD ./build/obj/ch_test.o
LOAD ./build/obj/rt_test_root.o
LOAD ./build/obj/rt_test_sequence_001.o
LOAD ./build/obj/rt_test_sequence_002.o
LOAD ./build/obj/rt_test_sequence_003.o
LOAD ./build/obj/rt_test_sequence_004.o
LOAD ./build/obj/rt_test_sequence_005.o
LOAD ./build/obj/rt_test_sequence_006.o
LOAD ./build/obj/rt_test_sequence_007.o
LOAD ./build/obj/rt_test_sequence_008.o
LOAD ./build/obj/rt_test_sequence_009.o
LOAD ./build/obj/rt_test_sequence_010.o
LOAD ./build/obj/rt_test_sequence_011.o
LOAD ./build/obj/main.o
LOAD ./build/obj/can.o
LOAD ./build/obj/adc.o
LOAD ./build/obj/out.o
LOAD ./build/obj/digital.o

.mstack         0x20000000      0x400
                0x20000000                        . = ALIGN (0x8)
                0x20000000                        __main_stack_base__ = .
                0x20000400                        . = (. + __main_stack_size__)
 *fill*         0x20000000      0x400 
                0x20000400                        . = ALIGN (0x8)
                0x20000400                        __main_stack_end__ = .

.pstack         0x20000400      0x400
                0x20000400                        . = ALIGN (0x8)
                0x20000400                        __process_stack_base__ = .
                0x20000400                        __main_thread_stack_base__ = .
                0x20000800                        . = (. + __process_stack_size__)
 *fill*         0x20000400      0x400 
                0x20000800                        . = ALIGN (0x8)
                0x20000800                        __process_stack_end__ = .
                0x20000800                        __main_thread_stack_end__ = .

.vectors        0x08000000      0x160
 *(.vectors)
 .vectors       0x08000000      0x160 ./build/obj/vectors.o
                0x08000000                _vectors

.xtors          0x08000160        0x0
                0x08000160                        __init_array_base__ = .
 *(SORT_BY_NAME(.init_array.*))
 *(.init_array)
                0x08000160                        __init_array_end__ = .
                0x08000160                        __fini_array_base__ = .
 *(.fini_array)
 *(SORT_BY_NAME(.fini_array.*))
                0x08000160                        __fini_array_end__ = .

.text           0x08000160     0x2818
                0x08000160                        __text_base__ = .
 *(.text)
 .text          0x08000160       0xd8 ./build/obj/crt0_v7m.o
                0x08000160                _crt0_entry
 .text          0x08000238        0x8 ./build/obj/vectors.o
                0x08000238                Reset_Handler
                0x0800023a                VectorAC
                0x0800023a                DebugMon_Handler
                0x0800023a                Vector11C
                0x0800023a                HardFault_Handler
                0x0800023a                SysTick_Handler
                0x0800023a                VectorDC
                0x0800023a                PendSV_Handler
                0x0800023a                NMI_Handler
                0x0800023a                Vector110
                0x0800023a                Vector120
                0x0800023a                VectorC8
                0x0800023a                VectorA8
                0x0800023a                VectorB4
                0x0800023a                UsageFault_Handler
                0x0800023a                VectorEC
                0x0800023a                Vector40
                0x0800023a                VectorF8
                0x0800023a                Vector108
                0x0800023a                VectorBC
                0x0800023a                Vector150
                0x0800023a                Vector124
                0x0800023a                Vector148
                0x0800023a                Vector118
                0x0800023a                VectorE8
                0x0800023a                VectorCC
                0x0800023a                Vector54
                0x0800023a                VectorD8
                0x0800023a                Vector138
                0x0800023a                Vector24
                0x0800023a                VectorD0
                0x0800023a                Vector140
                0x0800023a                VectorE4
                0x0800023a                VectorC0
                0x0800023a                Vector158
                0x0800023a                Vector130
                0x0800023a                Vector134
                0x0800023a                VectorF0
                0x0800023a                Vector12C
                0x0800023a                Vector13C
                0x0800023a                Vector100
                0x0800023a                VectorF4
                0x0800023a                MemManage_Handler
                0x0800023a                VectorA0
                0x0800023a                VectorC4
                0x0800023a                Vector114
                0x0800023a                Vector1C
                0x0800023a                Vector48
                0x0800023a                Vector4C
                0x0800023a                Vector144
                0x0800023a                Vector15C
                0x0800023a                VectorA4
                0x0800023a                Vector88
                0x0800023a                Vector104
                0x0800023a                Vector10C
                0x0800023a                Vector14C
                0x0800023a                BusFault_Handler
                0x0800023a                Vector50
                0x0800023a                Vector154
                0x0800023a                Vector44
                0x0800023a                Vector28
                0x0800023a                VectorB8
                0x0800023a                VectorFC
                0x0800023a                Vector34
                0x0800023a                Vector128
                0x0800023a                Vector20
                0x0800023e                _unhandled_exception
 .text          0x08000240       0x2a ./build/obj/chcoreasm_v7m.o
                0x08000240                _port_switch
                0x08000250                _port_thread_start
                0x08000262                _port_switch_from_isr
                0x08000266                _port_exit_from_isr
 *fill*         0x0800026a        0x2 
 .text          0x0800026c       0xa0 C:/msys64/mingw64/bin/../lib/gcc/arm-none-eabi/13.3.0/../../../../arm-none-eabi/lib/thumb/v7-m/nofp\libg.a(libc_a-memset.o)
                0x0800026c                memset
 .text          0x0800030c       0xec C:/msys64/mingw64/bin/../lib/gcc/arm-none-eabi/13.3.0/../../../../arm-none-eabi/lib/thumb/v7-m/nofp\libg.a(libc_a-memcpy.o)
                0x0800030c                memcpy
 *(.text.*)
 *fill*         0x080003f8        0x8 
 .text._ctl     0x08000400        0x4 C:\Users\denes\AppData\Local\Temp\ccOifcKW.ltrans0.ltrans.o
 *fill*         0x08000404        0xc 
 .text._port_irq_epilogue
                0x08000410       0x4c C:\Users\denes\AppData\Local\Temp\ccOifcKW.ltrans0.ltrans.o
 *fill*         0x0800045c        0x4 
 .text.notify1  0x08000460       0x10 C:\Users\denes\AppData\Local\Temp\ccOifcKW.ltrans0.ltrans.o
 .text._idle_thread
                0x08000470        0x4 C:\Users\denes\AppData\Local\Temp\ccOifcKW.ltrans0.ltrans.o
 *fill*         0x08000474        0xc 
 .text.chVTDoResetI
                0x08000480       0xac C:\Users\denes\AppData\Local\Temp\ccOifcKW.ltrans0.ltrans.o
 *fill*         0x0800052c        0x4 
 .text.wakeup   0x08000530       0x6c C:\Users\denes\AppData\Local\Temp\ccOifcKW.ltrans0.ltrans.o
 *fill*         0x0800059c        0x4 
 .text.chTMStartMeasurementX
                0x080005a0        0xc C:\Users\denes\AppData\Local\Temp\ccOifcKW.ltrans0.ltrans.o
 *fill*         0x080005ac        0x4 
 .text.chTMStopMeasurementX
                0x080005b0       0x44 C:\Users\denes\AppData\Local\Temp\ccOifcKW.ltrans0.ltrans.o
 *fill*         0x080005f4        0xc 
 .text.chEvtBroadcastFlagsI
                0x08000600       0x88 C:\Users\denes\AppData\Local\Temp\ccOifcKW.ltrans0.ltrans.o
 *fill*         0x08000688        0x8 
 .text.chCoreAllocFromTop
                0x08000690       0x3c C:\Users\denes\AppData\Local\Temp\ccOifcKW.ltrans0.ltrans.o
 *fill*         0x080006cc        0x4 
 .text.chCoreAllocAlignedI
                0x080006d0       0x20 C:\Users\denes\AppData\Local\Temp\ccOifcKW.ltrans0.ltrans.o
 .text.vt_enqueue.constprop.0
                0x080006f0      0x10c C:\Users\denes\AppData\Local\Temp\ccOifcKW.ltrans0.ltrans.o
 *fill*         0x080007fc        0x4 
 .text.can_lld_set_filters.constprop.0
                0x08000800       0xf8 C:\Users\denes\AppData\Local\Temp\ccOifcKW.ltrans0.ltrans.o
 *fill*         0x080008f8        0x8 
 .text.chSchGoSleepTimeoutS
                0x08000900       0x70 C:\Users\denes\AppData\Local\Temp\ccOifcKW.ltrans0.ltrans.o
 .text.iqReadTimeout
                0x08000970       0xe8 C:\Users\denes\AppData\Local\Temp\ccOifcKW.ltrans0.ltrans.o
 *fill*         0x08000a58        0x8 
 .text._read    0x08000a60        0xc C:\Users\denes\AppData\Local\Temp\ccOifcKW.ltrans0.ltrans.o
 *fill*         0x08000a6c        0x4 
 .text._readt   0x08000a70        0x8 C:\Users\denes\AppData\Local\Temp\ccOifcKW.ltrans0.ltrans.o
 *fill*         0x08000a78        0x8 
 .text.iqGetTimeout
                0x08000a80       0x70 C:\Users\denes\AppData\Local\Temp\ccOifcKW.ltrans0.ltrans.o
 .text._get     0x08000af0        0xc C:\Users\denes\AppData\Local\Temp\ccOifcKW.ltrans0.ltrans.o
 *fill*         0x08000afc        0x4 
 .text._gett    0x08000b00        0x8 C:\Users\denes\AppData\Local\Temp\ccOifcKW.ltrans0.ltrans.o
 *fill*         0x08000b08        0x8 
 .text.oqPutTimeout
                0x08000b10       0x70 C:\Users\denes\AppData\Local\Temp\ccOifcKW.ltrans0.ltrans.o
 .text._put     0x08000b80        0xc C:\Users\denes\AppData\Local\Temp\ccOifcKW.ltrans0.ltrans.o
 *fill*         0x08000b8c        0x4 
 .text._putt    0x08000b90        0x8 C:\Users\denes\AppData\Local\Temp\ccOifcKW.ltrans0.ltrans.o
 *fill*         0x08000b98        0x8 
 .text.oqWriteTimeout
                0x08000ba0       0xe4 C:\Users\denes\AppData\Local\Temp\ccOifcKW.ltrans0.ltrans.o
 *fill*         0x08000c84        0xc 
 .text._write   0x08000c90        0xc C:\Users\denes\AppData\Local\Temp\ccOifcKW.ltrans0.ltrans.o
 *fill*         0x08000c9c        0x4 
 .text._writet  0x08000ca0        0x8 C:\Users\denes\AppData\Local\Temp\ccOifcKW.ltrans0.ltrans.o
 *fill*         0x08000ca8        0x8 
 .text.chSchWakeupS.constprop.0
                0x08000cb0       0x58 C:\Users\denes\AppData\Local\Temp\ccOifcKW.ltrans0.ltrans.o
 *fill*         0x08000d08        0x8 
 .text.chThdCreateStatic.constprop.0.isra.0
                0x08000d10       0x80 C:\Users\denes\AppData\Local\Temp\ccOifcKW.ltrans0.ltrans.o
 .text._ZL11CanRxThreadPv
                0x08000d90      0x184 C:\Users\denes\AppData\Local\Temp\ccOifcKW.ltrans0.ltrans.o
 *fill*         0x08000f14        0xc 
 .text._ZL11CanTxThreadPv
                0x08000f20       0xf8 C:\Users\denes\AppData\Local\Temp\ccOifcKW.ltrans0.ltrans.o
 *fill*         0x08001018        0x8 
 .text._ZL9AdcThreadPv
                0x08001020       0x60 C:\Users\denes\AppData\Local\Temp\ccOifcKW.ltrans0.ltrans.o
 .text._ZL9OutThreadPv
                0x08001080       0x60 C:\Users\denes\AppData\Local\Temp\ccOifcKW.ltrans0.ltrans.o
 .text._ZL13DigitalThreadPv
                0x080010e0       0x60 C:\Users\denes\AppData\Local\Temp\ccOifcKW.ltrans0.ltrans.o
 .text.__core_init
                0x08001140        0x4 C:\Users\denes\AppData\Local\Temp\ccOifcKW.ltrans0.ltrans.o
                0x08001140                __core_init
 *fill*         0x08001144        0xc 
 .text.__late_init
                0x08001150        0x4 C:\Users\denes\AppData\Local\Temp\ccOifcKW.ltrans0.ltrans.o
                0x08001150                __late_init
 *fill*         0x08001154        0xc 
 .text.__default_exit
                0x08001160        0x4 C:\Users\denes\AppData\Local\Temp\ccOifcKW.ltrans0.ltrans.o
                0x08001160                __default_exit
 *fill*         0x08001164        0xc 
 .text.__init_ram_areas
                0x08001170       0x54 C:\Users\denes\AppData\Local\Temp\ccOifcKW.ltrans0.ltrans.o
                0x08001170                __init_ram_areas
 *fill*         0x080011c4        0xc 
 .text.Vector58
                0x080011d0       0x70 C:\Users\denes\AppData\Local\Temp\ccOifcKW.ltrans0.ltrans.o
                0x080011d0                Vector58
 .text.Vector5C
                0x08001240       0x74 C:\Users\denes\AppData\Local\Temp\ccOifcKW.ltrans0.ltrans.o
                0x08001240                Vector5C
 *fill*         0x080012b4        0xc 
 .text.Vector60
                0x080012c0       0x74 C:\Users\denes\AppData\Local\Temp\ccOifcKW.ltrans0.ltrans.o
                0x080012c0                Vector60
 *fill*         0x08001334        0xc 
 .text.Vector64
                0x08001340       0x74 C:\Users\denes\AppData\Local\Temp\ccOifcKW.ltrans0.ltrans.o
                0x08001340                Vector64
 *fill*         0x080013b4        0xc 
 .text.Vector68
                0x080013c0       0x74 C:\Users\denes\AppData\Local\Temp\ccOifcKW.ltrans0.ltrans.o
                0x080013c0                Vector68
 *fill*         0x08001434        0xc 
 .text.Vector9C
                0x08001440      0x1d4 C:\Users\denes\AppData\Local\Temp\ccOifcKW.ltrans0.ltrans.o
                0x08001440                Vector9C
 *fill*         0x08001614        0xc 
 .text.VectorE0
                0x08001620      0x248 C:\Users\denes\AppData\Local\Temp\ccOifcKW.ltrans0.ltrans.o
                0x08001620                VectorE0
 *fill*         0x08001868        0x8 
 .text.Vector8C
                0x08001870       0xa4 C:\Users\denes\AppData\Local\Temp\ccOifcKW.ltrans0.ltrans.o
                0x08001870                Vector8C
 *fill*         0x08001914        0xc 
 .text.Vector90
                0x08001920       0xa8 C:\Users\denes\AppData\Local\Temp\ccOifcKW.ltrans0.ltrans.o
                0x08001920                Vector90
 *fill*         0x080019c8        0x8 
 .text.Vector94
                0x080019d0       0xa8 C:\Users\denes\AppData\Local\Temp\ccOifcKW.ltrans0.ltrans.o
                0x080019d0                Vector94
 *fill*         0x08001a78        0x8 
 .text.Vector98
                0x08001a80       0x78 C:\Users\denes\AppData\Local\Temp\ccOifcKW.ltrans0.ltrans.o
                0x08001a80                Vector98
 *fill*         0x08001af8        0x8 
 .text.Vector6C
                0x08001b00       0x70 C:\Users\denes\AppData\Local\Temp\ccOifcKW.ltrans0.ltrans.o
                0x08001b00                Vector6C
 .text.Vector70
                0x08001b70       0x74 C:\Users\denes\AppData\Local\Temp\ccOifcKW.ltrans0.ltrans.o
                0x08001b70                Vector70
 *fill*         0x08001be4        0xc 
 .text.Vector74
                0x08001bf0       0x74 C:\Users\denes\AppData\Local\Temp\ccOifcKW.ltrans0.ltrans.o
                0x08001bf0                Vector74
 *fill*         0x08001c64        0xc 
 .text.Vector78
                0x08001c70       0x74 C:\Users\denes\AppData\Local\Temp\ccOifcKW.ltrans0.ltrans.o
                0x08001c70                Vector78
 *fill*         0x08001ce4        0xc 
 .text.Vector7C
                0x08001cf0       0x74 C:\Users\denes\AppData\Local\Temp\ccOifcKW.ltrans0.ltrans.o
                0x08001cf0                Vector7C
 *fill*         0x08001d64        0xc 
 .text.Vector80
                0x08001d70       0x74 C:\Users\denes\AppData\Local\Temp\ccOifcKW.ltrans0.ltrans.o
                0x08001d70                Vector80
 *fill*         0x08001de4        0xc 
 .text.Vector84
                0x08001df0       0x78 C:\Users\denes\AppData\Local\Temp\ccOifcKW.ltrans0.ltrans.o
                0x08001df0                Vector84
 *fill*         0x08001e68        0x8 
 .text.VectorB0
                0x08001e70       0xe8 C:\Users\denes\AppData\Local\Temp\ccOifcKW.ltrans0.ltrans.o
                0x08001e70                VectorB0
 *fill*         0x08001f58        0x8 
 .text.VectorD4
                0x08001f60      0x250 C:\Users\denes\AppData\Local\Temp\ccOifcKW.ltrans0.ltrans.o
                0x08001f60                VectorD4
 .text.__early_init
                0x080021b0       0x6c C:\Users\denes\AppData\Local\Temp\ccOifcKW.ltrans0.ltrans.o
                0x080021b0                __early_init
 *fill*         0x0800221c        0x4 
 .text.chSchDoReschedule
                0x08002220       0x44 C:\Users\denes\AppData\Local\Temp\ccOifcKW.ltrans0.ltrans.o
                0x08002220                chSchDoReschedule
 *fill*         0x08002264        0xc 
 .text.chThdExit
                0x08002270       0x78 C:\Users\denes\AppData\Local\Temp\ccOifcKW.ltrans0.ltrans.o
                0x08002270                chThdExit
 *fill*         0x080022e8        0x8 
 .text.SVC_Handler
                0x080022f0       0x14 C:\Users\denes\AppData\Local\Temp\ccOifcKW.ltrans0.ltrans.o
                0x080022f0                SVC_Handler
 *fill*         0x08002304        0xc 
 .text.startup.main
                0x08002310      0x668 C:\Users\denes\AppData\Local\Temp\ccOifcKW.ltrans0.ltrans.o
                0x08002310                main
 *(.glue_7t)
 .glue_7t       0x08002978        0x0 linker stubs
 *(.glue_7)
 .glue_7        0x08002978        0x0 linker stubs
 *(.gcc*)
                0x08002978                        __text_end__ = .

.vfp11_veneer   0x08002978        0x0
 .vfp11_veneer  0x08002978        0x0 linker stubs

.v4_bx          0x08002978        0x0
 .v4_bx         0x08002978        0x0 linker stubs

.iplt           0x08002978        0x0
 .iplt          0x08002978        0x0 ./build/obj/crt0_v7m.o

.rodata         0x08002978      0x19c
                0x08002978                        __rodata_base__ = .
 *(.rodata)
 *(.rodata.*)
 .rodata.chThdCreateStatic.constprop.0.isra.0.str1.4
                0x08002978       0x55 C:\Users\denes\AppData\Local\Temp\ccOifcKW.ltrans0.ltrans.o
                                  0x7 (size before relaxing)
 .rodata._ZL11CanRxThreadPv.str1.4
                0x080029cd        0xe C:\Users\denes\AppData\Local\Temp\ccOifcKW.ltrans0.ltrans.o
 .rodata._ZL11CanTxThreadPv.str1.4
                0x080029cd        0xe C:\Users\denes\AppData\Local\Temp\ccOifcKW.ltrans0.ltrans.o
 .rodata._ZL9AdcThreadPv.str1.4
                0x080029cd        0xb C:\Users\denes\AppData\Local\Temp\ccOifcKW.ltrans0.ltrans.o
 .rodata._ZL9OutThreadPv.str1.4
                0x080029cd        0xb C:\Users\denes\AppData\Local\Temp\ccOifcKW.ltrans0.ltrans.o
 .rodata._ZL13DigitalThreadPv.str1.4
                0x080029cd        0xf C:\Users\denes\AppData\Local\Temp\ccOifcKW.ltrans0.ltrans.o
 .rodata.main.str1.4
                0x080029cd        0x5 C:\Users\denes\AppData\Local\Temp\ccOifcKW.ltrans0.ltrans.o
 *fill*         0x080029cd        0x3 
 .rodata.vmt    0x080029d0       0x28 C:\Users\denes\AppData\Local\Temp\ccOifcKW.ltrans0.ltrans.o
 .rodata.ch_debug
                0x080029f8       0x16 C:\Users\denes\AppData\Local\Temp\ccOifcKW.ltrans0.ltrans.o
 *fill*         0x08002a0e        0x2 
 .rodata._ZL6cancfg
                0x08002a10        0x8 C:\Users\denes\AppData\Local\Temp\ccOifcKW.ltrans0.ltrans.o
 .rodata._ZL7filters
                0x08002a18        0xc C:\Users\denes\AppData\Local\Temp\ccOifcKW.ltrans0.ltrans.o
 .rodata._stm32_dma_streams
                0x08002a24       0x70 C:\Users\denes\AppData\Local\Temp\ccOifcKW.ltrans0.ltrans.o
 .rodata.ram_areas
                0x08002a94       0x80 C:\Users\denes\AppData\Local\Temp\ccOifcKW.ltrans0.ltrans.o
                0x08002b14                        . = ALIGN (0x4)
                0x08002b14                        __rodata_end__ = .

.ARM.extab
 *(.ARM.extab* .gnu.linkonce.armextab.*)

.ARM.exidx      0x08002b14        0x8
                0x08002b14                        __exidx_base__ = .
                0x08002b14                        __exidx_start = .
 *(.ARM.exidx* .gnu.linkonce.armexidx.*)
 .ARM.exidx     0x08002b14        0x8 C:/msys64/mingw64/bin/../lib/gcc/arm-none-eabi/13.3.0/../../../../arm-none-eabi/lib/thumb/v7-m/nofp\libg.a(libc_a-memcpy.o)
                0x08002b1c                        __exidx_end__ = .
                0x08002b1c                        __exidx_end = .

.rel.dyn        0x08002b1c        0x0
 .rel.iplt      0x08002b1c        0x0 ./build/obj/crt0_v7m.o

.eh_frame_hdr
 *(.eh_frame_hdr)

.eh_frame
 *(.eh_frame)

.data           0x20000800        0x0 load address 0x08002b1c
                [!provide]                        PROVIDE (_textdata = LOADADDR (.data))
                [!provide]                        PROVIDE (_data = .)
                0x08002b1c                        __textdata_base__ = LOADADDR (.data)
                0x20000800                        __data_base__ = .
 *(.data)
 *(.data.*)
 *(.ramtext)
                0x20000800                        . = ALIGN (0x4)
                [!provide]                        PROVIDE (_edata = .)
                0x20000800                        __data_end__ = .

.igot.plt       0x20000800        0x0 load address 0x08002b1c
 .igot.plt      0x20000800        0x0 ./build/obj/crt0_v7m.o

.bss            0x20000800      0xa88 load address 0x08002b1c
                0x20000800                        __bss_base__ = .
 *(.bss)
 *(.bss.*)
 .bss.ch_idle_thread_wa
                0x20000800       0xd8 C:\Users\denes\AppData\Local\Temp\ccOifcKW.ltrans0.ltrans.o
 .bss.canRxMsg  0x200008d8       0x18 C:\Users\denes\AppData\Local\Temp\ccOifcKW.ltrans0.ltrans.o
 .bss.ADCD1     0x200008f0       0x34 C:\Users\denes\AppData\Local\Temp\ccOifcKW.ltrans0.ltrans.o
 .bss.SPID2     0x20000924       0x30 C:\Users\denes\AppData\Local\Temp\ccOifcKW.ltrans0.ltrans.o
 .bss.default_heap
                0x20000954       0x1c C:\Users\denes\AppData\Local\Temp\ccOifcKW.ltrans0.ltrans.o
 .bss.ch_factory
                0x20000970       0x48 C:\Users\denes\AppData\Local\Temp\ccOifcKW.ltrans0.ltrans.o
 .bss._ZL11waAdcThread
                0x200009b8      0x148 C:\Users\denes\AppData\Local\Temp\ccOifcKW.ltrans0.ltrans.o
 .bss._ZL15waDigitalThread
                0x20000b00      0x148 C:\Users\denes\AppData\Local\Temp\ccOifcKW.ltrans0.ltrans.o
 .bss._ZL11waOutThread
                0x20000c48      0x148 C:\Users\denes\AppData\Local\Temp\ccOifcKW.ltrans0.ltrans.o
 .bss._ZL13waCanTxThread
                0x20000d90      0x148 C:\Users\denes\AppData\Local\Temp\ccOifcKW.ltrans0.ltrans.o
 .bss._ZL13waCanRxThread
                0x20000ed8      0x148 C:\Users\denes\AppData\Local\Temp\ccOifcKW.ltrans0.ltrans.o
 .bss.ch_memcore
                0x20001020        0x8 C:\Users\denes\AppData\Local\Temp\ccOifcKW.ltrans0.ltrans.o
 .bss.SD1       0x20001028       0x7c C:\Users\denes\AppData\Local\Temp\ccOifcKW.ltrans0.ltrans.o
 .bss.dma       0x200010a4       0x40 C:\Users\denes\AppData\Local\Temp\ccOifcKW.ltrans0.ltrans.o
 .bss.CAND1     0x200010e4       0x28 C:\Users\denes\AppData\Local\Temp\ccOifcKW.ltrans0.ltrans.o
 .bss._pal_events
                0x2000110c      0x100 C:\Users\denes\AppData\Local\Temp\ccOifcKW.ltrans0.ltrans.o
 *fill*         0x2000120c        0x4 
 .bss.ch        0x20001210       0x78 C:\Users\denes\AppData\Local\Temp\ccOifcKW.ltrans0.ltrans.o
 *(COMMON)
                0x20001288                        . = ALIGN (0x4)
                0x20001288                        __bss_end__ = .
                [!provide]                        PROVIDE (end = .)
                0x20000000                        __ram0_base__ = ORIGIN (ram0)
                0x00005000                        __ram0_size__ = LENGTH (ram0)
                0x20005000                        __ram0_end__ = (__ram0_base__ + __ram0_size__)
                0x00000000                        __ram1_base__ = ORIGIN (ram1)
                0x00000000                        __ram1_size__ = LENGTH (ram1)
                0x00000000                        __ram1_end__ = (__ram1_base__ + __ram1_size__)
                0x00000000                        __ram2_base__ = ORIGIN (ram2)
                0x00000000                        __ram2_size__ = LENGTH (ram2)
                0x00000000                        __ram2_end__ = (__ram2_base__ + __ram2_size__)
                0x00000000                        __ram3_base__ = ORIGIN (ram3)
                0x00000000                        __ram3_size__ = LENGTH (ram3)
                0x00000000                        __ram3_end__ = (__ram3_base__ + __ram3_size__)
                0x00000000                        __ram4_base__ = ORIGIN (ram4)
                0x00000000                        __ram4_size__ = LENGTH (ram4)
                0x00000000                        __ram4_end__ = (__ram4_base__ + __ram4_size__)
                0x00000000                        __ram5_base__ = ORIGIN (ram5)
                0x00000000                        __ram5_size__ = LENGTH (ram5)
                0x00000000                        __ram5_end__ = (__ram5_base__ + __ram5_size__)
                0x00000000                        __ram6_base__ = ORIGIN (ram6)
                0x00000000                        __ram6_size__ = LENGTH (ram6)
                0x00000000                        __ram6_end__ = (__ram6_base__ + __ram6_size__)
                0x00000000                        __ram7_base__ = ORIGIN (ram7)
                0x00000000                        __ram7_size__ = LENGTH (ram7)
                0x00000000                        __ram7_end__ = (__ram7_base__ + __ram7_size__)
                0x08000000                        __flash0_base__ = ORIGIN (flash0)
                0x00010000                        __flash0_size__ = LENGTH (flash0)
                0x08010000                        __flash0_end__ = (__flash0_base__ + __flash0_size__)
                0x00000000                        __flash1_base__ = ORIGIN (flash1)
                0x00000000                        __flash1_size__ = LENGTH (flash1)
                0x00000000                        __flash1_end__ = (__flash1_base__ + __flash1_size__)
                0x00000000                        __flash2_base__ = ORIGIN (flash2)
                0x00000000                        __flash2_size__ = LENGTH (flash2)
                0x00000000                        __flash2_end__ = (__flash2_base__ + __flash2_size__)
                0x00000000                        __flash3_base__ = ORIGIN (flash3)
                0x00000000                        __flash3_size__ = LENGTH (flash3)
                0x00000000                        __flash3_end__ = (__flash3_base__ + __flash3_size__)
                0x00000000                        __flash4_base__ = ORIGIN (flash4)
                0x00000000                        __flash4_size__ = LENGTH (flash4)
                0x00000000                        __flash4_end__ = (__flash4_base__ + __flash4_size__)
                0x00000000                        __flash5_base__ = ORIGIN (flash5)
                0x00000000                        __flash5_size__ = LENGTH (flash5)
                0x00000000                        __flash5_end__ = (__flash5_base__ + __flash5_size__)
                0x00000000                        __flash6_base__ = ORIGIN (flash6)
                0x00000000                        __flash6_size__ = LENGTH (flash6)
                0x00000000                        __flash6_end__ = (__flash6_base__ + __flash6_size__)
                0x00000000                        __flash7_base__ = ORIGIN (flash7)
                0x00000000                        __flash7_size__ = LENGTH (flash7)
                0x00000000                        __flash7_end__ = (__flash7_base__ + __flash7_size__)

.ram0_init      0x20001288        0x0 load address 0x08002b1c
                0x08002b1c                        __ram0_init_text__ = LOADADDR (.ram0_init)
                0x20001288                        __ram0_init__ = .
 *(.ram0_init)
 *(.ram0_init.*)
                0x20001288                        . = ALIGN (0x4)

.ram0           0x20001288        0x0 load address 0x08002b1c
                0x20001288                        __ram0_clear__ = .
 *(.ram0_clear)
 *(.ram0_clear.*)
                0x20001288                        . = ALIGN (0x4)
                0x20001288                        __ram0_noinit__ = .
 *(.ram0)
 *(.ram0.*)
                0x20001288                        . = ALIGN (0x4)
                0x20001288                        __ram0_free__ = .

.ram1_init      0x00000000        0x0 load address 0x08002b1c
                0x08002b1c                        __ram1_init_text__ = LOADADDR (.ram1_init)
                0x00000000                        __ram1_init__ = .
 *(.ram1_init)
 *(.ram1_init.*)
                0x00000000                        . = ALIGN (0x4)

.ram1           0x00000000        0x0 load address 0x08002b1c
                0x00000000                        __ram1_clear__ = .
 *(.ram1_clear)
 *(.ram1_clear.*)
                0x00000000                        . = ALIGN (0x4)
                0x00000000                        __ram1_noinit__ = .
 *(.ram1)
 *(.ram1.*)
                0x00000000                        . = ALIGN (0x4)
                0x00000000                        __ram1_free__ = .

.ram2_init      0x00000000        0x0 load address 0x08002b1c
                0x08002b1c                        __ram2_init_text__ = LOADADDR (.ram2_init)
                0x00000000                        __ram2_init__ = .
 *(.ram2_init)
 *(.ram2_init.*)
                0x00000000                        . = ALIGN (0x4)

.ram2           0x00000000        0x0 load address 0x08002b1c
                0x00000000                        __ram2_clear__ = .
 *(.ram2_clear)
 *(.ram2_clear.*)
                0x00000000                        . = ALIGN (0x4)
                0x00000000                        __ram2_noinit__ = .
 *(.ram2)
 *(.ram2.*)
                0x00000000                        . = ALIGN (0x4)
                0x00000000                        __ram2_free__ = .

.ram3_init      0x00000000        0x0 load address 0x08002b1c
                0x08002b1c                        __ram3_init_text__ = LOADADDR (.ram3_init)
                0x00000000                        __ram3_init__ = .
 *(.ram3_init)
 *(.ram3_init.*)
                0x00000000                        . = ALIGN (0x4)

.ram3           0x00000000        0x0 load address 0x08002b1c
                0x00000000                        __ram3_clear__ = .
 *(.ram3_clear)
 *(.ram3_clear.*)
                0x00000000                        . = ALIGN (0x4)
                0x00000000                        __ram3_noinit__ = .
 *(.ram3)
 *(.ram3.*)
                0x00000000                        . = ALIGN (0x4)
                0x00000000                        __ram3_free__ = .

.ram4_init      0x00000000        0x0 load address 0x08002b1c
                0x08002b1c                        __ram4_init_text__ = LOADADDR (.ram4_init)
                0x00000000                        __ram4_init__ = .
 *(.ram4_init)
 *(.ram4_init.*)
                0x00000000                        . = ALIGN (0x4)

.ram4           0x00000000        0x0 load address 0x08002b1c
                0x00000000                        __ram4_clear__ = .
 *(.ram4_clear)
 *(.ram4_clear.*)
                0x00000000                        . = ALIGN (0x4)
                0x00000000                        __ram4_noinit__ = .
 *(.ram4)
 *(.ram4.*)
                0x00000000                        . = ALIGN (0x4)
                0x00000000                        __ram4_free__ = .

.ram5_init      0x00000000        0x0 load address 0x08002b1c
                0x08002b1c                        __ram5_init_text__ = LOADADDR (.ram5_init)
                0x00000000                        __ram5_init__ = .
 *(.ram5_init)
 *(.ram5_init.*)
                0x00000000                        . = ALIGN (0x4)

.ram5           0x00000000        0x0 load address 0x08002b1c
                0x00000000                        __ram5_clear__ = .
 *(.ram5_clear)
 *(.ram5_clear.*)
                0x00000000                        . = ALIGN (0x4)
                0x00000000                        __ram5_noinit__ = .
 *(.ram5)
 *(.ram5.*)
                0x00000000                        . = ALIGN (0x4)
                0x00000000                        __ram5_free__ = .

.ram6_init      0x00000000        0x0 load address 0x08002b1c
                0x08002b1c                        __ram6_init_text__ = LOADADDR (.ram6_init)
                0x00000000                        __ram6_init__ = .
 *(.ram6_init)
 *(.ram6_init.*)
                0x00000000                        . = ALIGN (0x4)

.ram6           0x00000000        0x0 load address 0x08002b1c
                0x00000000                        __ram6_clear__ = .
 *(.ram6_clear)
 *(.ram6_clear.*)
                0x00000000                        . = ALIGN (0x4)
                0x00000000                        __ram6_noinit__ = .
 *(.ram6)
 *(.ram6.*)
                0x00000000                        . = ALIGN (0x4)
                0x00000000                        __ram6_free__ = .

.ram7_init      0x00000000        0x0 load address 0x08002b1c
                0x08002b1c                        __ram7_init_text__ = LOADADDR (.ram7_init)
                0x00000000                        __ram7_init__ = .
 *(.ram7_init)
 *(.ram7_init.*)
                0x00000000                        . = ALIGN (0x4)

.ram7           0x00000000        0x0 load address 0x08002b1c
                0x00000000                        __ram7_clear__ = .
 *(.ram7_clear)
 *(.ram7_clear.*)
                0x00000000                        . = ALIGN (0x4)
                0x00000000                        __ram7_noinit__ = .
 *(.ram7)
 *(.ram7.*)
                0x00000000                        . = ALIGN (0x4)
                0x00000000                        __ram7_free__ = .

.flash0         0x08002b1c        0x0
                0x08002b1c                        __flash0_init__ = .
 *(.flash0_init)
 *(.flash0_init.*)
                0x08002b1c                        __flash0_free__ = .

.flash1         0x00000000        0x0
                0x00000000                        __flash1_init__ = .
 *(.flash1_init)
 *(.flash1_init.*)
                0x00000000                        __flash1_free__ = .

.flash2         0x00000000        0x0
                0x00000000                        __flash2_init__ = .
 *(.flash2_init)
 *(.flash2_init.*)
                0x00000000                        __flash2_free__ = .

.flash3         0x00000000        0x0
                0x00000000                        __flash3_init__ = .
 *(.flash3_init)
 *(.flash3_init.*)
                0x00000000                        __flash3_free__ = .

.flash4         0x00000000        0x0
                0x00000000                        __flash4_init__ = .
 *(.flash4_init)
 *(.flash4_init.*)
                0x00000000                        __flash4_free__ = .

.flash5         0x00000000        0x0
                0x00000000                        __flash5_init__ = .
 *(.flash5_init)
 *(.flash5_init.*)
                0x00000000                        __flash5_free__ = .

.flash6         0x00000000        0x0
                0x00000000                        __flash6_init__ = .
 *(.flash6_init)
 *(.flash6_init.*)
                0x00000000                        __flash6_free__ = .

.flash7         0x00000000        0x0
                0x00000000                        __flash7_init__ = .
 *(.flash7_init)
 *(.flash7_init.*)
                0x00000000                        __flash7_free__ = .

.heap           0x20001288     0x3d78
                0x20001288                        . = ALIGN (0x8)
                0x20001288                        __heap_base__ = .
                0x20005000                        . = (ORIGIN (HEAP_RAM) + LENGTH (HEAP_RAM))
 *fill*         0x20001288     0x3d78 
                0x20005000                        __heap_end__ = .
                0x00000400                        __process_stack_size__ = 0x400
                0x00000400                        __main_stack_size__ = 0x400
START GROUP
LOAD C:/msys64/mingw64/bin/../lib/gcc/arm-none-eabi/13.3.0/thumb/v7-m/nofp\libgcc.a
LOAD C:/msys64/mingw64/bin/../lib/gcc/arm-none-eabi/13.3.0/../../../../arm-none-eabi/lib/thumb/v7-m/nofp\libg.a
LOAD C:/msys64/mingw64/bin/../lib/gcc/arm-none-eabi/13.3.0/../../../../arm-none-eabi/lib/thumb/v7-m/nofp\libc.a
END GROUP
OUTPUT(build/canboard.elf elf32-littlearm)
LOAD linker stubs

.ARM.attributes
                0x00000000       0x2f
 .ARM.attributes
                0x00000000       0x21 ./build/obj/crt0_v7m.o
 .ARM.attributes
                0x00000021       0x21 ./build/obj/vectors.o
 .ARM.attributes
                0x00000042       0x21 ./build/obj/chcoreasm_v7m.o
 .ARM.attributes
                0x00000063       0x2b C:\Users\denes\AppData\Local\Temp\ccOifcKW.ltrans0.ltrans.o
 .ARM.attributes
                0x0000008e       0x2d C:/msys64/mingw64/bin/../lib/gcc/arm-none-eabi/13.3.0/../../../../arm-none-eabi/lib/thumb/v7-m/nofp\libg.a(libc_a-memset.o)
 .ARM.attributes
                0x000000bb       0x1b C:/msys64/mingw64/bin/../lib/gcc/arm-none-eabi/13.3.0/../../../../arm-none-eabi/lib/thumb/v7-m/nofp\libg.a(libc_a-memcpy.o)

.comment        0x00000000       0x24
 .comment       0x00000000       0x24 C:\Users\denes\AppData\Local\Temp\ccOifcKW.ltrans0.ltrans.o
                                 0x13 (size before relaxing)
 .comment       0x00000024       0x13 C:/msys64/mingw64/bin/../lib/gcc/arm-none-eabi/13.3.0/../../../../arm-none-eabi/lib/thumb/v7-m/nofp\libg.a(libc_a-memset.o)

.debug_line     0x00000000     0x8cee
 .debug_line    0x00000000       0xa4 ./build/obj/crt0_v7m.o
 .debug_line    0x000000a4       0x4f ./build/obj/vectors.o
 .debug_line    0x000000f3       0x62 ./build/obj/chcoreasm_v7m.o
 .debug_line    0x00000155     0x71b0 C:\Users\denes\AppData\Local\Temp\ccOifcKW.ltrans0.ltrans.o
 .debug_line    0x00007305       0x4c C:\Users\denes\AppData\Local\Temp\cciyIXGR.debug.temp.o
 .debug_line    0x00007351       0x8d C:\Users\denes\AppData\Local\Temp\ccWv4sdU.debug.temp.o
 .debug_line    0x000073de       0x63 C:\Users\denes\AppData\Local\Temp\cciaTLGW.debug.temp.o
 .debug_line    0x00007441       0xad C:\Users\denes\AppData\Local\Temp\ccI1AU21.debug.temp.o
 .debug_line    0x000074ee       0xce C:\Users\denes\AppData\Local\Temp\cceBVwya.debug.temp.o
 .debug_line    0x000075bc       0xc1 C:\Users\denes\AppData\Local\Temp\cc80nszd.debug.temp.o
 .debug_line    0x0000767d       0xca C:\Users\denes\AppData\Local\Temp\ccyQ6ptj.debug.temp.o
 .debug_line    0x00007747       0xe0 C:\Users\denes\AppData\Local\Temp\ccKB1Crl.debug.temp.o
 .debug_line    0x00007827       0x55 C:\Users\denes\AppData\Local\Temp\cc8eXhmn.debug.temp.o
 .debug_line    0x0000787c       0xb1 C:\Users\denes\AppData\Local\Temp\cc2qY8vp.debug.temp.o
 .debug_line    0x0000792d       0x68 C:\Users\denes\AppData\Local\Temp\ccEDGhBr.debug.temp.o
 .debug_line    0x00007995       0xc5 C:\Users\denes\AppData\Local\Temp\cc0OlNUv.debug.temp.o
 .debug_line    0x00007a5a       0xc6 C:\Users\denes\AppData\Local\Temp\ccqzG36x.debug.temp.o
 .debug_line    0x00007b20       0x87 C:\Users\denes\AppData\Local\Temp\cck5XrwA.debug.temp.o
 .debug_line    0x00007ba7       0x8d C:\Users\denes\AppData\Local\Temp\ccMgGxUC.debug.temp.o
 .debug_line    0x00007c34       0xdc C:\Users\denes\AppData\Local\Temp\ccUty3kE.debug.temp.o
 .debug_line    0x00007d10       0x87 C:\Users\denes\AppData\Local\Temp\ccUUrBGF.debug.temp.o
 .debug_line    0x00007d97       0xcf C:\Users\denes\AppData\Local\Temp\ccE9avZG.debug.temp.o
 .debug_line    0x00007e66       0x5e C:\Users\denes\AppData\Local\Temp\ccCf8lvI.debug.temp.o
 .debug_line    0x00007ec4       0xcd C:\Users\denes\AppData\Local\Temp\ccICP3EL.debug.temp.o
 .debug_line    0x00007f91       0xa2 C:\Users\denes\AppData\Local\Temp\ccC0FkYQ.debug.temp.o
 .debug_line    0x00008033       0x9d C:\Users\denes\AppData\Local\Temp\ccYuFDJS.debug.temp.o
 .debug_line    0x000080d0       0xc3 C:\Users\denes\AppData\Local\Temp\ccuwpBfY.debug.temp.o
 .debug_line    0x00008193       0x93 C:\Users\denes\AppData\Local\Temp\cci7yrI3.debug.temp.o
 .debug_line    0x00008226       0xb4 C:\Users\denes\AppData\Local\Temp\cc0CLBo9.debug.temp.o
 .debug_line    0x000082da       0x9d C:\Users\denes\AppData\Local\Temp\cc8i4Vyk.debug.temp.o
 .debug_line    0x00008377       0x9d C:\Users\denes\AppData\Local\Temp\ccG4Ed4v.debug.temp.o
 .debug_line    0x00008414       0x79 C:\Users\denes\AppData\Local\Temp\ccWwbuCS.debug.temp.o
 .debug_line    0x0000848d       0x97 C:\Users\denes\AppData\Local\Temp\ccgCYyqX.debug.temp.o
 .debug_line    0x00008524       0x9b C:\Users\denes\AppData\Local\Temp\cc0YPIs2.debug.temp.o
 .debug_line    0x000085bf       0xb9 C:\Users\denes\AppData\Local\Temp\ccyync7m.debug.temp.o
 .debug_line    0x00008678       0x71 C:\Users\denes\AppData\Local\Temp\ccMZQ8Fx.debug.temp.o
 .debug_line    0x000086e9       0xd2 C:\Users\denes\AppData\Local\Temp\ccsatlQH.debug.temp.o
 .debug_line    0x000087bb       0xc3 C:\Users\denes\AppData\Local\Temp\cciaxe3L.debug.temp.o
 .debug_line    0x0000887e       0xa2 C:\Users\denes\AppData\Local\Temp\ccyX9hdQ.debug.temp.o
 .debug_line    0x00008920       0xa2 C:\Users\denes\AppData\Local\Temp\ccYXQPiU.debug.temp.o
 .debug_line    0x000089c2       0xa2 C:\Users\denes\AppData\Local\Temp\ccksyd71.debug.temp.o
 .debug_line    0x00008a64      0x1cd C:/msys64/mingw64/bin/../lib/gcc/arm-none-eabi/13.3.0/../../../../arm-none-eabi/lib/thumb/v7-m/nofp\libg.a(libc_a-memset.o)
 .debug_line    0x00008c31       0xbd C:/msys64/mingw64/bin/../lib/gcc/arm-none-eabi/13.3.0/../../../../arm-none-eabi/lib/thumb/v7-m/nofp\libg.a(libc_a-memcpy.o)

.debug_line_str
                0x00000000      0xbdc
 .debug_line_str
                0x00000000      0xbdc ./build/obj/crt0_v7m.o
                                 0x65 (size before relaxing)
 .debug_line_str
                0x00000bdc       0x64 ./build/obj/vectors.o
 .debug_line_str
                0x00000bdc       0x68 ./build/obj/chcoreasm_v7m.o
 .debug_line_str
                0x00000bdc      0x10e C:\Users\denes\AppData\Local\Temp\cciyIXGR.debug.temp.o
 .debug_line_str
                0x00000bdc      0x1d6 C:\Users\denes\AppData\Local\Temp\ccWv4sdU.debug.temp.o
 .debug_line_str
                0x00000bdc      0x137 C:\Users\denes\AppData\Local\Temp\cciaTLGW.debug.temp.o
 .debug_line_str
                0x00000bdc      0x288 C:\Users\denes\AppData\Local\Temp\ccI1AU21.debug.temp.o
 .debug_line_str
                0x00000bdc      0x2fc C:\Users\denes\AppData\Local\Temp\cceBVwya.debug.temp.o
 .debug_line_str
                0x00000bdc      0x296 C:\Users\denes\AppData\Local\Temp\cc80nszd.debug.temp.o
 .debug_line_str
                0x00000bdc      0x2e5 C:\Users\denes\AppData\Local\Temp\ccyQ6ptj.debug.temp.o
 .debug_line_str
                0x00000bdc      0x361 C:\Users\denes\AppData\Local\Temp\ccKB1Crl.debug.temp.o
 .debug_line_str
                0x00000bdc      0x12e C:\Users\denes\AppData\Local\Temp\cc8eXhmn.debug.temp.o
 .debug_line_str
                0x00000bdc      0x2bc C:\Users\denes\AppData\Local\Temp\cc2qY8vp.debug.temp.o
 .debug_line_str
                0x00000bdc      0x181 C:\Users\denes\AppData\Local\Temp\ccEDGhBr.debug.temp.o
 .debug_line_str
                0x00000bdc      0x2fa C:\Users\denes\AppData\Local\Temp\cc0OlNUv.debug.temp.o
 .debug_line_str
                0x00000bdc      0x2c7 C:\Users\denes\AppData\Local\Temp\ccqzG36x.debug.temp.o
 .debug_line_str
                0x00000bdc      0x210 C:\Users\denes\AppData\Local\Temp\cck5XrwA.debug.temp.o
 .debug_line_str
                0x00000bdc      0x205 C:\Users\denes\AppData\Local\Temp\ccMgGxUC.debug.temp.o
 .debug_line_str
                0x00000bdc      0x364 C:\Users\denes\AppData\Local\Temp\ccUty3kE.debug.temp.o
 .debug_line_str
                0x00000bdc      0x212 C:\Users\denes\AppData\Local\Temp\ccUUrBGF.debug.temp.o
 .debug_line_str
                0x00000bdc      0x318 C:\Users\denes\AppData\Local\Temp\ccE9avZG.debug.temp.o
 .debug_line_str
                0x00000bdc      0x169 C:\Users\denes\AppData\Local\Temp\ccCf8lvI.debug.temp.o
 .debug_line_str
                0x00000bdc      0x28a C:\Users\denes\AppData\Local\Temp\ccICP3EL.debug.temp.o
 .debug_line_str
                0x00000bdc      0x1ed C:\Users\denes\AppData\Local\Temp\ccC0FkYQ.debug.temp.o
 .debug_line_str
                0x00000bdc      0x1e2 C:\Users\denes\AppData\Local\Temp\ccYuFDJS.debug.temp.o
 .debug_line_str
                0x00000bdc      0x282 C:\Users\denes\AppData\Local\Temp\ccuwpBfY.debug.temp.o
 .debug_line_str
                0x00000bdc      0x1ce C:\Users\denes\AppData\Local\Temp\cci7yrI3.debug.temp.o
 .debug_line_str
                0x00000bdc      0x26d C:\Users\denes\AppData\Local\Temp\cc0CLBo9.debug.temp.o
 .debug_line_str
                0x00000bdc      0x1e5 C:\Users\denes\AppData\Local\Temp\cc8i4Vyk.debug.temp.o
 .debug_line_str
                0x00000bdc      0x1ea C:\Users\denes\AppData\Local\Temp\ccG4Ed4v.debug.temp.o
 .debug_line_str
                0x00000bdc      0x1cc C:\Users\denes\AppData\Local\Temp\ccWwbuCS.debug.temp.o
 .debug_line_str
                0x00000bdc      0x20a C:\Users\denes\AppData\Local\Temp\ccgCYyqX.debug.temp.o
 .debug_line_str
                0x00000bdc      0x236 C:\Users\denes\AppData\Local\Temp\cc0YPIs2.debug.temp.o
 .debug_line_str
                0x00000bdc      0x274 C:\Users\denes\AppData\Local\Temp\ccyync7m.debug.temp.o
 .debug_line_str
                0x00000bdc      0x19b C:\Users\denes\AppData\Local\Temp\ccMZQ8Fx.debug.temp.o
 .debug_line_str
                0x00000bdc      0x27f C:\Users\denes\AppData\Local\Temp\ccsatlQH.debug.temp.o
 .debug_line_str
                0x00000bdc      0x265 C:\Users\denes\AppData\Local\Temp\cciaxe3L.debug.temp.o
 .debug_line_str
                0x00000bdc      0x1f2 C:\Users\denes\AppData\Local\Temp\ccyX9hdQ.debug.temp.o
 .debug_line_str
                0x00000bdc      0x1f2 C:\Users\denes\AppData\Local\Temp\ccYXQPiU.debug.temp.o
 .debug_line_str
                0x00000bdc      0x1f6 C:\Users\denes\AppData\Local\Temp\ccksyd71.debug.temp.o
 .debug_line_str
                0x00000bdc       0x87 C:/msys64/mingw64/bin/../lib/gcc/arm-none-eabi/13.3.0/../../../../arm-none-eabi/lib/thumb/v7-m/nofp\libg.a(libc_a-memcpy.o)

.debug_info     0x00000000    0x1f4f4
 .debug_info    0x00000000       0x25 ./build/obj/crt0_v7m.o
 .debug_info    0x00000025       0x24 ./build/obj/vectors.o
 .debug_info    0x00000049       0x24 ./build/obj/chcoreasm_v7m.o
 .debug_info    0x0000006d     0xa152 C:\Users\denes\AppData\Local\Temp\ccOifcKW.ltrans0.ltrans.o
 .debug_info    0x0000a1bf      0x296 C:\Users\denes\AppData\Local\Temp\cciyIXGR.debug.temp.o
                0x0000a1bf                crt1.c.c9773146
 .debug_info    0x0000a455      0x182 C:\Users\denes\AppData\Local\Temp\ccWv4sdU.debug.temp.o
                0x0000a455                hal.c.2da73da5
 .debug_info    0x0000a5d7      0x2fa C:\Users\denes\AppData\Local\Temp\cciaTLGW.debug.temp.o
                0x0000a5d7                hal_st.c.fef72aa2
 .debug_info    0x0000a8d1      0x837 C:\Users\denes\AppData\Local\Temp\ccI1AU21.debug.temp.o
                0x0000a8d1                hal_queues.c.577c9409
 .debug_info    0x0000b108      0xd6a C:\Users\denes\AppData\Local\Temp\cceBVwya.debug.temp.o
                0x0000b108                hal_adc.c.42dd2104
 .debug_info    0x0000be72      0xfb7 C:\Users\denes\AppData\Local\Temp\cc80nszd.debug.temp.o
                0x0000be72                hal_can.c.0bbd4c38
 .debug_info    0x0000ce29      0xf7c C:\Users\denes\AppData\Local\Temp\ccyQ6ptj.debug.temp.o
                0x0000ce29                hal_serial.c.7247549b
 .debug_info    0x0000dda5      0xe24 C:\Users\denes\AppData\Local\Temp\ccKB1Crl.debug.temp.o
                0x0000dda5                hal_spi.c.3678c202
 .debug_info    0x0000ebc9      0x3e1 C:\Users\denes\AppData\Local\Temp\cc8eXhmn.debug.temp.o
                0x0000ebc9                nvic.c.3932b7ff
 .debug_info    0x0000efaa      0x496 C:\Users\denes\AppData\Local\Temp\cc2qY8vp.debug.temp.o
                0x0000efaa                stm32_isr.c.fe66df43
 .debug_info    0x0000f440      0x202 C:\Users\denes\AppData\Local\Temp\ccEDGhBr.debug.temp.o
                0x0000f440                hal_lld.c.b1a17341
 .debug_info    0x0000f642      0xbaa C:\Users\denes\AppData\Local\Temp\cc0OlNUv.debug.temp.o
                0x0000f642                hal_adc_lld.c.f7e10bdd
 .debug_info    0x000101ec     0x10ac C:\Users\denes\AppData\Local\Temp\ccqzG36x.debug.temp.o
                0x000101ec                hal_can_lld.c.7ecbeff9
 .debug_info    0x00011298      0x58d C:\Users\denes\AppData\Local\Temp\cck5XrwA.debug.temp.o
                0x00011298                stm32_dma.c.0faca184
 .debug_info    0x00011825      0x6aa C:\Users\denes\AppData\Local\Temp\ccMgGxUC.debug.temp.o
                0x00011825                hal_pal_lld.c.1b785e8c
 .debug_info    0x00011ecf      0xc75 C:\Users\denes\AppData\Local\Temp\ccUty3kE.debug.temp.o
                0x00011ecf                hal_spi_lld.c.b5b98e25
 .debug_info    0x00012b44      0x38e C:\Users\denes\AppData\Local\Temp\ccUUrBGF.debug.temp.o
                0x00012b44                hal_st_lld.c.101e31f9
 .debug_info    0x00012ed2      0xca4 C:\Users\denes\AppData\Local\Temp\ccE9avZG.debug.temp.o
                0x00012ed2                hal_serial_lld.c.b01ed5e2
 .debug_info    0x00013b76      0x140 C:\Users\denes\AppData\Local\Temp\ccCf8lvI.debug.temp.o
                0x00013b76                board.c.aa89af55
 .debug_info    0x00013cb6      0xcf2 C:\Users\denes\AppData\Local\Temp\ccICP3EL.debug.temp.o
                0x00013cb6                chsys.c.261e479d
 .debug_info    0x000149a8      0xc18 C:\Users\denes\AppData\Local\Temp\ccC0FkYQ.debug.temp.o
                0x000149a8                chvt.c.6c00777c
 .debug_info    0x000155c0      0xa32 C:\Users\denes\AppData\Local\Temp\ccYuFDJS.debug.temp.o
                0x000155c0                chschd.c.117f22de
 .debug_info    0x00015ff2     0x100d C:\Users\denes\AppData\Local\Temp\ccuwpBfY.debug.temp.o
                0x00015ff2                chthreads.c.52ad3637
 .debug_info    0x00016fff      0x91a C:\Users\denes\AppData\Local\Temp\cci7yrI3.debug.temp.o
                0x00016fff                chtm.c.404dcdc5
 .debug_info    0x00017919      0x923 C:\Users\denes\AppData\Local\Temp\cc0CLBo9.debug.temp.o
                0x00017919                chregistry.c.e2d9c795
 .debug_info    0x0001823c      0x9cc C:\Users\denes\AppData\Local\Temp\cc8i4Vyk.debug.temp.o
                0x0001823c                chmtx.c.01aa9b8f
 .debug_info    0x00018c08      0xbca C:\Users\denes\AppData\Local\Temp\ccG4Ed4v.debug.temp.o
                0x00018c08                chevents.c.64f45715
 .debug_info    0x000197d2      0x2ce C:\Users\denes\AppData\Local\Temp\ccWwbuCS.debug.temp.o
                0x000197d2                chmemcore.c.ee208866
 .debug_info    0x00019aa0      0x7b4 C:\Users\denes\AppData\Local\Temp\ccgCYyqX.debug.temp.o
                0x00019aa0                chmemheaps.c.a46b5b0a
 .debug_info    0x0001a254      0x5ad C:\Users\denes\AppData\Local\Temp\cc0YPIs2.debug.temp.o
                0x0001a254                chmempools.c.0f9a52fc
 .debug_info    0x0001a801     0x1254 C:\Users\denes\AppData\Local\Temp\ccyync7m.debug.temp.o
                0x0001a801                chfactory.c.45ae353d
 .debug_info    0x0001ba55      0x868 C:\Users\denes\AppData\Local\Temp\ccMZQ8Fx.debug.temp.o
                0x0001ba55                chcore_v7m.c.59c0e302
 .debug_info    0x0001c2bd      0xa34 C:\Users\denes\AppData\Local\Temp\ccsatlQH.debug.temp.o
                0x0001c2bd                main.cpp.c92a68f3
 .debug_info    0x0001ccf1      0xfb5 C:\Users\denes\AppData\Local\Temp\cciaxe3L.debug.temp.o
                0x0001ccf1                can.cpp.b86bb92f
 .debug_info    0x0001dca6      0x7a2 C:\Users\denes\AppData\Local\Temp\ccyX9hdQ.debug.temp.o
                0x0001dca6                adc.cpp.dd0a17b0
 .debug_info    0x0001e448      0x7a2 C:\Users\denes\AppData\Local\Temp\ccYXQPiU.debug.temp.o
                0x0001e448                out.cpp.ce2dda3a
 .debug_info    0x0001ebea      0x7a2 C:\Users\denes\AppData\Local\Temp\ccksyd71.debug.temp.o
                0x0001ebea                digital.cpp.40eded62
 .debug_info    0x0001f38c      0x135 C:/msys64/mingw64/bin/../lib/gcc/arm-none-eabi/13.3.0/../../../../arm-none-eabi/lib/thumb/v7-m/nofp\libg.a(libc_a-memset.o)
 .debug_info    0x0001f4c1       0x33 C:/msys64/mingw64/bin/../lib/gcc/arm-none-eabi/13.3.0/../../../../arm-none-eabi/lib/thumb/v7-m/nofp\libg.a(libc_a-memcpy.o)

.debug_abbrev   0x00000000     0x5137
 .debug_abbrev  0x00000000       0x14 ./build/obj/crt0_v7m.o
 .debug_abbrev  0x00000014       0x14 ./build/obj/vectors.o
 .debug_abbrev  0x00000028       0x14 ./build/obj/chcoreasm_v7m.o
 .debug_abbrev  0x0000003c      0x2e2 C:\Users\denes\AppData\Local\Temp\ccOifcKW.ltrans0.ltrans.o
 .debug_abbrev  0x0000031e       0xec C:\Users\denes\AppData\Local\Temp\cciyIXGR.debug.temp.o
 .debug_abbrev  0x0000040a       0xf3 C:\Users\denes\AppData\Local\Temp\ccWv4sdU.debug.temp.o
 .debug_abbrev  0x000004fd      0x15c C:\Users\denes\AppData\Local\Temp\cciaTLGW.debug.temp.o
 .debug_abbrev  0x00000659      0x1f7 C:\Users\denes\AppData\Local\Temp\ccI1AU21.debug.temp.o
 .debug_abbrev  0x00000850      0x280 C:\Users\denes\AppData\Local\Temp\cceBVwya.debug.temp.o
 .debug_abbrev  0x00000ad0      0x33f C:\Users\denes\AppData\Local\Temp\cc80nszd.debug.temp.o
 .debug_abbrev  0x00000e0f      0x296 C:\Users\denes\AppData\Local\Temp\ccyQ6ptj.debug.temp.o
 .debug_abbrev  0x000010a5      0x25f C:\Users\denes\AppData\Local\Temp\ccKB1Crl.debug.temp.o
 .debug_abbrev  0x00001304      0x127 C:\Users\denes\AppData\Local\Temp\cc8eXhmn.debug.temp.o
 .debug_abbrev  0x0000142b      0x1e2 C:\Users\denes\AppData\Local\Temp\cc2qY8vp.debug.temp.o
 .debug_abbrev  0x0000160d       0xda C:\Users\denes\AppData\Local\Temp\ccEDGhBr.debug.temp.o
 .debug_abbrev  0x000016e7      0x26f C:\Users\denes\AppData\Local\Temp\cc0OlNUv.debug.temp.o
 .debug_abbrev  0x00001956      0x34d C:\Users\denes\AppData\Local\Temp\ccqzG36x.debug.temp.o
 .debug_abbrev  0x00001ca3      0x1bd C:\Users\denes\AppData\Local\Temp\cck5XrwA.debug.temp.o
 .debug_abbrev  0x00001e60      0x1fd C:\Users\denes\AppData\Local\Temp\ccMgGxUC.debug.temp.o
 .debug_abbrev  0x0000205d      0x26a C:\Users\denes\AppData\Local\Temp\ccUty3kE.debug.temp.o
 .debug_abbrev  0x000022c7      0x138 C:\Users\denes\AppData\Local\Temp\ccUUrBGF.debug.temp.o
 .debug_abbrev  0x000023ff      0x28e C:\Users\denes\AppData\Local\Temp\ccE9avZG.debug.temp.o
 .debug_abbrev  0x0000268d       0xb9 C:\Users\denes\AppData\Local\Temp\ccCf8lvI.debug.temp.o
 .debug_abbrev  0x00002746      0x328 C:\Users\denes\AppData\Local\Temp\ccICP3EL.debug.temp.o
 .debug_abbrev  0x00002a6e      0x2c2 C:\Users\denes\AppData\Local\Temp\ccC0FkYQ.debug.temp.o
 .debug_abbrev  0x00002d30      0x2c7 C:\Users\denes\AppData\Local\Temp\ccYuFDJS.debug.temp.o
 .debug_abbrev  0x00002ff7      0x304 C:\Users\denes\AppData\Local\Temp\ccuwpBfY.debug.temp.o
 .debug_abbrev  0x000032fb      0x196 C:\Users\denes\AppData\Local\Temp\cci7yrI3.debug.temp.o
 .debug_abbrev  0x00003491      0x238 C:\Users\denes\AppData\Local\Temp\cc0CLBo9.debug.temp.o
 .debug_abbrev  0x000036c9      0x29b C:\Users\denes\AppData\Local\Temp\cc8i4Vyk.debug.temp.o
 .debug_abbrev  0x00003964      0x293 C:\Users\denes\AppData\Local\Temp\ccG4Ed4v.debug.temp.o
 .debug_abbrev  0x00003bf7      0x15d C:\Users\denes\AppData\Local\Temp\ccWwbuCS.debug.temp.o
 .debug_abbrev  0x00003d54      0x244 C:\Users\denes\AppData\Local\Temp\ccgCYyqX.debug.temp.o
 .debug_abbrev  0x00003f98      0x206 C:\Users\denes\AppData\Local\Temp\cc0YPIs2.debug.temp.o
 .debug_abbrev  0x0000419e      0x275 C:\Users\denes\AppData\Local\Temp\ccyync7m.debug.temp.o
 .debug_abbrev  0x00004413      0x1f9 C:\Users\denes\AppData\Local\Temp\ccMZQ8Fx.debug.temp.o
 .debug_abbrev  0x0000460c      0x1a3 C:\Users\denes\AppData\Local\Temp\ccsatlQH.debug.temp.o
 .debug_abbrev  0x000047af      0x312 C:\Users\denes\AppData\Local\Temp\cciaxe3L.debug.temp.o
 .debug_abbrev  0x00004ac1      0x1dd C:\Users\denes\AppData\Local\Temp\ccyX9hdQ.debug.temp.o
 .debug_abbrev  0x00004c9e      0x1dd C:\Users\denes\AppData\Local\Temp\ccYXQPiU.debug.temp.o
 .debug_abbrev  0x00004e7b      0x1dd C:\Users\denes\AppData\Local\Temp\ccksyd71.debug.temp.o
 .debug_abbrev  0x00005058       0xb7 C:/msys64/mingw64/bin/../lib/gcc/arm-none-eabi/13.3.0/../../../../arm-none-eabi/lib/thumb/v7-m/nofp\libg.a(libc_a-memset.o)
 .debug_abbrev  0x0000510f       0x28 C:/msys64/mingw64/bin/../lib/gcc/arm-none-eabi/13.3.0/../../../../arm-none-eabi/lib/thumb/v7-m/nofp\libg.a(libc_a-memcpy.o)

.debug_aranges  0x00000000      0x2a8
 .debug_aranges
                0x00000000       0x20 ./build/obj/crt0_v7m.o
 .debug_aranges
                0x00000020       0x20 ./build/obj/vectors.o
 .debug_aranges
                0x00000040       0x20 ./build/obj/chcoreasm_v7m.o
 .debug_aranges
                0x00000060      0x208 C:\Users\denes\AppData\Local\Temp\ccOifcKW.ltrans0.ltrans.o
 .debug_aranges
                0x00000268       0x20 C:/msys64/mingw64/bin/../lib/gcc/arm-none-eabi/13.3.0/../../../../arm-none-eabi/lib/thumb/v7-m/nofp\libg.a(libc_a-memset.o)
 .debug_aranges
                0x00000288       0x20 C:/msys64/mingw64/bin/../lib/gcc/arm-none-eabi/13.3.0/../../../../arm-none-eabi/lib/thumb/v7-m/nofp\libg.a(libc_a-memcpy.o)

.debug_str      0x00000000     0x3e6b
 .debug_str     0x00000000     0x3e6b ./build/obj/crt0_v7m.o
                                 0x71 (size before relaxing)
 .debug_str     0x00003e6b       0x70 ./build/obj/vectors.o
 .debug_str     0x00003e6b       0x74 ./build/obj/chcoreasm_v7m.o
 .debug_str     0x00003e6b      0x1ba C:\Users\denes\AppData\Local\Temp\ccOifcKW.ltrans0.ltrans.o
 .debug_str     0x00003e6b      0x456 C:\Users\denes\AppData\Local\Temp\cciyIXGR.debug.temp.o
 .debug_str     0x00003e6b      0x26f C:\Users\denes\AppData\Local\Temp\ccWv4sdU.debug.temp.o
 .debug_str     0x00003e6b      0x2fe C:\Users\denes\AppData\Local\Temp\cciaTLGW.debug.temp.o
 .debug_str     0x00003e6b      0x4b3 C:\Users\denes\AppData\Local\Temp\ccI1AU21.debug.temp.o
 .debug_str     0x00003e6b      0x834 C:\Users\denes\AppData\Local\Temp\cceBVwya.debug.temp.o
 .debug_str     0x00003e6b      0x873 C:\Users\denes\AppData\Local\Temp\cc80nszd.debug.temp.o
 .debug_str     0x00003e6b      0x7c6 C:\Users\denes\AppData\Local\Temp\ccyQ6ptj.debug.temp.o
 .debug_str     0x00003e6b      0x7f3 C:\Users\denes\AppData\Local\Temp\ccKB1Crl.debug.temp.o
 .debug_str     0x00003e6b      0x301 C:\Users\denes\AppData\Local\Temp\cc8eXhmn.debug.temp.o
 .debug_str     0x00003e6b      0x6a2 C:\Users\denes\AppData\Local\Temp\cc2qY8vp.debug.temp.o
 .debug_str     0x00003e6b      0x2a3 C:\Users\denes\AppData\Local\Temp\ccEDGhBr.debug.temp.o
 .debug_str     0x00003e6b      0x7e8 C:\Users\denes\AppData\Local\Temp\cc0OlNUv.debug.temp.o
 .debug_str     0x00003e6b      0x973 C:\Users\denes\AppData\Local\Temp\ccqzG36x.debug.temp.o
 .debug_str     0x00003e6b      0x442 C:\Users\denes\AppData\Local\Temp\cck5XrwA.debug.temp.o
 .debug_str     0x00003e6b      0x4a6 C:\Users\denes\AppData\Local\Temp\ccMgGxUC.debug.temp.o
 .debug_str     0x00003e6b      0x7bf C:\Users\denes\AppData\Local\Temp\ccUty3kE.debug.temp.o
 .debug_str     0x00003e6b      0x386 C:\Users\denes\AppData\Local\Temp\ccUUrBGF.debug.temp.o
 .debug_str     0x00003e6b      0x787 C:\Users\denes\AppData\Local\Temp\ccE9avZG.debug.temp.o
 .debug_str     0x00003e6b      0x254 C:\Users\denes\AppData\Local\Temp\ccCf8lvI.debug.temp.o
 .debug_str     0x00003e6b      0x93f C:\Users\denes\AppData\Local\Temp\ccICP3EL.debug.temp.o
 .debug_str     0x00003e6b      0x74b C:\Users\denes\AppData\Local\Temp\ccC0FkYQ.debug.temp.o
 .debug_str     0x00003e6b      0x722 C:\Users\denes\AppData\Local\Temp\ccYuFDJS.debug.temp.o
 .debug_str     0x00003e6b      0x921 C:\Users\denes\AppData\Local\Temp\ccuwpBfY.debug.temp.o
 .debug_str     0x00003e6b      0x63e C:\Users\denes\AppData\Local\Temp\cci7yrI3.debug.temp.o
 .debug_str     0x00003e6b      0x67e C:\Users\denes\AppData\Local\Temp\cc0CLBo9.debug.temp.o
 .debug_str     0x00003e6b      0x63c C:\Users\denes\AppData\Local\Temp\cc8i4Vyk.debug.temp.o
 .debug_str     0x00003e6b      0x739 C:\Users\denes\AppData\Local\Temp\ccG4Ed4v.debug.temp.o
 .debug_str     0x00003e6b      0x2f3 C:\Users\denes\AppData\Local\Temp\ccWwbuCS.debug.temp.o
 .debug_str     0x00003e6b      0x4e3 C:\Users\denes\AppData\Local\Temp\ccgCYyqX.debug.temp.o
 .debug_str     0x00003e6b      0x448 C:\Users\denes\AppData\Local\Temp\cc0YPIs2.debug.temp.o
 .debug_str     0x00003e6b      0xa6a C:\Users\denes\AppData\Local\Temp\ccyync7m.debug.temp.o
 .debug_str     0x00003e6b      0x7e4 C:\Users\denes\AppData\Local\Temp\ccMZQ8Fx.debug.temp.o
 .debug_str     0x00003e6b      0x6df C:\Users\denes\AppData\Local\Temp\ccsatlQH.debug.temp.o
 .debug_str     0x00003e6b      0x9e8 C:\Users\denes\AppData\Local\Temp\cciaxe3L.debug.temp.o
 .debug_str     0x00003e6b      0x638 C:\Users\denes\AppData\Local\Temp\ccyX9hdQ.debug.temp.o
 .debug_str     0x00003e6b      0x638 C:\Users\denes\AppData\Local\Temp\ccYXQPiU.debug.temp.o
 .debug_str     0x00003e6b      0x64c C:\Users\denes\AppData\Local\Temp\ccksyd71.debug.temp.o
 .debug_str     0x00003e6b      0x18e C:/msys64/mingw64/bin/../lib/gcc/arm-none-eabi/13.3.0/../../../../arm-none-eabi/lib/thumb/v7-m/nofp\libg.a(libc_a-memset.o)
 .debug_str     0x00003e6b       0x9a C:/msys64/mingw64/bin/../lib/gcc/arm-none-eabi/13.3.0/../../../../arm-none-eabi/lib/thumb/v7-m/nofp\libg.a(libc_a-memcpy.o)

.debug_loclists
                0x00000000     0x4a92
 .debug_loclists
                0x00000000     0x48c7 C:\Users\denes\AppData\Local\Temp\ccOifcKW.ltrans0.ltrans.o
 .debug_loclists
                0x000048c7      0x1cb C:/msys64/mingw64/bin/../lib/gcc/arm-none-eabi/13.3.0/../../../../arm-none-eabi/lib/thumb/v7-m/nofp\libg.a(libc_a-memset.o)

.debug_rnglists
                0x00000000     0x160b
 .debug_rnglists
                0x00000000     0x160b C:\Users\denes\AppData\Local\Temp\ccOifcKW.ltrans0.ltrans.o

.debug_frame    0x00000000      0x750
 .debug_frame   0x00000000      0x724 C:\Users\denes\AppData\Local\Temp\ccOifcKW.ltrans0.ltrans.o
 .debug_frame   0x00000724       0x2c C:/msys64/mingw64/bin/../lib/gcc/arm-none-eabi/13.3.0/../../../../arm-none-eabi/lib/thumb/v7-m/nofp\libg.a(libc_a-memset.o)

Cross Reference Table

Symbol                                            File
ADCD1                                             ./build/obj/hal_adc_lld.o (symbol from plugin)
BusFault_Handler                                  ./build/obj/vectors.o
CAND1                                             ./build/obj/hal_can_lld.o (symbol from plugin)
                                                  ./build/obj/can.o (symbol from plugin)
DebugMon_Handler                                  ./build/obj/vectors.o
HardFault_Handler                                 ./build/obj/vectors.o
MemManage_Handler                                 ./build/obj/vectors.o
NMI_Handler                                       ./build/obj/vectors.o
PendSV_Handler                                    ./build/obj/vectors.o
Reset_Handler                                     ./build/obj/vectors.o
SD1                                               ./build/obj/hal_serial_lld.o (symbol from plugin)
                                                  ./build/obj/main.o (symbol from plugin)
SPID2                                             ./build/obj/hal_spi_lld.o (symbol from plugin)
SVC_Handler                                       C:\Users\denes\AppData\Local\Temp\ccOifcKW.ltrans0.ltrans.o
                                                  ./build/obj/chcore_v7m.o (symbol from plugin)
                                                  ./build/obj/vectors.o
SysTick_Handler                                   ./build/obj/vectors.o
SystemCoreClock                                   ./build/obj/hal_lld.o (symbol from plugin)
UsageFault_Handler                                ./build/obj/vectors.o
Vector100                                         ./build/obj/vectors.o
Vector104                                         ./build/obj/vectors.o
Vector108                                         ./build/obj/vectors.o
Vector10C                                         ./build/obj/vectors.o
Vector110                                         ./build/obj/vectors.o
Vector114                                         ./build/obj/vectors.o
Vector118                                         ./build/obj/vectors.o
Vector11C                                         ./build/obj/vectors.o
Vector120                                         ./build/obj/vectors.o
Vector124                                         ./build/obj/vectors.o
Vector128                                         ./build/obj/vectors.o
Vector12C                                         ./build/obj/vectors.o
Vector130                                         ./build/obj/vectors.o
Vector134                                         ./build/obj/vectors.o
Vector138                                         ./build/obj/vectors.o
Vector13C                                         ./build/obj/vectors.o
Vector140                                         ./build/obj/vectors.o
Vector144                                         ./build/obj/vectors.o
Vector148                                         ./build/obj/vectors.o
Vector14C                                         ./build/obj/vectors.o
Vector150                                         ./build/obj/vectors.o
Vector154                                         ./build/obj/vectors.o
Vector158                                         ./build/obj/vectors.o
Vector15C                                         ./build/obj/vectors.o
Vector1C                                          ./build/obj/vectors.o
Vector20                                          ./build/obj/vectors.o
Vector24                                          ./build/obj/vectors.o
Vector28                                          ./build/obj/vectors.o
Vector34                                          ./build/obj/vectors.o
Vector40                                          ./build/obj/vectors.o
Vector44                                          ./build/obj/vectors.o
Vector48                                          ./build/obj/vectors.o
Vector4C                                          ./build/obj/vectors.o
Vector50                                          ./build/obj/vectors.o
Vector54                                          ./build/obj/vectors.o
Vector58                                          C:\Users\denes\AppData\Local\Temp\ccOifcKW.ltrans0.ltrans.o
                                                  ./build/obj/stm32_isr.o (symbol from plugin)
                                                  ./build/obj/vectors.o
Vector5C                                          C:\Users\denes\AppData\Local\Temp\ccOifcKW.ltrans0.ltrans.o
                                                  ./build/obj/stm32_isr.o (symbol from plugin)
                                                  ./build/obj/vectors.o
Vector60                                          C:\Users\denes\AppData\Local\Temp\ccOifcKW.ltrans0.ltrans.o
                                                  ./build/obj/stm32_isr.o (symbol from plugin)
                                                  ./build/obj/vectors.o
Vector64                                          C:\Users\denes\AppData\Local\Temp\ccOifcKW.ltrans0.ltrans.o
                                                  ./build/obj/stm32_isr.o (symbol from plugin)
                                                  ./build/obj/vectors.o
Vector68                                          C:\Users\denes\AppData\Local\Temp\ccOifcKW.ltrans0.ltrans.o
                                                  ./build/obj/stm32_isr.o (symbol from plugin)
                                                  ./build/obj/vectors.o
Vector6C                                          C:\Users\denes\AppData\Local\Temp\ccOifcKW.ltrans0.ltrans.o
                                                  ./build/obj/stm32_dma.o (symbol from plugin)
                                                  ./build/obj/vectors.o
Vector70                                          C:\Users\denes\AppData\Local\Temp\ccOifcKW.ltrans0.ltrans.o
                                                  ./build/obj/stm32_dma.o (symbol from plugin)
                                                  ./build/obj/vectors.o
Vector74                                          C:\Users\denes\AppData\Local\Temp\ccOifcKW.ltrans0.ltrans.o
                                                  ./build/obj/stm32_dma.o (symbol from plugin)
                                                  ./build/obj/vectors.o
Vector78                                          C:\Users\denes\AppData\Local\Temp\ccOifcKW.ltrans0.ltrans.o
                                                  ./build/obj/stm32_dma.o (symbol from plugin)
                                                  ./build/obj/vectors.o
Vector7C                                          C:\Users\denes\AppData\Local\Temp\ccOifcKW.ltrans0.ltrans.o
                                                  ./build/obj/stm32_dma.o (symbol from plugin)
                                                  ./build/obj/vectors.o
Vector80                                          C:\Users\denes\AppData\Local\Temp\ccOifcKW.ltrans0.ltrans.o
                                                  ./build/obj/stm32_dma.o (symbol from plugin)
                                                  ./build/obj/vectors.o
Vector84                                          C:\Users\denes\AppData\Local\Temp\ccOifcKW.ltrans0.ltrans.o
                                                  ./build/obj/stm32_dma.o (symbol from plugin)
                                                  ./build/obj/vectors.o
Vector88                                          ./build/obj/vectors.o
Vector8C                                          C:\Users\denes\AppData\Local\Temp\ccOifcKW.ltrans0.ltrans.o
                                                  ./build/obj/hal_can_lld.o (symbol from plugin)
                                                  ./build/obj/vectors.o
Vector90                                          C:\Users\denes\AppData\Local\Temp\ccOifcKW.ltrans0.ltrans.o
                                                  ./build/obj/hal_can_lld.o (symbol from plugin)
                                                  ./build/obj/vectors.o
Vector94                                          C:\Users\denes\AppData\Local\Temp\ccOifcKW.ltrans0.ltrans.o
                                                  ./build/obj/hal_can_lld.o (symbol from plugin)
                                                  ./build/obj/vectors.o
Vector98                                          C:\Users\denes\AppData\Local\Temp\ccOifcKW.ltrans0.ltrans.o
                                                  ./build/obj/hal_can_lld.o (symbol from plugin)
                                                  ./build/obj/vectors.o
Vector9C                                          C:\Users\denes\AppData\Local\Temp\ccOifcKW.ltrans0.ltrans.o
                                                  ./build/obj/stm32_isr.o (symbol from plugin)
                                                  ./build/obj/vectors.o
VectorA0                                          ./build/obj/vectors.o
VectorA4                                          ./build/obj/vectors.o
VectorA8                                          ./build/obj/vectors.o
VectorAC                                          ./build/obj/vectors.o
VectorB0                                          C:\Users\denes\AppData\Local\Temp\ccOifcKW.ltrans0.ltrans.o
                                                  ./build/obj/hal_st_lld.o (symbol from plugin)
                                                  ./build/obj/vectors.o
VectorB4                                          ./build/obj/vectors.o
VectorB8                                          ./build/obj/vectors.o
VectorBC                                          ./build/obj/vectors.o
VectorC0                                          ./build/obj/vectors.o
VectorC4                                          ./build/obj/vectors.o
VectorC8                                          ./build/obj/vectors.o
VectorCC                                          ./build/obj/vectors.o
VectorD0                                          ./build/obj/vectors.o
VectorD4                                          C:\Users\denes\AppData\Local\Temp\ccOifcKW.ltrans0.ltrans.o
                                                  ./build/obj/hal_serial_lld.o (symbol from plugin)
                                                  ./build/obj/vectors.o
VectorD8                                          ./build/obj/vectors.o
VectorDC                                          ./build/obj/vectors.o
VectorE0                                          C:\Users\denes\AppData\Local\Temp\ccOifcKW.ltrans0.ltrans.o
                                                  ./build/obj/stm32_isr.o (symbol from plugin)
                                                  ./build/obj/vectors.o
VectorE4                                          ./build/obj/vectors.o
VectorE8                                          ./build/obj/vectors.o
VectorEC                                          ./build/obj/vectors.o
VectorF0                                          ./build/obj/vectors.o
VectorF4                                          ./build/obj/vectors.o
VectorF8                                          ./build/obj/vectors.o
VectorFC                                          ./build/obj/vectors.o
__bss_base__                                      ./build/obj/ch_test.o (symbol from plugin)
                                                  ./build/obj/crt0_v7m.o
__bss_end__                                       ./build/obj/ch_test.o (symbol from plugin)
                                                  ./build/obj/crt0_v7m.o
__ch_delegate_fn0                                 ./build/obj/chdelegates.o (symbol from plugin)
__ch_delegate_fn1                                 ./build/obj/chdelegates.o (symbol from plugin)
__ch_delegate_fn2                                 ./build/obj/chdelegates.o (symbol from plugin)
__ch_delegate_fn3                                 ./build/obj/chdelegates.o (symbol from plugin)
__ch_delegate_fn4                                 ./build/obj/chdelegates.o (symbol from plugin)
__core_init                                       C:\Users\denes\AppData\Local\Temp\ccOifcKW.ltrans0.ltrans.o
                                                  ./build/obj/crt1.o (symbol from plugin)
                                                  ./build/obj/crt0_v7m.o
__data_base__                                     ./build/obj/ch_test.o (symbol from plugin)
                                                  ./build/obj/crt0_v7m.o
__data_end__                                      ./build/obj/ch_test.o (symbol from plugin)
                                                  ./build/obj/crt0_v7m.o
__default_exit                                    C:\Users\denes\AppData\Local\Temp\ccOifcKW.ltrans0.ltrans.o
                                                  ./build/obj/crt1.o (symbol from plugin)
                                                  ./build/obj/crt0_v7m.o
__early_init                                      C:\Users\denes\AppData\Local\Temp\ccOifcKW.ltrans0.ltrans.o
                                                  ./build/obj/board.o (symbol from plugin)
                                                  ./build/obj/crt1.o (symbol from plugin)
                                                  ./build/obj/crt0_v7m.o
__fini_array_base__                               ./build/obj/crt0_v7m.o
__fini_array_end__                                ./build/obj/crt0_v7m.o
__heap_base__                                     C:\Users\denes\AppData\Local\Temp\ccOifcKW.ltrans0.ltrans.o
                                                  ./build/obj/chmemcore.o (symbol from plugin)
__heap_end__                                      C:\Users\denes\AppData\Local\Temp\ccOifcKW.ltrans0.ltrans.o
                                                  ./build/obj/chmemcore.o (symbol from plugin)
__init_array_base__                               ./build/obj/crt0_v7m.o
__init_array_end__                                ./build/obj/crt0_v7m.o
__init_ram_areas                                  C:\Users\denes\AppData\Local\Temp\ccOifcKW.ltrans0.ltrans.o
                                                  ./build/obj/crt1.o (symbol from plugin)
                                                  ./build/obj/crt0_v7m.o
__late_init                                       C:\Users\denes\AppData\Local\Temp\ccOifcKW.ltrans0.ltrans.o
                                                  ./build/obj/crt1.o (symbol from plugin)
                                                  ./build/obj/crt0_v7m.o
__main_stack_base__                               ./build/obj/crt0_v7m.o
__main_stack_end__                                ./build/obj/vectors.o
                                                  ./build/obj/crt0_v7m.o
__process_stack_base__                            ./build/obj/crt0_v7m.o
__process_stack_end__                             ./build/obj/crt0_v7m.o
__ram0_clear__                                    C:\Users\denes\AppData\Local\Temp\ccOifcKW.ltrans0.ltrans.o
                                                  ./build/obj/crt1.o (symbol from plugin)
__ram0_init__                                     C:\Users\denes\AppData\Local\Temp\ccOifcKW.ltrans0.ltrans.o
                                                  ./build/obj/crt1.o (symbol from plugin)
__ram0_init_text__                                C:\Users\denes\AppData\Local\Temp\ccOifcKW.ltrans0.ltrans.o
                                                  ./build/obj/crt1.o (symbol from plugin)
__ram0_noinit__                                   C:\Users\denes\AppData\Local\Temp\ccOifcKW.ltrans0.ltrans.o
                                                  ./build/obj/crt1.o (symbol from plugin)
__ram1_clear__                                    C:\Users\denes\AppData\Local\Temp\ccOifcKW.ltrans0.ltrans.o
                                                  ./build/obj/crt1.o (symbol from plugin)
__ram1_init__                                     C:\Users\denes\AppData\Local\Temp\ccOifcKW.ltrans0.ltrans.o
                                                  ./build/obj/crt1.o (symbol from plugin)
__ram1_init_text__                                C:\Users\denes\AppData\Local\Temp\ccOifcKW.ltrans0.ltrans.o
                                                  ./build/obj/crt1.o (symbol from plugin)
__ram1_noinit__                                   C:\Users\denes\AppData\Local\Temp\ccOifcKW.ltrans0.ltrans.o
                                                  ./build/obj/crt1.o (symbol from plugin)
__ram2_clear__                                    C:\Users\denes\AppData\Local\Temp\ccOifcKW.ltrans0.ltrans.o
                                                  ./build/obj/crt1.o (symbol from plugin)
__ram2_init__                                     C:\Users\denes\AppData\Local\Temp\ccOifcKW.ltrans0.ltrans.o
                                                  ./build/obj/crt1.o (symbol from plugin)
__ram2_init_text__                                C:\Users\denes\AppData\Local\Temp\ccOifcKW.ltrans0.ltrans.o
                                                  ./build/obj/crt1.o (symbol from plugin)
__ram2_noinit__                                   C:\Users\denes\AppData\Local\Temp\ccOifcKW.ltrans0.ltrans.o
                                                  ./build/obj/crt1.o (symbol from plugin)
__ram3_clear__                                    C:\Users\denes\AppData\Local\Temp\ccOifcKW.ltrans0.ltrans.o
                                                  ./build/obj/crt1.o (symbol from plugin)
__ram3_init__                                     C:\Users\denes\AppData\Local\Temp\ccOifcKW.ltrans0.ltrans.o
                                                  ./build/obj/crt1.o (symbol from plugin)
__ram3_init_text__                                C:\Users\denes\AppData\Local\Temp\ccOifcKW.ltrans0.ltrans.o
                                                  ./build/obj/crt1.o (symbol from plugin)
__ram3_noinit__                                   C:\Users\denes\AppData\Local\Temp\ccOifcKW.ltrans0.ltrans.o
                                                  ./build/obj/crt1.o (symbol from plugin)
__ram4_clear__                                    C:\Users\denes\AppData\Local\Temp\ccOifcKW.ltrans0.ltrans.o
                                                  ./build/obj/crt1.o (symbol from plugin)
__ram4_init__                                     C:\Users\denes\AppData\Local\Temp\ccOifcKW.ltrans0.ltrans.o
                                                  ./build/obj/crt1.o (symbol from plugin)
__ram4_init_text__                                C:\Users\denes\AppData\Local\Temp\ccOifcKW.ltrans0.ltrans.o
                                                  ./build/obj/crt1.o (symbol from plugin)
__ram4_noinit__                                   C:\Users\denes\AppData\Local\Temp\ccOifcKW.ltrans0.ltrans.o
                                                  ./build/obj/crt1.o (symbol from plugin)
__ram5_clear__                                    C:\Users\denes\AppData\Local\Temp\ccOifcKW.ltrans0.ltrans.o
                                                  ./build/obj/crt1.o (symbol from plugin)
__ram5_init__                                     C:\Users\denes\AppData\Local\Temp\ccOifcKW.ltrans0.ltrans.o
                                                  ./build/obj/crt1.o (symbol from plugin)
__ram5_init_text__                                C:\Users\denes\AppData\Local\Temp\ccOifcKW.ltrans0.ltrans.o
                                                  ./build/obj/crt1.o (symbol from plugin)
__ram5_noinit__                                   C:\Users\denes\AppData\Local\Temp\ccOifcKW.ltrans0.ltrans.o
                                                  ./build/obj/crt1.o (symbol from plugin)
__ram6_clear__                                    C:\Users\denes\AppData\Local\Temp\ccOifcKW.ltrans0.ltrans.o
                                                  ./build/obj/crt1.o (symbol from plugin)
__ram6_init__                                     C:\Users\denes\AppData\Local\Temp\ccOifcKW.ltrans0.ltrans.o
                                                  ./build/obj/crt1.o (symbol from plugin)
__ram6_init_text__                                C:\Users\denes\AppData\Local\Temp\ccOifcKW.ltrans0.ltrans.o
                                                  ./build/obj/crt1.o (symbol from plugin)
__ram6_noinit__                                   C:\Users\denes\AppData\Local\Temp\ccOifcKW.ltrans0.ltrans.o
                                                  ./build/obj/crt1.o (symbol from plugin)
__ram7_clear__                                    C:\Users\denes\AppData\Local\Temp\ccOifcKW.ltrans0.ltrans.o
                                                  ./build/obj/crt1.o (symbol from plugin)
__ram7_init__                                     C:\Users\denes\AppData\Local\Temp\ccOifcKW.ltrans0.ltrans.o
                                                  ./build/obj/crt1.o (symbol from plugin)
__ram7_init_text__                                C:\Users\denes\AppData\Local\Temp\ccOifcKW.ltrans0.ltrans.o
                                                  ./build/obj/crt1.o (symbol from plugin)
__ram7_noinit__                                   C:\Users\denes\AppData\Local\Temp\ccOifcKW.ltrans0.ltrans.o
                                                  ./build/obj/crt1.o (symbol from plugin)
__rodata_base__                                   ./build/obj/ch_test.o (symbol from plugin)
__rodata_end__                                    ./build/obj/ch_test.o (symbol from plugin)
__text_base__                                     ./build/obj/ch_test.o (symbol from plugin)
__text_end__                                      ./build/obj/ch_test.o (symbol from plugin)
__textdata_base__                                 ./build/obj/crt0_v7m.o
_core_init                                        ./build/obj/chmemcore.o (symbol from plugin)
                                                  ./build/obj/chsys.o (symbol from plugin)
_crt0_entry                                       ./build/obj/crt0_v7m.o
                                                  ./build/obj/vectors.o
_factory_init                                     ./build/obj/chfactory.o (symbol from plugin)
                                                  ./build/obj/chsys.o (symbol from plugin)
_heap_init                                        ./build/obj/chmemheaps.o (symbol from plugin)
                                                  ./build/obj/chsys.o (symbol from plugin)
_pal_events                                       ./build/obj/hal_pal_lld.o (symbol from plugin)
                                                  ./build/obj/stm32_isr.o (symbol from plugin)
                                                  ./build/obj/hal_pal.o (symbol from plugin)
_pal_lld_disablepadevent                          ./build/obj/hal_pal_lld.o (symbol from plugin)
_pal_lld_enablepadevent                           ./build/obj/hal_pal_lld.o (symbol from plugin)
_pal_lld_init                                     ./build/obj/hal_pal_lld.o (symbol from plugin)
                                                  ./build/obj/hal.o (symbol from plugin)
_pal_lld_setgroupmode                             ./build/obj/hal_pal_lld.o (symbol from plugin)
                                                  ./build/obj/hal_pal.o (symbol from plugin)
_port_exit_from_isr                               ./build/obj/chcoreasm_v7m.o
                                                  C:\Users\denes\AppData\Local\Temp\ccOifcKW.ltrans0.ltrans.o
                                                  ./build/obj/chcore_v7m.o (symbol from plugin)
_port_irq_epilogue                                ./build/obj/chcore_v7m.o (symbol from plugin)
                                                  ./build/obj/hal_serial_lld.o (symbol from plugin)
                                                  ./build/obj/hal_st_lld.o (symbol from plugin)
                                                  ./build/obj/stm32_dma.o (symbol from plugin)
                                                  ./build/obj/hal_can_lld.o (symbol from plugin)
                                                  ./build/obj/stm32_isr.o (symbol from plugin)
_port_switch                                      ./build/obj/chcoreasm_v7m.o
                                                  C:\Users\denes\AppData\Local\Temp\ccOifcKW.ltrans0.ltrans.o
                                                  ./build/obj/chschd.o (symbol from plugin)
_port_switch_from_isr                             ./build/obj/chcoreasm_v7m.o
                                                  C:\Users\denes\AppData\Local\Temp\ccOifcKW.ltrans0.ltrans.o
                                                  ./build/obj/chcore_v7m.o (symbol from plugin)
_port_thread_start                                ./build/obj/chcoreasm_v7m.o