Archive member included to satisfy reference by file (symbol)

C:/msys64/mingw64/bin/../lib/gcc/arm-none-eabi/13.3.0/../../../../arm-none-eabi/lib/thumb/v7-m/nofp\libg.a(libc_a-memset.o)
                              C:\Users\denes\AppData\Local\Temp\ccUVYlKI.ltrans0.ltrans.o (memset)
C:/msys64/mingw64/bin/../lib/gcc/arm-none-eabi/13.3.0/../../../../arm-none-eabi/lib/thumb/v7-m/nofp\libg.a(libc_a-memcpy.o)
                              C:\Users\denes\AppData\Local\Temp\ccUVYlKI.ltrans0.ltrans.o (memcpy)

Discarded input sections

 .data          0x00000000        0x0 ./build/obj/crt0_v7m.o
 .bss           0x00000000        0x0 ./build/obj/crt0_v7m.o
 .data          0x00000000        0x0 ./build/obj/vectors.o
 .bss           0x00000000        0x0 ./build/obj/vectors.o
 .data          0x00000000        0x0 ./build/obj/chcoreasm_v7m.o
 .bss           0x00000000        0x0 ./build/obj/chcoreasm_v7m.o
 .text          0x00000000        0x0 C:\Users\denes\AppData\Local\Temp\ccUVYlKI.ltrans0.ltrans.o
 .data          0x00000000        0x0 C:\Users\denes\AppData\Local\Temp\ccUVYlKI.ltrans0.ltrans.o
 .bss           0x00000000        0x0 C:\Users\denes\AppData\Local\Temp\ccUVYlKI.ltrans0.ltrans.o
 .comment       0x00000000       0x13 C:\Users\denes\AppData\Local\Temp\ccqo5xer.debug.temp.o
 .comment       0x00000000       0x13 C:\Users\denes\AppData\Local\Temp\ccIbsDWS.debug.temp.o
 .comment       0x00000000       0x13 C:\Users\denes\AppData\Local\Temp\ccyKqiVk.debug.temp.o
 .debug_info    0x00000000      0x952 C:\Users\denes\AppData\Local\Temp\cckbypPM.debug.temp.o
 .debug_abbrev  0x00000000      0x1f4 C:\Users\denes\AppData\Local\Temp\cckbypPM.debug.temp.o
 .debug_line    0x00000000       0xad C:\Users\denes\AppData\Local\Temp\cckbypPM.debug.temp.o
 .debug_str     0x00000000      0x5c5 C:\Users\denes\AppData\Local\Temp\cckbypPM.debug.temp.o
 .debug_line_str
                0x00000000      0x28b C:\Users\denes\AppData\Local\Temp\cckbypPM.debug.temp.o
 .comment       0x00000000       0x13 C:\Users\denes\AppData\Local\Temp\cckbypPM.debug.temp.o
 .comment       0x00000000       0x13 C:\Users\denes\AppData\Local\Temp\ccqELLWe.debug.temp.o
 .debug_info    0x00000000      0x49f C:\Users\denes\AppData\Local\Temp\ccm2Ad1G.debug.temp.o
 .debug_abbrev  0x00000000      0x15e C:\Users\denes\AppData\Local\Temp\ccm2Ad1G.debug.temp.o
 .debug_line    0x00000000       0x75 C:\Users\denes\AppData\Local\Temp\ccm2Ad1G.debug.temp.o
 .debug_str     0x00000000      0x4a4 C:\Users\denes\AppData\Local\Temp\ccm2Ad1G.debug.temp.o
 .debug_line_str
                0x00000000      0x190 C:\Users\denes\AppData\Local\Temp\ccm2Ad1G.debug.temp.o
 .comment       0x00000000       0x13 C:\Users\denes\AppData\Local\Temp\ccm2Ad1G.debug.temp.o
 .debug_info    0x00000000       0x7a C:\Users\denes\AppData\Local\Temp\cckTOI08.debug.temp.o
 .debug_abbrev  0x00000000       0x26 C:\Users\denes\AppData\Local\Temp\cckTOI08.debug.temp.o
 .debug_line    0x00000000       0x31 C:\Users\denes\AppData\Local\Temp\cckTOI08.debug.temp.o
 .debug_str     0x00000000      0x1b2 C:\Users\denes\AppData\Local\Temp\cckTOI08.debug.temp.o
 .debug_line_str
                0x00000000       0x4a C:\Users\denes\AppData\Local\Temp\cckTOI08.debug.temp.o
 .comment       0x00000000       0x13 C:\Users\denes\AppData\Local\Temp\cckTOI08.debug.temp.o
 .comment       0x00000000       0x13 C:\Users\denes\AppData\Local\Temp\cciYLt4z.debug.temp.o
 .comment       0x00000000       0x13 C:\Users\denes\AppData\Local\Temp\ccUVOe30.debug.temp.o
 .debug_info    0x00000000      0x575 C:\Users\denes\AppData\Local\Temp\ccorpPgs.debug.temp.o
 .debug_abbrev  0x00000000      0x20b C:\Users\denes\AppData\Local\Temp\ccorpPgs.debug.temp.o
 .debug_line    0x00000000       0xb6 C:\Users\denes\AppData\Local\Temp\ccorpPgs.debug.temp.o
 .debug_str     0x00000000      0x42b C:\Users\denes\AppData\Local\Temp\ccorpPgs.debug.temp.o
 .debug_line_str
                0x00000000      0x2a4 C:\Users\denes\AppData\Local\Temp\ccorpPgs.debug.temp.o
 .comment       0x00000000       0x13 C:\Users\denes\AppData\Local\Temp\ccorpPgs.debug.temp.o
 .comment       0x00000000       0x13 C:\Users\denes\AppData\Local\Temp\cc4IR2pT.debug.temp.o
 .comment       0x00000000       0x13 C:\Users\denes\AppData\Local\Temp\ccI96GNk.debug.temp.o
 .comment       0x00000000       0x13 C:\Users\denes\AppData\Local\Temp\ccQLEJ6L.debug.temp.o
 .comment       0x00000000       0x13 C:\Users\denes\AppData\Local\Temp\ccyWE6md.debug.temp.o
 .comment       0x00000000       0x13 C:\Users\denes\AppData\Local\Temp\ccc1SfQE.debug.temp.o
 .debug_info    0x00000000       0x7a C:\Users\denes\AppData\Local\Temp\ccgzr5h6.debug.temp.o
 .debug_abbrev  0x00000000       0x26 C:\Users\denes\AppData\Local\Temp\ccgzr5h6.debug.temp.o
 .debug_line    0x00000000       0x31 C:\Users\denes\AppData\Local\Temp\ccgzr5h6.debug.temp.o
 .debug_str     0x00000000      0x1c6 C:\Users\denes\AppData\Local\Temp\ccgzr5h6.debug.temp.o
 .debug_line_str
[...]
Memory Configuration

Name             Origin             Length             Attributes
flash0           0x08000000         0x00010000         xr
flash1           0x00000000         0x00000000         xr
flash2           0x00000000         0x00000000         xr
flash3           0x00000000         0x00000000         xr
flash4           0x00000000         0x00000000         xr
flash5           0x00000000         0x00000000         xr
flash6           0x00000000         0x00000000         xr
flash7           0x00000000         0x00000000         xr
ram0             0x20000000         0x00005000         xw
ram1             0x00000000         0x00000000         xw
ram2             0x00000000         0x00000000         xw
ram3             0x00000000         0x00000000         xw
ram4             0x00000000         0x00000000         xw
ram5             0x00000000         0x00000000         xw
ram6             0x00000000         0x00000000         xw
ram7             0x00000000         0x00000000         xw
*default*        0x00000000         0xffffffff

Linker script and memory map

LOAD ./build/obj/crt0_v7m.o
LOAD ./build/obj/vectors.o
LOAD ./build/obj/chcoreasm_v7m.o
LOAD ./build/obj/crt1.o
LOAD C:\Users\denes\AppData\Local\Temp\ccUVYlKI.ltrans0.ltrans.o
LOAD C:\Users\denes\AppData\Local\Temp\ccqo5xer.debug.temp.o
LOAD C:\Users\denes\AppData\Local\Temp\ccIbsDWS.debug.temp.o
LOAD C:\Users\denes\AppData\Local\Temp\ccyKqiVk.debug.temp.o
LOAD C:\Users\denes\AppData\Local\Temp\cckbypPM.debug.temp.o
LOAD C:\Users\denes\AppData\Local\Temp\ccqELLWe.debug.temp.o
LOAD C:\Users\denes\AppData\Local\Temp\ccm2Ad1G.debug.temp.o
LOAD C:\Users\denes\AppData\Local\Temp\cckTOI08.debug.temp.o
LOAD C:\Users\denes\AppData\Local\Temp\cciYLt4z.debug.temp.o
LOAD C:\Users\denes\AppData\Local\Temp\ccUVOe30.debug.temp.o
LOAD C:\Users\denes\AppData\Local\Temp\ccorpPgs.debug.temp.o
LOAD C:\Users\denes\AppData\Local\Temp\cc4IR2pT.debug.temp.o
LOAD C:\Users\denes\AppData\Local\Temp\ccI96GNk.debug.temp.o
LOAD C:\Users\denes\AppData\Local\Temp\ccQLEJ6L.debug.temp.o
LOAD C:\Users\denes\AppData\Local\Temp\ccyWE6md.debug.temp.o
LOAD C:\Users\denes\AppData\Local\Temp\ccc1SfQE.debug.temp.o
LOAD C:\Users\denes\AppData\Local\Temp\ccgzr5h6.debug.temp.o
LOAD C:\Users\denes\AppData\Local\Temp\ccUXh3Lw.debug.temp.o
LOAD C:\Users\denes\AppData\Local\Temp\ccWU7wbX.debug.temp.o
LOAD C:\Users\denes\AppData\Local\Temp\ccqgpEPn.debug.temp.o
LOAD C:\Users\denes\AppData\Local\Temp\ccUf9JqO.debug.temp.o
LOAD C:\Users\denes\AppData\Local\Temp\ccqKkaXe.debug.temp.o
LOAD C:\Users\denes\AppData\Local\Temp\ccUlgKHF.debug.temp.o
LOAD C:\Users\denes\AppData\Local\Temp\ccqU3en6.debug.temp.o
LOAD C:\Users\denes\AppData\Local\Temp\ccg1t7fx.debug.temp.o
LOAD C:\Users\denes\AppData\Local\Temp\ccUZe55X.debug.temp.o
LOAD C:\Users\denes\AppData\Local\Temp\ccsRBDYn.debug.temp.o
LOAD C:\Users\denes\AppData\Local\Temp\ccgHxENN.debug.temp.o
LOAD C:\Users\denes\AppData\Local\Temp\ccU7QgBd.debug.temp.o
LOAD C:\Users\denes\AppData\Local\Temp\ccQbImDD.debug.temp.o
LOAD C:\Users\denes\AppData\Local\Temp\ccaobFB3.debug.temp.o
LOAD C:\Users\denes\AppData\Local\Temp\ccWyIhPt.debug.temp.o
LOAD C:\Users\denes\AppData\Local\Temp\ccuOrVXT.debug.temp.o
LOAD C:\Users\denes\AppData\Local\Temp\ccohIR3j.debug.temp.o
LOAD C:\Users\denes\AppData\Local\Temp\cc2dmslK.debug.temp.o
LOAD C:\Users\denes\AppData\Local\Temp\ccIRVrme.debug.temp.o
LOAD C:\Users\denes\AppData\Local\Temp\ccuOjzkI.debug.temp.o
LOAD C:\Users\denes\AppData\Local\Temp\ccs35rec.debug.temp.o
LOAD C:\Users\denes\AppData\Local\Temp\cc4srRmG.debug.temp.o
LOAD C:\Users\denes\AppData\Local\Temp\ccWOisra.debug.temp.o
LOAD C:\Users\denes\AppData\Local\Temp\ccQV1CKE.debug.temp.o
LOAD C:\Users\denes\AppData\Local\Temp\ccUr7V08.debug.temp.o
LOAD C:\Users\denes\AppData\Local\Temp\ccIFTLdD.debug.temp.o
LOAD C:\Users\denes\AppData\Local\Temp\ccGUJKF7.debug.temp.o
LOAD C:\Users\denes\AppData\Local\Temp\cciu6j2B.debug.temp.o
LOAD C:\Users\denes\AppData\Local\Temp\ccMBCgt5.debug.temp.o
LOAD C:\Users\denes\AppData\Local\Temp\ccAPiXQy.debug.temp.o
LOAD C:\Users\denes\AppData\Local\Temp\ccsNZCb2.debug.temp.o
LOAD C:\Users\denes\AppData\Local\Temp\ccATwbLv.debug.temp.o
LOAD C:\Users\denes\AppData\Local\Temp\cc2Z4EgZ.debug.temp.o
LOAD C:\Users\denes\AppData\Local\Temp\cckbuBKs.debug.temp.o
LOAD C:\Users\denes\AppData\Local\Temp\cckXezrW.debug.temp.o
LOAD C:\Users\denes\AppData\Local\Temp\ccgbLF4p.debug.temp.o
LOAD C:\Users\denes\AppData\Local\Temp\cccJvgGT.debug.temp.o
LOAD C:\Users\denes\AppData\Local\Temp\ccsrycwn.debug.temp.o
LOAD C:\Users\denes\AppData\Local\Temp\cc4MvKiR.debug.temp.o
LOAD C:\Users\denes\AppData\Local\Temp\ccGSIG9j.debug.temp.o
LOAD C:\Users\denes\AppData\Local\Temp\ccW0g0WM.debug.temp.o
LOAD C:\Users\denes\AppData\Local\Temp\ccMbLvHf.debug.temp.o
LOAD C:\Users\denes\AppData\Local\Temp\cceOL1EI.debug.temp.o
LOAD C:\Users\denes\AppData\Local\Temp\ccQJZQyb.debug.temp.o
LOAD C:\Users\denes\AppData\Local\Temp\cck7BGGE.debug.temp.o
LOAD C:\Users\denes\AppData\Local\Temp\ccaOEnI7.debug.temp.o
LOAD C:\Users\denes\AppData\Local\Temp\cc4oZtZA.debug.temp.o
LOAD C:\Users\denes\AppData\Local\Temp\ccgloxb4.debug.temp.o
LOAD C:\Users\denes\AppData\Local\Temp\cceMCbmx.debug.temp.o
LOAD C:\Users\denes\AppData\Local\Temp\ccKedTAZ.debug.temp.o
LOAD C:\Users\denes\AppData\Local\Temp\ccK0h5Lr.debug.temp.o
LOAD C:\Users\denes\AppData\Local\Temp\ccyyAAaU.debug.temp.o
LOAD C:\Users\denes\AppData\Local\Temp\cciWYgum.debug.temp.o
LOAD C:\Users\denes\AppData\Local\Temp\cciYJY2O.debug.temp.o
LOAD C:\Users\denes\AppData\Local\Temp\ccE5PSxh.debug.temp.o
LOAD ./build/obj/hal.o
LOAD ./build/obj/hal_st.o
LOAD ./build/obj/hal_buffers.o
LOAD ./build/obj/hal_queues.o
LOAD ./build/obj/hal_flash.o
LOAD ./build/obj/hal_mmcsd.o
LOAD ./build/obj/hal_adc.o
LOAD ./build/obj/hal_can.o
LOAD ./build/obj/hal_pal.o
LOAD ./build/obj/hal_serial.o
LOAD ./build/obj/hal_spi.o
LOAD ./build/obj/nvic.o
LOAD ./build/obj/stm32_isr.o
LOAD ./build/obj/hal_lld.o
LOAD ./build/obj/hal_efl_lld.o
LOAD ./build/obj/hal_adc_lld.o
LOAD ./build/obj/hal_can_lld.o
LOAD ./build/obj/stm32_dma.o
LOAD ./build/obj/hal_pal_lld.o
LOAD ./build/obj/hal_spi_lld.o
LOAD ./build/obj/hal_st_lld.o
LOAD ./build/obj/hal_serial_lld.o
LOAD ./build/obj/board.o
LOAD ./build/obj/osal.o
LOAD ./build/obj/chsys.o
LOAD ./build/obj/chdebug.o
LOAD ./build/obj/chtrace.o
LOAD ./build/obj/chvt.o
LOAD ./build/obj/chschd.o
LOAD ./build/obj/chthreads.o
LOAD ./build/obj/chtm.o
LOAD ./build/obj/chregistry.o
LOAD ./build/obj/chsem.o
LOAD ./build/obj/chmtx.o
LOAD ./build/obj/chcond.o
LOAD ./build/obj/chevents.o
LOAD ./build/obj/chmsg.o
LOAD ./build/obj/chdynamic.o
LOAD ./build/obj/chmboxes.o
LOAD ./build/obj/chmemcore.o
LOAD ./build/obj/chmemheaps.o
LOAD ./build/obj/chmempools.o
LOAD ./build/obj/chpipes.o
LOAD ./build/obj/chobjcaches.o
LOAD ./build/obj/chdelegates.o
LOAD ./build/obj/chfactory.o
LOAD ./build/obj/chcore.o
LOAD ./build/obj/chcore_v7m.o
LOAD ./build/obj/chprintf.o
LOAD ./build/obj/memstreams.o
LOAD ./build/obj/nullstreams.o
LOAD ./build/obj/ch_test.o
LOAD ./build/obj/rt_test_root.o
LOAD ./build/obj/rt_test_sequence_001.o
LOAD ./build/obj/rt_test_sequence_002.o
LOAD ./build/obj/rt_test_sequence_003.o
LOAD ./build/obj/rt_test_sequence_004.o
LOAD ./build/obj/rt_test_sequence_005.o
LOAD ./build/obj/rt_test_sequence_006.o
LOAD ./build/obj/rt_test_sequence_007.o
LOAD ./build/obj/rt_test_sequence_008.o
LOAD ./build/obj/rt_test_sequence_009.o
LOAD ./build/obj/rt_test_sequence_010.o
LOAD ./build/obj/rt_test_sequence_011.o
LOAD ./build/obj/main.o
LOAD ./build/obj/can.o
LOAD ./build/obj/adc.o
LOAD ./build/obj/out.o
LOAD ./build/obj/digital.o
LOAD ./build/obj/spi.o

.mstack         0x20000000      0x400
                0x20000000                        . = ALIGN (0x8)
                0x20000000                        __main_stack_base__ = .
                0x20000400                        . = (. + __main_stack_size__)
 *fill*         0x20000000      0x400 
                0x20000400                        . = ALIGN (0x8)
                0x20000400                        __main_stack_end__ = .

.pstack         0x20000400      0x400
                0x20000400                        . = ALIGN (0x8)
                0x20000400                        __process_stack_base__ = .
                0x20000400                        __main_thread_stack_base__ = .
                0x20000800                        . = (. + __process_stack_size__)
 *fill*         0x20000400      0x400 
                0x20000800                        . = ALIGN (0x8)
                0x20000800                        __process_stack_end__ = .
                0x20000800                        __main_thread_stack_end__ = .

.vectors        0x08000000      0x160
 *(.vectors)
 .vectors       0x08000000      0x160 ./build/obj/vectors.o
                0x08000000                _vectors

.xtors          0x08000160        0x4
                0x08000160                        __init_array_base__ = .
 *(SORT_BY_NAME(.init_array.*))
 *(.init_array)
 .init_array    0x08000160        0x4 C:\Users\denes\AppData\Local\Temp\ccUVYlKI.ltrans0.ltrans.o
                0x08000164                        __init_array_end__ = .
                0x08000164                        __fini_array_base__ = .
 *(.fini_array)
 *(SORT_BY_NAME(.fini_array.*))
                0x08000164                        __fini_array_end__ = .

.text           0x08000170     0x33ac
                0x08000170                        __text_base__ = .
 *(.text)
 .text          0x08000170       0xd8 ./build/obj/crt0_v7m.o
                0x08000170                _crt0_entry
 .text          0x08000248        0x8 ./build/obj/vectors.o
                0x08000248                Reset_Handler
                0x0800024a                VectorAC
                0x0800024a                DebugMon_Handler
                0x0800024a                Vector11C
                0x0800024a                HardFault_Handler
                0x0800024a                SysTick_Handler
                0x0800024a                VectorDC
                0x0800024a                PendSV_Handler
                0x0800024a                NMI_Handler
                0x0800024a                Vector110
                0x0800024a                Vector120
                0x0800024a                VectorC8
                0x0800024a                VectorA8
                0x0800024a                VectorB4
                0x0800024a                UsageFault_Handler
                0x0800024a                VectorEC
                0x0800024a                Vector40
                0x0800024a                VectorF8
                0x0800024a                Vector108
                0x0800024a                VectorBC
                0x0800024a                Vector150
                0x0800024a                Vector124
                0x0800024a                Vector148
                0x0800024a                Vector118
                0x0800024a                VectorE8
                0x0800024a                VectorCC
                0x0800024a                Vector54
                0x0800024a                VectorD8
                0x0800024a                Vector138
                0x0800024a                Vector24
                0x0800024a                VectorD0
                0x0800024a                Vector140
                0x0800024a                VectorE4
                0x0800024a                VectorC0
                0x0800024a                Vector158
                0x0800024a                Vector130
                0x0800024a                Vector134
                0x0800024a                VectorF0
                0x0800024a                Vector12C
                0x0800024a                Vector13C
                0x0800024a                Vector100
                0x0800024a                VectorF4
                0x0800024a                MemManage_Handler
                0x0800024a                VectorA0
                0x0800024a                VectorC4
                0x0800024a                Vector114
                0x0800024a                Vector1C
                0x0800024a                Vector48
                0x0800024a                Vector4C
                0x0800024a                Vector144
                0x0800024a                Vector15C
                0x0800024a                VectorA4
                0x0800024a                Vector88
                0x0800024a                Vector104
                0x0800024a                Vector10C
                0x0800024a                Vector14C
                0x0800024a                BusFault_Handler
                0x0800024a                Vector50
                0x0800024a                Vector154
                0x0800024a                Vector44
                0x0800024a                Vector28
                0x0800024a                VectorB8
                0x0800024a                VectorFC
                0x0800024a                Vector34
                0x0800024a                Vector128
                0x0800024a                Vector20
                0x0800024e                _unhandled_exception
 .text          0x08000250       0x2a ./build/obj/chcoreasm_v7m.o
                0x08000250                _port_switch
                0x08000260                _port_thread_start
                0x08000272                _port_switch_from_isr
                0x08000276                _port_exit_from_isr
 *fill*         0x0800027a        0x2 
 .text          0x0800027c       0xa0 C:/msys64/mingw64/bin/../lib/gcc/arm-none-eabi/13.3.0/../../../../arm-none-eabi/lib/thumb/v7-m/nofp\libg.a(libc_a-memset.o)
                0x0800027c                memset
 .text          0x0800031c       0xec C:/msys64/mingw64/bin/../lib/gcc/arm-none-eabi/13.3.0/../../../../arm-none-eabi/lib/thumb/v7-m/nofp\libg.a(libc_a-memcpy.o)
                0x0800031c                memcpy
 *(.text.*)
 *fill*         0x08000408        0x8 
 .text._ctl     0x08000410        0x4 C:\Users\denes\AppData\Local\Temp\ccUVYlKI.ltrans0.ltrans.o
 *fill*         0x08000414        0xc 
 .text.adc_lld_serve_rx_interrupt
                0x08000420      0x11c C:\Users\denes\AppData\Local\Temp\ccUVYlKI.ltrans0.ltrans.o
 *fill*         0x0800053c        0x4 
 .text._port_irq_epilogue
                0x08000540       0x4c C:\Users\denes\AppData\Local\Temp\ccUVYlKI.ltrans0.ltrans.o
 *fill*         0x0800058c        0x4 
 .text.dmaStreamFreeI
                0x08000590       0x70 C:\Users\denes\AppData\Local\Temp\ccUVYlKI.ltrans0.ltrans.o
 .text.dmaStreamAllocI.part.0
                0x08000600       0xb0 C:\Users\denes\AppData\Local\Temp\ccUVYlKI.ltrans0.ltrans.o
 .text._pal_lld_setgroupmode
                0x080006b0       0x6c C:\Users\denes\AppData\Local\Temp\ccUVYlKI.ltrans0.ltrans.o
 *fill*         0x0800071c        0x4 
 .text.spi_lld_serve_rx_interrupt
                0x08000720       0xd8 C:\Users\denes\AppData\Local\Temp\ccUVYlKI.ltrans0.ltrans.o
 *fill*         0x080007f8        0x8 
 .text.spi_lld_serve_tx_interrupt
                0x08000800       0x18 C:\Users\denes\AppData\Local\Temp\ccUVYlKI.ltrans0.ltrans.o
 *fill*         0x08000818        0x8 
 .text.notify1  0x08000820       0x10 C:\Users\denes\AppData\Local\Temp\ccUVYlKI.ltrans0.ltrans.o
 .text._idle_thread
                0x08000830        0x4 C:\Users\denes\AppData\Local\Temp\ccUVYlKI.ltrans0.ltrans.o
 *fill*         0x08000834        0xc 
 .text.wakeup   0x08000840       0x6c C:\Users\denes\AppData\Local\Temp\ccUVYlKI.ltrans0.ltrans.o
 *fill*         0x080008ac        0x4 
 .text.chTMStartMeasurementX
                0x080008b0        0xc C:\Users\denes\AppData\Local\Temp\ccUVYlKI.ltrans0.ltrans.o
 *fill*         0x080008bc        0x4 
 .text.chTMStopMeasurementX
                0x080008c0       0x44 C:\Users\denes\AppData\Local\Temp\ccUVYlKI.ltrans0.ltrans.o
 *fill*         0x08000904        0xc 
 .text.chEvtBroadcastFlagsI
                0x08000910       0x88 C:\Users\denes\AppData\Local\Temp\ccUVYlKI.ltrans0.ltrans.o
 *fill*         0x08000998        0x8 
 .text.chCoreAllocFromTop
                0x080009a0       0x3c C:\Users\denes\AppData\Local\Temp\ccUVYlKI.ltrans0.ltrans.o
 *fill*         0x080009dc        0x4 
 .text.chCoreAllocAlignedI
                0x080009e0       0x20 C:\Users\denes\AppData\Local\Temp\ccUVYlKI.ltrans0.ltrans.o
 .text.spi_lld_start.constprop.0
                0x08000a00       0xa8 C:\Users\denes\AppData\Local\Temp\ccUVYlKI.ltrans0.ltrans.o
 *fill*         0x08000aa8        0x8 
 .text.can_lld_set_filters.constprop.0
                0x08000ab0       0xf8 C:\Users\denes\AppData\Local\Temp\ccUVYlKI.ltrans0.ltrans.o
 *fill*         0x08000ba8        0x8 
 .text.chSchGoSleepTimeoutS
                0x08000bb0      0x1f4 C:\Users\denes\AppData\Local\Temp\ccUVYlKI.ltrans0.ltrans.o
 *fill*         0x08000da4        0xc 
 .text.iqReadTimeout
                0x08000db0       0xe8 C:\Users\denes\AppData\Local\Temp\ccUVYlKI.ltrans0.ltrans.o
 *fill*         0x08000e98        0x8 
 .text._read    0x08000ea0        0xc C:\Users\denes\AppData\Local\Temp\ccUVYlKI.ltrans0.ltrans.o
 *fill*         0x08000eac        0x4 
 .text._readt   0x08000eb0        0x8 C:\Users\denes\AppData\Local\Temp\ccUVYlKI.ltrans0.ltrans.o
 *fill*         0x08000eb8        0x8 
 .text.iqGetTimeout
                0x08000ec0       0x70 C:\Users\denes\AppData\Local\Temp\ccUVYlKI.ltrans0.ltrans.o
 .text._get     0x08000f30        0xc C:\Users\denes\AppData\Local\Temp\ccUVYlKI.ltrans0.ltrans.o
 *fill*         0x08000f3c        0x4 
 .text._gett    0x08000f40        0x8 C:\Users\denes\AppData\Local\Temp\ccUVYlKI.ltrans0.ltrans.o
 *fill*         0x08000f48        0x8 
 .text.oqPutTimeout
                0x08000f50       0x70 C:\Users\denes\AppData\Local\Temp\ccUVYlKI.ltrans0.ltrans.o
 .text._put     0x08000fc0        0xc C:\Users\denes\AppData\Local\Temp\ccUVYlKI.ltrans0.ltrans.o
 *fill*         0x08000fcc        0x4 
 .text._putt    0x08000fd0        0x8 C:\Users\denes\AppData\Local\Temp\ccUVYlKI.ltrans0.ltrans.o
 *fill*         0x08000fd8        0x8 
 .text.oqWriteTimeout
                0x08000fe0       0xe4 C:\Users\denes\AppData\Local\Temp\ccUVYlKI.ltrans0.ltrans.o
 *fill*         0x080010c4        0xc 
 .text._write   0x080010d0        0xc C:\Users\denes\AppData\Local\Temp\ccUVYlKI.ltrans0.ltrans.o
 *fill*         0x080010dc        0x4 
 .text._writet  0x080010e0        0x8 C:\Users\denes\AppData\Local\Temp\ccUVYlKI.ltrans0.ltrans.o
 *fill*         0x080010e8        0x8 
 .text.chMtxLockS
                0x080010f0       0xe0 C:\Users\denes\AppData\Local\Temp\ccUVYlKI.ltrans0.ltrans.o
 .text.chSchWakeupS.constprop.0
                0x080011d0       0x58 C:\Users\denes\AppData\Local\Temp\ccUVYlKI.ltrans0.ltrans.o
 *fill*         0x08001228        0x8 
 .text.chThdCreateStatic.constprop.0.isra.0
                0x08001230       0x80 C:\Users\denes\AppData\Local\Temp\ccUVYlKI.ltrans0.ltrans.o
 .text.canTransmitTimeout.constprop.0.isra.0
                0x080012b0       0xbc C:\Users\denes\AppData\Local\Temp\ccUVYlKI.ltrans0.ltrans.o
 *fill*         0x0800136c        0x4 
 .text.__core_init
                0x08001370        0x4 C:\Users\denes\AppData\Local\Temp\ccUVYlKI.ltrans0.ltrans.o
                0x08001370                __core_init
 *fill*         0x08001374        0xc 
 .text.__late_init
                0x08001380        0x4 C:\Users\denes\AppData\Local\Temp\ccUVYlKI.ltrans0.ltrans.o
                0x08001380                __late_init
 *fill*         0x08001384        0xc 
 .text.__default_exit
                0x08001390        0x4 C:\Users\denes\AppData\Local\Temp\ccUVYlKI.ltrans0.ltrans.o
                0x08001390                __default_exit
 *fill*         0x08001394        0xc 
 .text.__init_ram_areas
                0x080013a0       0x54 C:\Users\denes\AppData\Local\Temp\ccUVYlKI.ltrans0.ltrans.o
                0x080013a0                __init_ram_areas
 *fill*         0x080013f4        0xc 
 .text.Vector58
                0x08001400       0x70 C:\Users\denes\AppData\Local\Temp\ccUVYlKI.ltrans0.ltrans.o
                0x08001400                Vector58
 .text.Vector5C
                0x08001470       0x74 C:\Users\denes\AppData\Local\Temp\ccUVYlKI.ltrans0.ltrans.o
                0x08001470                Vector5C
 *fill*         0x080014e4        0xc 
 .text.Vector60
                0x080014f0       0x74 C:\Users\denes\AppData\Local\Temp\ccUVYlKI.ltrans0.ltrans.o
                0x080014f0                Vector60
 *fill*         0x08001564        0xc 
 .text.Vector64
                0x08001570       0x74 C:\Users\denes\AppData\Local\Temp\ccUVYlKI.ltrans0.ltrans.o
                0x08001570                Vector64
 *fill*         0x080015e4        0xc 
 .text.Vector68
                0x080015f0       0x74 C:\Users\denes\AppData\Local\Temp\ccUVYlKI.ltrans0.ltrans.o
                0x080015f0                Vector68
 *fill*         0x08001664        0xc 
 .text.Vector9C
                0x08001670      0x1d4 C:\Users\denes\AppData\Local\Temp\ccUVYlKI.ltrans0.ltrans.o
                0x08001670                Vector9C
 *fill*         0x08001844        0xc 
 .text.VectorE0
                0x08001850      0x248 C:\Users\denes\AppData\Local\Temp\ccUVYlKI.ltrans0.ltrans.o
                0x08001850                VectorE0
 *fill*         0x08001a98        0x8 
 .text.Vector8C
                0x08001aa0       0xa4 C:\Users\denes\AppData\Local\Temp\ccUVYlKI.ltrans0.ltrans.o
                0x08001aa0                Vector8C
 *fill*         0x08001b44        0xc 
 .text.Vector90
                0x08001b50       0xa8 C:\Users\denes\AppData\Local\Temp\ccUVYlKI.ltrans0.ltrans.o
                0x08001b50                Vector90
 *fill*         0x08001bf8        0x8 
 .text.Vector94
                0x08001c00       0xa8 C:\Users\denes\AppData\Local\Temp\ccUVYlKI.ltrans0.ltrans.o
                0x08001c00                Vector94
 *fill*         0x08001ca8        0x8 
 .text.Vector98
                0x08001cb0       0x78 C:\Users\denes\AppData\Local\Temp\ccUVYlKI.ltrans0.ltrans.o
                0x08001cb0                Vector98
 *fill*         0x08001d28        0x8 
 .text.Vector6C
                0x08001d30       0x70 C:\Users\denes\AppData\Local\Temp\ccUVYlKI.ltrans0.ltrans.o
                0x08001d30                Vector6C
 .text.Vector70
                0x08001da0       0x74 C:\Users\denes\AppData\Local\Temp\ccUVYlKI.ltrans0.ltrans.o
                0x08001da0                Vector70
 *fill*         0x08001e14        0xc 
 .text.Vector74
                0x08001e20       0x74 C:\Users\denes\AppData\Local\Temp\ccUVYlKI.ltrans0.ltrans.o
                0x08001e20                Vector74
 *fill*         0x08001e94        0xc 
 .text.Vector78
                0x08001ea0       0x74 C:\Users\denes\AppData\Local\Temp\ccUVYlKI.ltrans0.ltrans.o
                0x08001ea0                Vector78
 *fill*         0x08001f14        0xc 
 .text.Vector7C
                0x08001f20       0x74 C:\Users\denes\AppData\Local\Temp\ccUVYlKI.ltrans0.ltrans.o
                0x08001f20                Vector7C
 *fill*         0x08001f94        0xc 
 .text.Vector80
                0x08001fa0       0x74 C:\Users\denes\AppData\Local\Temp\ccUVYlKI.ltrans0.ltrans.o
                0x08001fa0                Vector80
 *fill*         0x08002014        0xc 
 .text.Vector84
                0x08002020       0x78 C:\Users\denes\AppData\Local\Temp\ccUVYlKI.ltrans0.ltrans.o
                0x08002020                Vector84
 *fill*         0x08002098        0x8 
 .text.VectorB0
                0x080020a0       0xe8 C:\Users\denes\AppData\Local\Temp\ccUVYlKI.ltrans0.ltrans.o
                0x080020a0                VectorB0
 *fill*         0x08002188        0x8 
 .text.VectorD4
                0x08002190      0x250 C:\Users\denes\AppData\Local\Temp\ccUVYlKI.ltrans0.ltrans.o
                0x08002190                VectorD4
 .text.__early_init
                0x080023e0       0x6c C:\Users\denes\AppData\Local\Temp\ccUVYlKI.ltrans0.ltrans.o
                0x080023e0                __early_init
 *fill*         0x0800244c        0x4 
 .text.chSchDoRescheduleAhead
                0x08002450       0x44 C:\Users\denes\AppData\Local\Temp\ccUVYlKI.ltrans0.ltrans.o
                0x08002450                chSchDoReschedule
 *fill*         0x08002494        0xc 
 .text.chMtxUnlock
                0x080024a0       0x8c C:\Users\denes\AppData\Local\Temp\ccUVYlKI.ltrans0.ltrans.o
 *fill*         0x0800252c        0x4 
 .text._ZL11CanRxThreadPv
                0x08002530      0x1a8 C:\Users\denes\AppData\Local\Temp\ccUVYlKI.ltrans0.ltrans.o
 *fill*         0x080026d8        0x8 
 .text._ZL11CanTxThreadPv
                0x080026e0      0x150 C:\Users\denes\AppData\Local\Temp\ccUVYlKI.ltrans0.ltrans.o
 .text._ZL9OutThreadPv
                0x08002830       0xb0 C:\Users\denes\AppData\Local\Temp\ccUVYlKI.ltrans0.ltrans.o
 .text._ZL13DigitalThreadPv
                0x080028e0      0x10c C:\Users\denes\AppData\Local\Temp\ccUVYlKI.ltrans0.ltrans.o
 *fill*         0x080029ec        0x4 
 .text._ZL9AdcThreadPv
                0x080029f0       0xf8 C:\Users\denes\AppData\Local\Temp\ccUVYlKI.ltrans0.ltrans.o
 *fill*         0x08002ae8        0x8 
 .text._Z24max6675_read_temperatureh
                0x08002af0      0x160 C:\Users\denes\AppData\Local\Temp\ccUVYlKI.ltrans0.ltrans.o
 .text._ZL9SpiThreadPv
                0x08002c50       0x68 C:\Users\denes\AppData\Local\Temp\ccUVYlKI.ltrans0.ltrans.o
 *fill*         0x08002cb8        0x8 
 .text.chThdExit
                0x08002cc0       0x78 C:\Users\denes\AppData\Local\Temp\ccUVYlKI.ltrans0.ltrans.o
                0x08002cc0                chThdExit
 *fill*         0x08002d38        0x8 
 .text.SVC_Handler
                0x08002d40       0x14 C:\Users\denes\AppData\Local\Temp\ccUVYlKI.ltrans0.ltrans.o
                0x08002d40                SVC_Handler
 *fill*         0x08002d54        0xc 
 .text.startup.main
                0x08002d60      0x7a4 C:\Users\denes\AppData\Local\Temp\ccUVYlKI.ltrans0.ltrans.o
                0x08002d60                main
 *fill*         0x08003504        0xc 
 .text.startup._GLOBAL__sub_I_canVr
                0x08003510        0xc C:\Users\denes\AppData\Local\Temp\ccUVYlKI.ltrans0.ltrans.o
 *(.glue_7t)
 .glue_7t       0x0800351c        0x0 linker stubs
 *(.glue_7)
 .glue_7        0x0800351c        0x0 linker stubs
 *(.gcc*)
                0x0800351c                        __text_end__ = .

.vfp11_veneer   0x0800351c        0x0
 .vfp11_veneer  0x0800351c        0x0 linker stubs

.v4_bx          0x0800351c        0x0
 .v4_bx         0x0800351c        0x0 linker stubs

.iplt           0x0800351c        0x0
 .iplt          0x0800351c        0x0 ./build/obj/crt0_v7m.o

.rodata         0x0800351c      0x1e4
                0x0800351c                        __rodata_base__ = .
 *(.rodata)
 *(.rodata.*)
 .rodata.spi_lld_serve_rx_interrupt.str1.4
                0x0800351c       0x6d C:\Users\denes\AppData\Local\Temp\ccUVYlKI.ltrans0.ltrans.o
                                  0xc (size before relaxing)
 .rodata.chThdCreateStatic.constprop.0.isra.0.str1.4
                0x08003589        0x7 C:\Users\denes\AppData\Local\Temp\ccUVYlKI.ltrans0.ltrans.o
 .rodata._ZL11CanRxThreadPv.str1.4
                0x08003589        0xe C:\Users\denes\AppData\Local\Temp\ccUVYlKI.ltrans0.ltrans.o
 .rodata._ZL11CanTxThreadPv.str1.4
                0x08003589        0xe C:\Users\denes\AppData\Local\Temp\ccUVYlKI.ltrans0.ltrans.o
 .rodata._ZL9OutThreadPv.str1.4
                0x08003589        0xb C:\Users\denes\AppData\Local\Temp\ccUVYlKI.ltrans0.ltrans.o
 .rodata._ZL13DigitalThreadPv.str1.4
                0x08003589        0xf C:\Users\denes\AppData\Local\Temp\ccUVYlKI.ltrans0.ltrans.o
 .rodata._ZL9AdcThreadPv.str1.4
                0x08003589        0xb C:\Users\denes\AppData\Local\Temp\ccUVYlKI.ltrans0.ltrans.o
 .rodata._ZL9SpiThreadPv.str1.4
                0x08003589        0xb C:\Users\denes\AppData\Local\Temp\ccUVYlKI.ltrans0.ltrans.o
 .rodata.main.str1.4
                0x08003589        0x5 C:\Users\denes\AppData\Local\Temp\ccUVYlKI.ltrans0.ltrans.o
 *fill*         0x08003589        0x1 
 .rodata.dummytx
                0x0800358a        0x2 C:\Users\denes\AppData\Local\Temp\ccUVYlKI.ltrans0.ltrans.o
 .rodata._ZL8adc1_cfg
                0x0800358c       0x28 C:\Users\denes\AppData\Local\Temp\ccUVYlKI.ltrans0.ltrans.o
 .rodata.vmt    0x080035b4       0x28 C:\Users\denes\AppData\Local\Temp\ccUVYlKI.ltrans0.ltrans.o
 .rodata.ch_debug
                0x080035dc       0x16 C:\Users\denes\AppData\Local\Temp\ccUVYlKI.ltrans0.ltrans.o
 *fill*         0x080035f2        0x2 
 .rodata._ZL6cancfg
                0x080035f4        0x8 C:\Users\denes\AppData\Local\Temp\ccUVYlKI.ltrans0.ltrans.o
 .rodata.cfgtab.0
                0x080035fc       0x12 C:\Users\denes\AppData\Local\Temp\ccUVYlKI.ltrans0.ltrans.o
 *fill*         0x0800360e        0x2 
 .rodata._stm32_dma_streams
                0x08003610       0x70 C:\Users\denes\AppData\Local\Temp\ccUVYlKI.ltrans0.ltrans.o
 .rodata.ram_areas
                0x08003680       0x80 C:\Users\denes\AppData\Local\Temp\ccUVYlKI.ltrans0.ltrans.o
                0x08003700                        . = ALIGN (0x4)
                0x08003700                        __rodata_end__ = .

.ARM.extab
 *(.ARM.extab* .gnu.linkonce.armextab.*)

.ARM.exidx      0x08003700        0x8
                0x08003700                        __exidx_base__ = .
                0x08003700                        __exidx_start = .
 *(.ARM.exidx* .gnu.linkonce.armexidx.*)
 .ARM.exidx     0x08003700        0x8 C:/msys64/mingw64/bin/../lib/gcc/arm-none-eabi/13.3.0/../../../../arm-none-eabi/lib/thumb/v7-m/nofp\libg.a(libc_a-memcpy.o)
                0x08003708                        __exidx_end__ = .
                0x08003708                        __exidx_end = .

.rel.dyn        0x08003708        0x0
 .rel.iplt      0x08003708        0x0 ./build/obj/crt0_v7m.o

.eh_frame_hdr
 *(.eh_frame_hdr)

.eh_frame
 *(.eh_frame)

.data           0x20000800       0x60 load address 0x08003708
                [!provide]                        PROVIDE (_textdata = LOADADDR (.data))
                [!provide]                        PROVIDE (_data = .)
                0x08003708                        __textdata_base__ = LOADADDR (.data)
                0x20000800                        __data_base__ = .
 *(.data)
 *(.data.*)
 .data.adcSampleMutex
                0x20000800       0x10 C:\Users\denes\AppData\Local\Temp\ccUVYlKI.ltrans0.ltrans.o
 .data.digitalInputsMutex
                0x20000810       0x10 C:\Users\denes\AppData\Local\Temp\ccUVYlKI.ltrans0.ltrans.o
 .data.temperatureMutex
                0x20000820       0x10 C:\Users\denes\AppData\Local\Temp\ccUVYlKI.ltrans0.ltrans.o
 .data.digitalOutputsMutex
                0x20000830       0x10 C:\Users\denes\AppData\Local\Temp\ccUVYlKI.ltrans0.ltrans.o
 .data._ZL8spi2_cfg
                0x20000840       0x14 C:\Users\denes\AppData\Local\Temp\ccUVYlKI.ltrans0.ltrans.o
 .data._ZL7filters
                0x20000854        0xc C:\Users\denes\AppData\Local\Temp\ccUVYlKI.ltrans0.ltrans.o
 *(.ramtext)
                0x20000860                        . = ALIGN (0x4)
                [!provide]                        PROVIDE (_edata = .)
                0x20000860                        __data_end__ = .

.igot.plt       0x20000860        0x0 load address 0x08003768
 .igot.plt      0x20000860        0x0 ./build/obj/crt0_v7m.o

.bss            0x20000860      0xc40 load address 0x08003768
                0x20000860                        __bss_base__ = .
 *(.bss)
 *(.bss.*)
 .bss.ch_idle_thread_wa
                0x20000860       0xd8 C:\Users\denes\AppData\Local\Temp\ccUVYlKI.ltrans0.ltrans.o
 .bss.adc1_samples
                0x20000938       0x14 C:\Users\denes\AppData\Local\Temp\ccUVYlKI.ltrans0.ltrans.o
 .bss.digitalInputs
                0x2000094c        0x1 C:\Users\denes\AppData\Local\Temp\ccUVYlKI.ltrans0.ltrans.o
 *fill*         0x2000094d        0x1 
 .bss.temperature2
                0x2000094e        0x2 C:\Users\denes\AppData\Local\Temp\ccUVYlKI.ltrans0.ltrans.o
 .bss.temperature1
                0x20000950        0x2 C:\Users\denes\AppData\Local\Temp\ccUVYlKI.ltrans0.ltrans.o
 *fill*         0x20000952        0x6 
 .bss.canTxMsg4
                0x20000958       0x10 C:\Users\denes\AppData\Local\Temp\ccUVYlKI.ltrans0.ltrans.o
 .bss.canTxMsg3
                0x20000968       0x10 C:\Users\denes\AppData\Local\Temp\ccUVYlKI.ltrans0.ltrans.o
 .bss.canTxMsg2
                0x20000978       0x10 C:\Users\denes\AppData\Local\Temp\ccUVYlKI.ltrans0.ltrans.o
 .bss.canTxMsg1
                0x20000988       0x10 C:\Users\denes\AppData\Local\Temp\ccUVYlKI.ltrans0.ltrans.o
 .bss.digitalOutputs
                0x20000998        0x1 C:\Users\denes\AppData\Local\Temp\ccUVYlKI.ltrans0.ltrans.o
 *fill*         0x20000999        0x7 
 .bss.canRxMsg  0x200009a0       0x18 C:\Users\denes\AppData\Local\Temp\ccUVYlKI.ltrans0.ltrans.o
 .bss.default_heap
                0x200009b8       0x1c C:\Users\denes\AppData\Local\Temp\ccUVYlKI.ltrans0.ltrans.o
 .bss.ch_factory
                0x200009d4       0x48 C:\Users\denes\AppData\Local\Temp\ccUVYlKI.ltrans0.ltrans.o
 *fill*         0x20000a1c        0x4 
 .bss._ZL11waAdcThread
                0x20000a20      0x148 C:\Users\denes\AppData\Local\Temp\ccUVYlKI.ltrans0.ltrans.o
 .bss.ADCD1     0x20000b68       0x34 C:\Users\denes\AppData\Local\Temp\ccUVYlKI.ltrans0.ltrans.o
 *fill*         0x20000b9c        0x4 
 .bss._ZL11waSpiThread
                0x20000ba0      0x148 C:\Users\denes\AppData\Local\Temp\ccUVYlKI.ltrans0.ltrans.o
 .bss.SPID2     0x20000ce8       0x30 C:\Users\denes\AppData\Local\Temp\ccUVYlKI.ltrans0.ltrans.o
 .bss._ZL15waDigitalThread
                0x20000d18      0x148 C:\Users\denes\AppData\Local\Temp\ccUVYlKI.ltrans0.ltrans.o
 .bss._ZL11waOutThread
                0x20000e60      0x148 C:\Users\denes\AppData\Local\Temp\ccUVYlKI.ltrans0.ltrans.o
 .bss._ZL13waCanTxThread
                0x20000fa8      0x148 C:\Users\denes\AppData\Local\Temp\ccUVYlKI.ltrans0.ltrans.o
 .bss._ZL13waCanRxThread
                0x200010f0      0x148 C:\Users\denes\AppData\Local\Temp\ccUVYlKI.ltrans0.ltrans.o
 .bss.ch_memcore
                0x20001238        0x8 C:\Users\denes\AppData\Local\Temp\ccUVYlKI.ltrans0.ltrans.o
 .bss.SD1       0x20001240       0x7c C:\Users\denes\AppData\Local\Temp\ccUVYlKI.ltrans0.ltrans.o
 .bss.dma       0x200012bc       0x40 C:\Users\denes\AppData\Local\Temp\ccUVYlKI.ltrans0.ltrans.o
 .bss.CAND1     0x200012fc       0x28 C:\Users\denes\AppData\Local\Temp\ccUVYlKI.ltrans0.ltrans.o
 .bss._pal_events
                0x20001324      0x100 C:\Users\denes\AppData\Local\Temp\ccUVYlKI.ltrans0.ltrans.o
 *fill*         0x20001424        0x4 
 .bss.ch        0x20001428       0x78 C:\Users\denes\AppData\Local\Temp\ccUVYlKI.ltrans0.ltrans.o
 *(COMMON)
                0x200014a0                        . = ALIGN (0x4)
                0x200014a0                        __bss_end__ = .
                [!provide]                        PROVIDE (end = .)
                0x20000000                        __ram0_base__ = ORIGIN (ram0)
                0x00005000                        __ram0_size__ = LENGTH (ram0)
                0x20005000                        __ram0_end__ = (__ram0_base__ + __ram0_size__)
                0x00000000                        __ram1_base__ = ORIGIN (ram1)
                0x00000000                        __ram1_size__ = LENGTH (ram1)
                0x00000000                        __ram1_end__ = (__ram1_base__ + __ram1_size__)
                0x00000000                        __ram2_base__ = ORIGIN (ram2)
                0x00000000                        __ram2_size__ = LENGTH (ram2)
                0x00000000                        __ram2_end__ = (__ram2_base__ + __ram2_size__)
                0x00000000                        __ram3_base__ = ORIGIN (ram3)
                0x00000000                        __ram3_size__ = LENGTH (ram3)
                0x00000000                        __ram3_end__ = (__ram3_base__ + __ram3_size__)
                0x00000000                        __ram4_base__ = ORIGIN (ram4)
                0x00000000                        __ram4_size__ = LENGTH (ram4)
                0x00000000                        __ram4_end__ = (__ram4_base__ + __ram4_size__)
                0x00000000                        __ram5_base__ = ORIGIN (ram5)
                0x00000000                        __ram5_size__ = LENGTH (ram5)
                0x00000000                        __ram5_end__ = (__ram5_base__ + __ram5_size__)
                0x00000000                        __ram6_base__ = ORIGIN (ram6)
                0x00000000                        __ram6_size__ = LENGTH (ram6)
                0x00000000                        __ram6_end__ = (__ram6_base__ + __ram6_size__)
                0x00000000                        __ram7_base__ = ORIGIN (ram7)
                0x00000000                        __ram7_size__ = LENGTH (ram7)
                0x00000000                        __ram7_end__ = (__ram7_base__ + __ram7_size__)
                0x08000000                        __flash0_base__ = ORIGIN (flash0)
                0x00010000                        __flash0_size__ = LENGTH (flash0)
                0x08010000                        __flash0_end__ = (__flash0_base__ + __flash0_size__)
                0x00000000                        __flash1_base__ = ORIGIN (flash1)
                0x00000000                        __flash1_size__ = LENGTH (flash1)
                0x00000000                        __flash1_end__ = (__flash1_base__ + __flash1_size__)
                0x00000000                        __flash2_base__ = ORIGIN (flash2)
                0x00000000                        __flash2_size__ = LENGTH (flash2)
                0x00000000                        __flash2_end__ = (__flash2_base__ + __flash2_size__)
                0x00000000                        __flash3_base__ = ORIGIN (flash3)
                0x00000000                        __flash3_size__ = LENGTH (flash3)
                0x00000000                        __flash3_end__ = (__flash3_base__ + __flash3_size__)
                0x00000000                        __flash4_base__ = ORIGIN (flash4)
                0x00000000                        __flash4_size__ = LENGTH (flash4)
                0x00000000                        __flash4_end__ = (__flash4_base__ + __flash4_size__)
                0x00000000                        __flash5_base__ = ORIGIN (flash5)
                0x00000000                        __flash5_size__ = LENGTH (flash5)
                0x00000000                        __flash5_end__ = (__flash5_base__ + __flash5_size__)
                0x00000000                        __flash6_base__ = ORIGIN (flash6)
                0x00000000                        __flash6_size__ = LENGTH (flash6)
                0x00000000                        __flash6_end__ = (__flash6_base__ + __flash6_size__)
                0x00000000                        __flash7_base__ = ORIGIN (flash7)
                0x00000000                        __flash7_size__ = LENGTH (flash7)
                0x00000000                        __flash7_end__ = (__flash7_base__ + __flash7_size__)

.ram0_init      0x200014a0        0x0 load address 0x08003768
                0x08003768                        __ram0_init_text__ = LOADADDR (.ram0_init)
                0x200014a0                        __ram0_init__ = .
 *(.ram0_init)
 *(.ram0_init.*)
                0x200014a0                        . = ALIGN (0x4)

.ram0           0x200014a0        0x0 load address 0x08003768
                0x200014a0                        __ram0_clear__ = .
 *(.ram0_clear)
 *(.ram0_clear.*)
                0x200014a0                        . = ALIGN (0x4)
                0x200014a0                        __ram0_noinit__ = .
 *(.ram0)
 *(.ram0.*)
                0x200014a0                        . = ALIGN (0x4)
                0x200014a0                        __ram0_free__ = .

.ram1_init      0x00000000        0x0 load address 0x08003768
                0x08003768                        __ram1_init_text__ = LOADADDR (.ram1_init)
                0x00000000                        __ram1_init__ = .
 *(.ram1_init)
 *(.ram1_init.*)
                0x00000000                        . = ALIGN (0x4)

.ram1           0x00000000        0x0 load address 0x08003768
                0x00000000                        __ram1_clear__ = .
 *(.ram1_clear)
 *(.ram1_clear.*)
                0x00000000                        . = ALIGN (0x4)
                0x00000000                        __ram1_noinit__ = .
 *(.ram1)
 *(.ram1.*)
                0x00000000                        . = ALIGN (0x4)
                0x00000000                        __ram1_free__ = .

.ram2_init      0x00000000        0x0 load address 0x08003768
                0x08003768                        __ram2_init_text__ = LOADADDR (.ram2_init)
                0x00000000                        __ram2_init__ = .
 *(.ram2_init)
 *(.ram2_init.*)
                0x00000000                        . = ALIGN (0x4)

.ram2           0x00000000        0x0 load address 0x08003768
                0x00000000                        __ram2_clear__ = .
 *(.ram2_clear)
 *(.ram2_clear.*)
                0x00000000                        . = ALIGN (0x4)
                0x00000000                        __ram2_noinit__ = .
 *(.ram2)
 *(.ram2.*)
                0x00000000                        . = ALIGN (0x4)
                0x00000000                        __ram2_free__ = .

.ram3_init      0x00000000        0x0 load address 0x08003768
                0x08003768                        __ram3_init_text__ = LOADADDR (.ram3_init)
                0x00000000                        __ram3_init__ = .
 *(.ram3_init)
 *(.ram3_init.*)
                0x00000000                        . = ALIGN (0x4)

.ram3           0x00000000        0x0 load address 0x08003768
                0x00000000                        __ram3_clear__ = .
 *(.ram3_clear)
 *(.ram3_clear.*)
                0x00000000                        . = ALIGN (0x4)
                0x00000000                        __ram3_noinit__ = .
 *(.ram3)
 *(.ram3.*)
                0x00000000                        . = ALIGN (0x4)
                0x00000000                        __ram3_free__ = .

.ram4_init      0x00000000        0x0 load address 0x08003768
                0x08003768                        __ram4_init_text__ = LOADADDR (.ram4_init)
                0x00000000                        __ram4_init__ = .
 *(.ram4_init)
 *(.ram4_init.*)
                0x00000000                        . = ALIGN (0x4)

.ram4           0x00000000        0x0 load address 0x08003768
                0x00000000                        __ram4_clear__ = .
 *(.ram4_clear)
 *(.ram4_clear.*)
                0x00000000                        . = ALIGN (0x4)
                0x00000000                        __ram4_noinit__ = .
 *(.ram4)
 *(.ram4.*)
                0x00000000                        . = ALIGN (0x4)
                0x00000000                        __ram4_free__ = .

.ram5_init      0x00000000        0x0 load address 0x08003768
                0x08003768                        __ram5_init_text__ = LOADADDR (.ram5_init)
                0x00000000                        __ram5_init__ = .
 *(.ram5_init)
 *(.ram5_init.*)
                0x00000000                        . = ALIGN (0x4)

.ram5           0x00000000        0x0 load address 0x08003768
                0x00000000                        __ram5_clear__ = .
 *(.ram5_clear)
 *(.ram5_clear.*)
                0x00000000                        . = ALIGN (0x4)
                0x00000000                        __ram5_noinit__ = .
 *(.ram5)
 *(.ram5.*)
                0x00000000                        . = ALIGN (0x4)
                0x00000000                        __ram5_free__ = .

.ram6_init      0x00000000        0x0 load address 0x08003768
                0x08003768                        __ram6_init_text__ = LOADADDR (.ram6_init)
                0x00000000                        __ram6_init__ = .
 *(.ram6_init)
 *(.ram6_init.*)
                0x00000000                        . = ALIGN (0x4)

.ram6           0x00000000        0x0 load address 0x08003768
                0x00000000                        __ram6_clear__ = .
 *(.ram6_clear)
 *(.ram6_clear.*)
                0x00000000                        . = ALIGN (0x4)
                0x00000000                        __ram6_noinit__ = .
 *(.ram6)
 *(.ram6.*)
                0x00000000                        . = ALIGN (0x4)
                0x00000000                        __ram6_free__ = .

.ram7_init      0x00000000        0x0 load address 0x08003768
                0x08003768                        __ram7_init_text__ = LOADADDR (.ram7_init)
                0x00000000                        __ram7_init__ = .
 *(.ram7_init)
 *(.ram7_init.*)
                0x00000000                        . = ALIGN (0x4)

.ram7           0x00000000        0x0 load address 0x08003768
                0x00000000                        __ram7_clear__ = .
 *(.ram7_clear)
 *(.ram7_clear.*)
                0x00000000                        . = ALIGN (0x4)
                0x00000000                        __ram7_noinit__ = .
 *(.ram7)
 *(.ram7.*)
                0x00000000                        . = ALIGN (0x4)
                0x00000000                        __ram7_free__ = .

.flash0         0x08003768        0x0
                0x08003768                        __flash0_init__ = .
 *(.flash0_init)
 *(.flash0_init.*)
                0x08003768                        __flash0_free__ = .

.flash1         0x00000000        0x0
                0x00000000                        __flash1_init__ = .
 *(.flash1_init)
 *(.flash1_init.*)
                0x00000000                        __flash1_free__ = .

.flash2         0x00000000        0x0
                0x00000000                        __flash2_init__ = .
 *(.flash2_init)
 *(.flash2_init.*)
                0x00000000                        __flash2_free__ = .

.flash3         0x00000000        0x0
                0x00000000                        __flash3_init__ = .
 *(.flash3_init)
 *(.flash3_init.*)
                0x00000000                        __flash3_free__ = .

.flash4         0x00000000        0x0
                0x00000000                        __flash4_init__ = .
 *(.flash4_init)
 *(.flash4_init.*)
                0x00000000                        __flash4_free__ = .

.flash5         0x00000000        0x0
                0x00000000                        __flash5_init__ = .
 *(.flash5_init)
 *(.flash5_init.*)
                0x00000000                        __flash5_free__ = .

.flash6         0x00000000        0x0
                0x00000000                        __flash6_init__ = .
 *(.flash6_init)
 *(.flash6_init.*)
                0x00000000                        __flash6_free__ = .

.flash7         0x00000000        0x0
                0x00000000                        __flash7_init__ = .
 *(.flash7_init)
 *(.flash7_init.*)
                0x00000000                        __flash7_free__ = .

.heap           0x200014a0     0x3b60
                0x200014a0                        . = ALIGN (0x8)
                0x200014a0                        __heap_base__ = .
                0x20005000                        . = (ORIGIN (HEAP_RAM) + LENGTH (HEAP_RAM))
 *fill*         0x200014a0     0x3b60 
                0x20005000                        __heap_end__ = .
                0x00000400                        __process_stack_size__ = 0x400
                0x00000400                        __main_stack_size__ = 0x400
START GROUP
LOAD C:/msys64/mingw64/bin/../lib/gcc/arm-none-eabi/13.3.0/thumb/v7-m/nofp\libgcc.a
LOAD C:/msys64/mingw64/bin/../lib/gcc/arm-none-eabi/13.3.0/../../../../arm-none-eabi/lib/thumb/v7-m/nofp\libg.a
LOAD C:/msys64/mingw64/bin/../lib/gcc/arm-none-eabi/13.3.0/../../../../arm-none-eabi/lib/thumb/v7-m/nofp\libc.a
END GROUP
OUTPUT(build/canboard.elf elf32-littlearm)
LOAD linker stubs

.ARM.attributes
                0x00000000       0x2f
 .ARM.attributes
                0x00000000       0x21 ./build/obj/crt0_v7m.o
 .ARM.attributes
                0x00000021       0x21 ./build/obj/vectors.o
 .ARM.attributes
                0x00000042       0x21 ./build/obj/chcoreasm_v7m.o
 .ARM.attributes
                0x00000063       0x2b C:\Users\denes\AppData\Local\Temp\ccUVYlKI.ltrans0.ltrans.o
 .ARM.attributes
                0x0000008e       0x2d C:/msys64/mingw64/bin/../lib/gcc/arm-none-eabi/13.3.0/../../../../arm-none-eabi/lib/thumb/v7-m/nofp\libg.a(libc_a-memset.o)
 .ARM.attributes
                0x000000bb       0x1b C:/msys64/mingw64/bin/../lib/gcc/arm-none-eabi/13.3.0/../../../../arm-none-eabi/lib/thumb/v7-m/nofp\libg.a(libc_a-memcpy.o)

.comment        0x00000000       0x24
 .comment       0x00000000       0x24 C:\Users\denes\AppData\Local\Temp\ccUVYlKI.ltrans0.ltrans.o
                                 0x13 (size before relaxing)
 .comment       0x00000024       0x13 C:/msys64/mingw64/bin/../lib/gcc/arm-none-eabi/13.3.0/../../../../arm-none-eabi/lib/thumb/v7-m/nofp\libg.a(libc_a-memset.o)

.debug_line     0x00000000     0xa8b6
 .debug_line    0x00000000       0xa4 ./build/obj/crt0_v7m.o
 .debug_line    0x000000a4       0x4f ./build/obj/vectors.o
 .debug_line    0x000000f3       0x62 ./build/obj/chcoreasm_v7m.o
 .debug_line    0x00000155     0x8c10 C:\Users\denes\AppData\Local\Temp\ccUVYlKI.ltrans0.ltrans.o
 .debug_line    0x00008d65       0x4c C:\Users\denes\AppData\Local\Temp\ccqo5xer.debug.temp.o
 .debug_line    0x00008db1       0x8d C:\Users\denes\AppData\Local\Temp\ccIbsDWS.debug.temp.o
 .debug_line    0x00008e3e       0x63 C:\Users\denes\AppData\Local\Temp\ccyKqiVk.debug.temp.o
 .debug_line    0x00008ea1       0xad C:\Users\denes\AppData\Local\Temp\ccqELLWe.debug.temp.o
 .debug_line    0x00008f4e       0xce C:\Users\denes\AppData\Local\Temp\cciYLt4z.debug.temp.o
 .debug_line    0x0000901c       0xc1 C:\Users\denes\AppData\Local\Temp\ccUVOe30.debug.temp.o
 .debug_line    0x000090dd       0xca C:\Users\denes\AppData\Local\Temp\cc4IR2pT.debug.temp.o
 .debug_line    0x000091a7       0xe0 C:\Users\denes\AppData\Local\Temp\ccI96GNk.debug.temp.o
 .debug_line    0x00009287       0x55 C:\Users\denes\AppData\Local\Temp\ccQLEJ6L.debug.temp.o
 .debug_line    0x000092dc       0xb1 C:\Users\denes\AppData\Local\Temp\ccyWE6md.debug.temp.o
 .debug_line    0x0000938d       0x68 C:\Users\denes\AppData\Local\Temp\ccc1SfQE.debug.temp.o
 .debug_line    0x000093f5       0xc5 C:\Users\denes\AppData\Local\Temp\ccUXh3Lw.debug.temp.o
 .debug_line    0x000094ba       0xc6 C:\Users\denes\AppData\Local\Temp\ccWU7wbX.debug.temp.o
 .debug_line    0x00009580       0x87 C:\Users\denes\AppData\Local\Temp\ccqgpEPn.debug.temp.o
 .debug_line    0x00009607       0x8d C:\Users\denes\AppData\Local\Temp\ccUf9JqO.debug.temp.o
 .debug_line    0x00009694       0xdc C:\Users\denes\AppData\Local\Temp\ccqKkaXe.debug.temp.o
 .debug_line    0x00009770       0x87 C:\Users\denes\AppData\Local\Temp\ccUlgKHF.debug.temp.o
 .debug_line    0x000097f7       0xcf C:\Users\denes\AppData\Local\Temp\ccqU3en6.debug.temp.o
 .debug_line    0x000098c6       0x5e C:\Users\denes\AppData\Local\Temp\ccg1t7fx.debug.temp.o
 .debug_line    0x00009924       0xcd C:\Users\denes\AppData\Local\Temp\ccsRBDYn.debug.temp.o
 .debug_line    0x000099f1       0xa2 C:\Users\denes\AppData\Local\Temp\ccQbImDD.debug.temp.o
 .debug_line    0x00009a93       0x9d C:\Users\denes\AppData\Local\Temp\ccaobFB3.debug.temp.o
 .debug_line    0x00009b30       0xc3 C:\Users\denes\AppData\Local\Temp\ccWyIhPt.debug.temp.o
 .debug_line    0x00009bf3       0x93 C:\Users\denes\AppData\Local\Temp\ccuOrVXT.debug.temp.o
 .debug_line    0x00009c86       0xb4 C:\Users\denes\AppData\Local\Temp\ccohIR3j.debug.temp.o
 .debug_line    0x00009d3a       0x9d C:\Users\denes\AppData\Local\Temp\ccIRVrme.debug.temp.o
 .debug_line    0x00009dd7       0x9d C:\Users\denes\AppData\Local\Temp\ccs35rec.debug.temp.o
 .debug_line    0x00009e74       0x79 C:\Users\denes\AppData\Local\Temp\ccUr7V08.debug.temp.o
 .debug_line    0x00009eed       0x97 C:\Users\denes\AppData\Local\Temp\ccIFTLdD.debug.temp.o
 .debug_line    0x00009f84       0x9b C:\Users\denes\AppData\Local\Temp\ccGUJKF7.debug.temp.o
 .debug_line    0x0000a01f       0xb9 C:\Users\denes\AppData\Local\Temp\ccsNZCb2.debug.temp.o
 .debug_line    0x0000a0d8       0x71 C:\Users\denes\AppData\Local\Temp\cc2Z4EgZ.debug.temp.o
 .debug_line    0x0000a149       0xe5 C:\Users\denes\AppData\Local\Temp\ccKedTAZ.debug.temp.o
 .debug_line    0x0000a22e       0xe0 C:\Users\denes\AppData\Local\Temp\ccK0h5Lr.debug.temp.o
 .debug_line    0x0000a30e       0xcc C:\Users\denes\AppData\Local\Temp\ccyyAAaU.debug.temp.o
 .debug_line    0x0000a3da       0xba C:\Users\denes\AppData\Local\Temp\cciWYgum.debug.temp.o
 .debug_line    0x0000a494       0xba C:\Users\denes\AppData\Local\Temp\cciYJY2O.debug.temp.o
 .debug_line    0x0000a54e       0xde C:\Users\denes\AppData\Local\Temp\ccE5PSxh.debug.temp.o
 .debug_line    0x0000a62c      0x1cd C:/msys64/mingw64/bin/../lib/gcc/arm-none-eabi/13.3.0/../../../../arm-none-eabi/lib/thumb/v7-m/nofp\libg.a(libc_a-memset.o)
 .debug_line    0x0000a7f9       0xbd C:/msys64/mingw64/bin/../lib/gcc/arm-none-eabi/13.3.0/../../../../arm-none-eabi/lib/thumb/v7-m/nofp\libg.a(libc_a-memcpy.o)

.debug_line_str
                0x00000000      0xbf4
 .debug_line_str
                0x00000000      0xbf4 ./build/obj/crt0_v7m.o
                                 0x65 (size before relaxing)
 .debug_line_str
                0x00000bf4       0x64 ./build/obj/vectors.o
 .debug_line_str
                0x00000bf4       0x68 ./build/obj/chcoreasm_v7m.o
 .debug_line_str
                0x00000bf4      0x10e C:\Users\denes\AppData\Local\Temp\ccqo5xer.debug.temp.o
 .debug_line_str
                0x00000bf4      0x1d6 C:\Users\denes\AppData\Local\Temp\ccIbsDWS.debug.temp.o
 .debug_line_str
                0x00000bf4      0x137 C:\Users\denes\AppData\Local\Temp\ccyKqiVk.debug.temp.o
 .debug_line_str
                0x00000bf4      0x288 C:\Users\denes\AppData\Local\Temp\ccqELLWe.debug.temp.o
 .debug_line_str
                0x00000bf4      0x2fc C:\Users\denes\AppData\Local\Temp\cciYLt4z.debug.temp.o
 .debug_line_str
                0x00000bf4      0x296 C:\Users\denes\AppData\Local\Temp\ccUVOe30.debug.temp.o
 .debug_line_str
                0x00000bf4      0x2e5 C:\Users\denes\AppData\Local\Temp\cc4IR2pT.debug.temp.o
 .debug_line_str
                0x00000bf4      0x361 C:\Users\denes\AppData\Local\Temp\ccI96GNk.debug.temp.o
 .debug_line_str
                0x00000bf4      0x12e C:\Users\denes\AppData\Local\Temp\ccQLEJ6L.debug.temp.o
 .debug_line_str
                0x00000bf4      0x2bc C:\Users\denes\AppData\Local\Temp\ccyWE6md.debug.temp.o
 .debug_line_str
                0x00000bf4      0x181 C:\Users\denes\AppData\Local\Temp\ccc1SfQE.debug.temp.o
 .debug_line_str
                0x00000bf4      0x2fa C:\Users\denes\AppData\Local\Temp\ccUXh3Lw.debug.temp.o
 .debug_line_str
                0x00000bf4      0x2c7 C:\Users\denes\AppData\Local\Temp\ccWU7wbX.debug.temp.o
 .debug_line_str
                0x00000bf4      0x210 C:\Users\denes\AppData\Local\Temp\ccqgpEPn.debug.temp.o
 .debug_line_str
                0x00000bf4      0x205 C:\Users\denes\AppData\Local\Temp\ccUf9JqO.debug.temp.o
 .debug_line_str
                0x00000bf4      0x364 C:\Users\denes\AppData\Local\Temp\ccqKkaXe.debug.temp.o
 .debug_line_str
                0x00000bf4      0x212 C:\Users\denes\AppData\Local\Temp\ccUlgKHF.debug.temp.o
 .debug_line_str
                0x00000bf4      0x318 C:\Users\denes\AppData\Local\Temp\ccqU3en6.debug.temp.o
 .debug_line_str
                0x00000bf4      0x169 C:\Users\denes\AppData\Local\Temp\ccg1t7fx.debug.temp.o
 .debug_line_str
                0x00000bf4      0x28a C:\Users\denes\AppData\Local\Temp\ccsRBDYn.debug.temp.o
 .debug_line_str
                0x00000bf4      0x1ed C:\Users\denes\AppData\Local\Temp\ccQbImDD.debug.temp.o
 .debug_line_str
                0x00000bf4      0x1e2 C:\Users\denes\AppData\Local\Temp\ccaobFB3.debug.temp.o
 .debug_line_str
                0x00000bf4      0x282 C:\Users\denes\AppData\Local\Temp\ccWyIhPt.debug.temp.o
 .debug_line_str
                0x00000bf4      0x1ce C:\Users\denes\AppData\Local\Temp\ccuOrVXT.debug.temp.o
 .debug_line_str
                0x00000bf4      0x26d C:\Users\denes\AppData\Local\Temp\ccohIR3j.debug.temp.o
 .debug_line_str
                0x00000bf4      0x1e5 C:\Users\denes\AppData\Local\Temp\ccIRVrme.debug.temp.o
 .debug_line_str
                0x00000bf4      0x1ea C:\Users\denes\AppData\Local\Temp\ccs35rec.debug.temp.o
 .debug_line_str
                0x00000bf4      0x1cc C:\Users\denes\AppData\Local\Temp\ccUr7V08.debug.temp.o
 .debug_line_str
                0x00000bf4      0x20a C:\Users\denes\AppData\Local\Temp\ccIFTLdD.debug.temp.o
 .debug_line_str
                0x00000bf4      0x236 C:\Users\denes\AppData\Local\Temp\ccGUJKF7.debug.temp.o
 .debug_line_str
                0x00000bf4      0x274 C:\Users\denes\AppData\Local\Temp\ccsNZCb2.debug.temp.o
 .debug_line_str
                0x00000bf4      0x19b C:\Users\denes\AppData\Local\Temp\cc2Z4EgZ.debug.temp.o
 .debug_line_str
                0x00000bf4      0x2c5 C:\Users\denes\AppData\Local\Temp\ccKedTAZ.debug.temp.o
 .debug_line_str
                0x00000bf4      0x2b4 C:\Users\denes\AppData\Local\Temp\ccK0h5Lr.debug.temp.o
 .debug_line_str
                0x00000bf4      0x291 C:\Users\denes\AppData\Local\Temp\ccyyAAaU.debug.temp.o
 .debug_line_str
                0x00000bf4      0x240 C:\Users\denes\AppData\Local\Temp\cciWYgum.debug.temp.o
 .debug_line_str
                0x00000bf4      0x248 C:\Users\denes\AppData\Local\Temp\cciYJY2O.debug.temp.o
 .debug_line_str
                0x00000bf4      0x2f6 C:\Users\denes\AppData\Local\Temp\ccE5PSxh.debug.temp.o
 .debug_line_str
                0x00000bf4       0x87 C:/msys64/mingw64/bin/../lib/gcc/arm-none-eabi/13.3.0/../../../../arm-none-eabi/lib/thumb/v7-m/nofp\libg.a(libc_a-memcpy.o)

.debug_info     0x00000000    0x22d72
 .debug_info    0x00000000       0x25 ./build/obj/crt0_v7m.o
 .debug_info    0x00000025       0x24 ./build/obj/vectors.o
 .debug_info    0x00000049       0x24 ./build/obj/chcoreasm_v7m.o
 .debug_info    0x0000006d     0xc26e C:\Users\denes\AppData\Local\Temp\ccUVYlKI.ltrans0.ltrans.o
 .debug_info    0x0000c2db      0x296 C:\Users\denes\AppData\Local\Temp\ccqo5xer.debug.temp.o
                0x0000c2db                crt1.c.c9773146
 .debug_info    0x0000c571      0x182 C:\Users\denes\AppData\Local\Temp\ccIbsDWS.debug.temp.o
                0x0000c571                hal.c.2da73da5
 .debug_info    0x0000c6f3      0x2fa C:\Users\denes\AppData\Local\Temp\ccyKqiVk.debug.temp.o
                0x0000c6f3                hal_st.c.fef72aa2
 .debug_info    0x0000c9ed      0x837 C:\Users\denes\AppData\Local\Temp\ccqELLWe.debug.temp.o
                0x0000c9ed                hal_queues.c.577c9409
 .debug_info    0x0000d224      0xd6a C:\Users\denes\AppData\Local\Temp\cciYLt4z.debug.temp.o
                0x0000d224                hal_adc.c.42dd2104
 .debug_info    0x0000df8e      0xfb7 C:\Users\denes\AppData\Local\Temp\ccUVOe30.debug.temp.o
                0x0000df8e                hal_can.c.0bbd4c38
 .debug_info    0x0000ef45      0xf7c C:\Users\denes\AppData\Local\Temp\cc4IR2pT.debug.temp.o
                0x0000ef45                hal_serial.c.7247549b
 .debug_info    0x0000fec1      0xe24 C:\Users\denes\AppData\Local\Temp\ccI96GNk.debug.temp.o
                0x0000fec1                hal_spi.c.3678c202
 .debug_info    0x00010ce5      0x3e1 C:\Users\denes\AppData\Local\Temp\ccQLEJ6L.debug.temp.o
                0x00010ce5                nvic.c.3932b7ff
 .debug_info    0x000110c6      0x496 C:\Users\denes\AppData\Local\Temp\ccyWE6md.debug.temp.o
                0x000110c6                stm32_isr.c.fe66df43
 .debug_info    0x0001155c      0x202 C:\Users\denes\AppData\Local\Temp\ccc1SfQE.debug.temp.o
                0x0001155c                hal_lld.c.b1a17341
 .debug_info    0x0001175e      0xbaa C:\Users\denes\AppData\Local\Temp\ccUXh3Lw.debug.temp.o
                0x0001175e                hal_adc_lld.c.f7e10bdd
 .debug_info    0x00012308     0x10ac C:\Users\denes\AppData\Local\Temp\ccWU7wbX.debug.temp.o
                0x00012308                hal_can_lld.c.7ecbeff9
 .debug_info    0x000133b4      0x58d C:\Users\denes\AppData\Local\Temp\ccqgpEPn.debug.temp.o
                0x000133b4                stm32_dma.c.0faca184
 .debug_info    0x00013941      0x6aa C:\Users\denes\AppData\Local\Temp\ccUf9JqO.debug.temp.o
                0x00013941                hal_pal_lld.c.1b785e8c
 .debug_info    0x00013feb      0xc75 C:\Users\denes\AppData\Local\Temp\ccqKkaXe.debug.temp.o
                0x00013feb                hal_spi_lld.c.b5b98e25
 .debug_info    0x00014c60      0x38e C:\Users\denes\AppData\Local\Temp\ccUlgKHF.debug.temp.o
                0x00014c60                hal_st_lld.c.101e31f9
 .debug_info    0x00014fee      0xca4 C:\Users\denes\AppData\Local\Temp\ccqU3en6.debug.temp.o
                0x00014fee                hal_serial_lld.c.b01ed5e2
 .debug_info    0x00015c92      0x140 C:\Users\denes\AppData\Local\Temp\ccg1t7fx.debug.temp.o
                0x00015c92                board.c.aa89af55
 .debug_info    0x00015dd2      0xcf2 C:\Users\denes\AppData\Local\Temp\ccsRBDYn.debug.temp.o
                0x00015dd2                chsys.c.261e479d
 .debug_info    0x00016ac4      0xc18 C:\Users\denes\AppData\Local\Temp\ccQbImDD.debug.temp.o
                0x00016ac4                chvt.c.6c00777c
 .debug_info    0x000176dc      0xa32 C:\Users\denes\AppData\Local\Temp\ccaobFB3.debug.temp.o
                0x000176dc                chschd.c.117f22de
 .debug_info    0x0001810e     0x100d C:\Users\denes\AppData\Local\Temp\ccWyIhPt.debug.temp.o
                0x0001810e                chthreads.c.52ad3637
 .debug_info    0x0001911b      0x91a C:\Users\denes\AppData\Local\Temp\ccuOrVXT.debug.temp.o
                0x0001911b                chtm.c.404dcdc5
 .debug_info    0x00019a35      0x923 C:\Users\denes\AppData\Local\Temp\ccohIR3j.debug.temp.o
                0x00019a35                chregistry.c.e2d9c795
 .debug_info    0x0001a358      0x9cc C:\Users\denes\AppData\Local\Temp\ccIRVrme.debug.temp.o
                0x0001a358                chmtx.c.01aa9b8f
 .debug_info    0x0001ad24      0xbca C:\Users\denes\AppData\Local\Temp\ccs35rec.debug.temp.o
                0x0001ad24                chevents.c.64f45715
 .debug_info    0x0001b8ee      0x2ce C:\Users\denes\AppData\Local\Temp\ccUr7V08.debug.temp.o
                0x0001b8ee                chmemcore.c.ee208866
 .debug_info    0x0001bbbc      0x7b4 C:\Users\denes\AppData\Local\Temp\ccIFTLdD.debug.temp.o
                0x0001bbbc                chmemheaps.c.a46b5b0a
 .debug_info    0x0001c370      0x5ad C:\Users\denes\AppData\Local\Temp\ccGUJKF7.debug.temp.o
                0x0001c370                chmempools.c.0f9a52fc
 .debug_info    0x0001c91d     0x1254 C:\Users\denes\AppData\Local\Temp\ccsNZCb2.debug.temp.o
                0x0001c91d                chfactory.c.45ae353d
 .debug_info    0x0001db71      0x868 C:\Users\denes\AppData\Local\Temp\cc2Z4EgZ.debug.temp.o
                0x0001db71                chcore_v7m.c.59c0e302
 .debug_info    0x0001e3d9      0xbcb C:\Users\denes\AppData\Local\Temp\ccKedTAZ.debug.temp.o
                0x0001e3d9                main.cpp.8faaef7b
 .debug_info    0x0001efa4     0x1136 C:\Users\denes\AppData\Local\Temp\ccK0h5Lr.debug.temp.o
                0x0001efa4                can.cpp.d8eb058d
 .debug_info    0x000200da      0xce5 C:\Users\denes\AppData\Local\Temp\ccyyAAaU.debug.temp.o
                0x000200da                adc.cpp.69c01578
 .debug_info    0x00020dbf      0x8d6 C:\Users\denes\AppData\Local\Temp\cciWYgum.debug.temp.o
                0x00020dbf                out.cpp.1fcbfa20
 .debug_info    0x00021695      0x8d6 C:\Users\denes\AppData\Local\Temp\cciYJY2O.debug.temp.o
                0x00021695                digital.cpp.9469349b
 .debug_info    0x00021f6b      0xc9f C:\Users\denes\AppData\Local\Temp\ccE5PSxh.debug.temp.o
                0x00021f6b                spi.cpp.d890e806
 .debug_info    0x00022c0a      0x135 C:/msys64/mingw64/bin/../lib/gcc/arm-none-eabi/13.3.0/../../../../arm-none-eabi/lib/thumb/v7-m/nofp\libg.a(libc_a-memset.o)
 .debug_info    0x00022d3f       0x33 C:/msys64/mingw64/bin/../lib/gcc/arm-none-eabi/13.3.0/../../../../arm-none-eabi/lib/thumb/v7-m/nofp\libg.a(libc_a-memcpy.o)

.debug_abbrev   0x00000000     0x5581
 .debug_abbrev  0x00000000       0x14 ./build/obj/crt0_v7m.o
 .debug_abbrev  0x00000014       0x14 ./build/obj/vectors.o
 .debug_abbrev  0x00000028       0x14 ./build/obj/chcoreasm_v7m.o
 .debug_abbrev  0x0000003c      0x33a C:\Users\denes\AppData\Local\Temp\ccUVYlKI.ltrans0.ltrans.o
 .debug_abbrev  0x00000376       0xec C:\Users\denes\AppData\Local\Temp\ccqo5xer.debug.temp.o
 .debug_abbrev  0x00000462       0xf3 C:\Users\denes\AppData\Local\Temp\ccIbsDWS.debug.temp.o
 .debug_abbrev  0x00000555      0x15c C:\Users\denes\AppData\Local\Temp\ccyKqiVk.debug.temp.o
 .debug_abbrev  0x000006b1      0x1f7 C:\Users\denes\AppData\Local\Temp\ccqELLWe.debug.temp.o
 .debug_abbrev  0x000008a8      0x280 C:\Users\denes\AppData\Local\Temp\cciYLt4z.debug.temp.o
 .debug_abbrev  0x00000b28      0x33f C:\Users\denes\AppData\Local\Temp\ccUVOe30.debug.temp.o
 .debug_abbrev  0x00000e67      0x296 C:\Users\denes\AppData\Local\Temp\cc4IR2pT.debug.temp.o
 .debug_abbrev  0x000010fd      0x25f C:\Users\denes\AppData\Local\Temp\ccI96GNk.debug.temp.o
 .debug_abbrev  0x0000135c      0x127 C:\Users\denes\AppData\Local\Temp\ccQLEJ6L.debug.temp.o
 .debug_abbrev  0x00001483      0x1e2 C:\Users\denes\AppData\Local\Temp\ccyWE6md.debug.temp.o
 .debug_abbrev  0x00001665       0xda C:\Users\denes\AppData\Local\Temp\ccc1SfQE.debug.temp.o
 .debug_abbrev  0x0000173f      0x26f C:\Users\denes\AppData\Local\Temp\ccUXh3Lw.debug.temp.o
 .debug_abbrev  0x000019ae      0x34d C:\Users\denes\AppData\Local\Temp\ccWU7wbX.debug.temp.o
 .debug_abbrev  0x00001cfb      0x1bd C:\Users\denes\AppData\Local\Temp\ccqgpEPn.debug.temp.o
 .debug_abbrev  0x00001eb8      0x1fd C:\Users\denes\AppData\Local\Temp\ccUf9JqO.debug.temp.o
 .debug_abbrev  0x000020b5      0x26a C:\Users\denes\AppData\Local\Temp\ccqKkaXe.debug.temp.o
 .debug_abbrev  0x0000231f      0x138 C:\Users\denes\AppData\Local\Temp\ccUlgKHF.debug.temp.o
 .debug_abbrev  0x00002457      0x28e C:\Users\denes\AppData\Local\Temp\ccqU3en6.debug.temp.o
 .debug_abbrev  0x000026e5       0xb9 C:\Users\denes\AppData\Local\Temp\ccg1t7fx.debug.temp.o
 .debug_abbrev  0x0000279e      0x328 C:\Users\denes\AppData\Local\Temp\ccsRBDYn.debug.temp.o
 .debug_abbrev  0x00002ac6      0x2c2 C:\Users\denes\AppData\Local\Temp\ccQbImDD.debug.temp.o
 .debug_abbrev  0x00002d88      0x2c7 C:\Users\denes\AppData\Local\Temp\ccaobFB3.debug.temp.o
 .debug_abbrev  0x0000304f      0x304 C:\Users\denes\AppData\Local\Temp\ccWyIhPt.debug.temp.o
 .debug_abbrev  0x00003353      0x196 C:\Users\denes\AppData\Local\Temp\ccuOrVXT.debug.temp.o
 .debug_abbrev  0x000034e9      0x238 C:\Users\denes\AppData\Local\Temp\ccohIR3j.debug.temp.o
 .debug_abbrev  0x00003721      0x29b C:\Users\denes\AppData\Local\Temp\ccIRVrme.debug.temp.o
 .debug_abbrev  0x000039bc      0x293 C:\Users\denes\AppData\Local\Temp\ccs35rec.debug.temp.o
 .debug_abbrev  0x00003c4f      0x15d C:\Users\denes\AppData\Local\Temp\ccUr7V08.debug.temp.o
 .debug_abbrev  0x00003dac      0x244 C:\Users\denes\AppData\Local\Temp\ccIFTLdD.debug.temp.o
 .debug_abbrev  0x00003ff0      0x206 C:\Users\denes\AppData\Local\Temp\ccGUJKF7.debug.temp.o
 .debug_abbrev  0x000041f6      0x275 C:\Users\denes\AppData\Local\Temp\ccsNZCb2.debug.temp.o
 .debug_abbrev  0x0000446b      0x1f9 C:\Users\denes\AppData\Local\Temp\cc2Z4EgZ.debug.temp.o
 .debug_abbrev  0x00004664      0x1e6 C:\Users\denes\AppData\Local\Temp\ccKedTAZ.debug.temp.o
 .debug_abbrev  0x0000484a      0x352 C:\Users\denes\AppData\Local\Temp\ccK0h5Lr.debug.temp.o
 .debug_abbrev  0x00004b9c      0x24a C:\Users\denes\AppData\Local\Temp\ccyyAAaU.debug.temp.o
 .debug_abbrev  0x00004de6      0x238 C:\Users\denes\AppData\Local\Temp\cciWYgum.debug.temp.o
 .debug_abbrev  0x0000501e      0x238 C:\Users\denes\AppData\Local\Temp\cciYJY2O.debug.temp.o
 .debug_abbrev  0x00005256      0x24c C:\Users\denes\AppData\Local\Temp\ccE5PSxh.debug.temp.o
 .debug_abbrev  0x000054a2       0xb7 C:/msys64/mingw64/bin/../lib/gcc/arm-none-eabi/13.3.0/../../../../arm-none-eabi/lib/thumb/v7-m/nofp\libg.a(libc_a-memset.o)
 .debug_abbrev  0x00005559       0x28 C:/msys64/mingw64/bin/../lib/gcc/arm-none-eabi/13.3.0/../../../../arm-none-eabi/lib/thumb/v7-m/nofp\libg.a(libc_a-memcpy.o)

.debug_aranges  0x00000000      0x300
 .debug_aranges
                0x00000000       0x20 ./build/obj/crt0_v7m.o
 .debug_aranges
                0x00000020       0x20 ./build/obj/vectors.o
 .debug_aranges
                0x00000040       0x20 ./build/obj/chcoreasm_v7m.o
 .debug_aranges
                0x00000060      0x260 C:\Users\denes\AppData\Local\Temp\ccUVYlKI.ltrans0.ltrans.o
 .debug_aranges
                0x000002c0       0x20 C:/msys64/mingw64/bin/../lib/gcc/arm-none-eabi/13.3.0/../../../../arm-none-eabi/lib/thumb/v7-m/nofp\libg.a(libc_a-memset.o)
 .debug_aranges
                0x000002e0       0x20 C:/msys64/mingw64/bin/../lib/gcc/arm-none-eabi/13.3.0/../../../../arm-none-eabi/lib/thumb/v7-m/nofp\libg.a(libc_a-memcpy.o)

.debug_str      0x00000000     0x400e
 .debug_str     0x00000000     0x400e ./build/obj/crt0_v7m.o
                                 0x71 (size before relaxing)
 .debug_str     0x0000400e       0x70 ./build/obj/vectors.o
 .debug_str     0x0000400e       0x74 ./build/obj/chcoreasm_v7m.o
 .debug_str     0x0000400e      0x1ba C:\Users\denes\AppData\Local\Temp\ccUVYlKI.ltrans0.ltrans.o
 .debug_str     0x0000400e      0x456 C:\Users\denes\AppData\Local\Temp\ccqo5xer.debug.temp.o
 .debug_str     0x0000400e      0x26f C:\Users\denes\AppData\Local\Temp\ccIbsDWS.debug.temp.o
 .debug_str     0x0000400e      0x2fe C:\Users\denes\AppData\Local\Temp\ccyKqiVk.debug.temp.o
 .debug_str     0x0000400e      0x4b3 C:\Users\denes\AppData\Local\Temp\ccqELLWe.debug.temp.o
 .debug_str     0x0000400e      0x834 C:\Users\denes\AppData\Local\Temp\cciYLt4z.debug.temp.o
 .debug_str     0x0000400e      0x873 C:\Users\denes\AppData\Local\Temp\ccUVOe30.debug.temp.o
 .debug_str     0x0000400e      0x7c6 C:\Users\denes\AppData\Local\Temp\cc4IR2pT.debug.temp.o
 .debug_str     0x0000400e      0x7f3 C:\Users\denes\AppData\Local\Temp\ccI96GNk.debug.temp.o
 .debug_str     0x0000400e      0x301 C:\Users\denes\AppData\Local\Temp\ccQLEJ6L.debug.temp.o
 .debug_str     0x0000400e      0x6a2 C:\Users\denes\AppData\Local\Temp\ccyWE6md.debug.temp.o
 .debug_str     0x0000400e      0x2a3 C:\Users\denes\AppData\Local\Temp\ccc1SfQE.debug.temp.o
 .debug_str     0x0000400e      0x7e8 C:\Users\denes\AppData\Local\Temp\ccUXh3Lw.debug.temp.o
 .debug_str     0x0000400e      0x973 C:\Users\denes\AppData\Local\Temp\ccWU7wbX.debug.temp.o
 .debug_str     0x0000400e      0x442 C:\Users\denes\AppData\Local\Temp\ccqgpEPn.debug.temp.o
 .debug_str     0x0000400e      0x4a6 C:\Users\denes\AppData\Local\Temp\ccUf9JqO.debug.temp.o
 .debug_str     0x0000400e      0x7bf C:\Users\denes\AppData\Local\Temp\ccqKkaXe.debug.temp.o
 .debug_str     0x0000400e      0x386 C:\Users\denes\AppData\Local\Temp\ccUlgKHF.debug.temp.o
 .debug_str     0x0000400e      0x787 C:\Users\denes\AppData\Local\Temp\ccqU3en6.debug.temp.o
 .debug_str     0x0000400e      0x254 C:\Users\denes\AppData\Local\Temp\ccg1t7fx.debug.temp.o
 .debug_str     0x0000400e      0x93f C:\Users\denes\AppData\Local\Temp\ccsRBDYn.debug.temp.o
 .debug_str     0x0000400e      0x74b C:\Users\denes\AppData\Local\Temp\ccQbImDD.debug.temp.o
 .debug_str     0x0000400e      0x722 C:\Users\denes\AppData\Local\Temp\ccaobFB3.debug.temp.o
 .debug_str     0x0000400e      0x921 C:\Users\denes\AppData\Local\Temp\ccWyIhPt.debug.temp.o
 .debug_str     0x0000400e      0x63e C:\Users\denes\AppData\Local\Temp\ccuOrVXT.debug.temp.o
 .debug_str     0x0000400e      0x67e C:\Users\denes\AppData\Local\Temp\ccohIR3j.debug.temp.o
 .debug_str     0x0000400e      0x63c C:\Users\denes\AppData\Local\Temp\ccIRVrme.debug.temp.o
 .debug_str     0x0000400e      0x739 C:\Users\denes\AppData\Local\Temp\ccs35rec.debug.temp.o
 .debug_str     0x0000400e      0x2f3 C:\Users\denes\AppData\Local\Temp\ccUr7V08.debug.temp.o
 .debug_str     0x0000400e      0x4e3 C:\Users\denes\AppData\Local\Temp\ccIFTLdD.debug.temp.o
 .debug_str     0x0000400e      0x448 C:\Users\denes\AppData\Local\Temp\ccGUJKF7.debug.temp.o
 .debug_str     0x0000400e      0xa6a C:\Users\denes\AppData\Local\Temp\ccsNZCb2.debug.temp.o
 .debug_str     0x0000400e      0x7e4 C:\Users\denes\AppData\Local\Temp\cc2Z4EgZ.debug.temp.o
 .debug_str     0x0000400e      0x7fa C:\Users\denes\AppData\Local\Temp\ccKedTAZ.debug.temp.o
 .debug_str     0x0000400e      0xb1b C:\Users\denes\AppData\Local\Temp\ccK0h5Lr.debug.temp.o
 .debug_str     0x0000400e      0x93a C:\Users\denes\AppData\Local\Temp\ccyyAAaU.debug.temp.o
 .debug_str     0x0000400e      0x6ce C:\Users\denes\AppData\Local\Temp\cciWYgum.debug.temp.o
 .debug_str     0x0000400e      0x6e0 C:\Users\denes\AppData\Local\Temp\cciYJY2O.debug.temp.o
 .debug_str     0x0000400e      0x91f C:\Users\denes\AppData\Local\Temp\ccE5PSxh.debug.temp.o
 .debug_str     0x0000400e      0x18e C:/msys64/mingw64/bin/../lib/gcc/arm-none-eabi/13.3.0/../../../../arm-none-eabi/lib/thumb/v7-m/nofp\libg.a(libc_a-memset.o)
 .debug_str     0x0000400e       0x9a C:/msys64/mingw64/bin/../lib/gcc/arm-none-eabi/13.3.0/../../../../arm-none-eabi/lib/thumb/v7-m/nofp\libg.a(libc_a-memcpy.o)

.debug_loclists
                0x00000000     0x5bf2
 .debug_loclists
                0x00000000     0x5a27 C:\Users\denes\AppData\Local\Temp\ccUVYlKI.ltrans0.ltrans.o
 .debug_loclists
                0x00005a27      0x1cb C:/msys64/mingw64/bin/../lib/gcc/arm-none-eabi/13.3.0/../../../../arm-none-eabi/lib/thumb/v7-m/nofp\libg.a(libc_a-memset.o)

.debug_rnglists
                0x00000000     0x18ac
 .debug_rnglists
                0x00000000     0x18ac C:\Users\denes\AppData\Local\Temp\ccUVYlKI.ltrans0.ltrans.o

.debug_frame    0x00000000      0x8a0
 .debug_frame   0x00000000      0x874 C:\Users\denes\AppData\Local\Temp\ccUVYlKI.ltrans0.ltrans.o
 .debug_frame   0x00000874       0x2c C:/msys64/mingw64/bin/../lib/gcc/arm-none-eabi/13.3.0/../../../../arm-none-eabi/lib/thumb/v7-m/nofp\libg.a(libc_a-memset.o)

Cross Reference Table

Symbol                                            File
ADCD1                                             ./build/obj/hal_adc_lld.o (symbol from plugin)
                                                  ./build/obj/adc.o (symbol from plugin)
BusFault_Handler                                  ./build/obj/vectors.o
CAND1                                             ./build/obj/hal_can_lld.o (symbol from plugin)
                                                  ./build/obj/can.o (symbol from plugin)
DebugMon_Handler                                  ./build/obj/vectors.o
HardFault_Handler                                 ./build/obj/vectors.o
MemManage_Handler                                 ./build/obj/vectors.o
NMI_Handler                                       ./build/obj/vectors.o
PendSV_Handler                                    ./build/obj/vectors.o
Reset_Handler                                     ./build/obj/vectors.o
SD1                                               ./build/obj/hal_serial_lld.o (symbol from plugin)
                                                  ./build/obj/main.o (symbol from plugin)
SPID2                                             ./build/obj/hal_spi_lld.o (symbol from plugin)
                                                  ./build/obj/spi.o (symbol from plugin)
SVC_Handler                                       C:\Users\denes\AppData\Local\Temp\ccUVYlKI.ltrans0.ltrans.o
                                                  ./build/obj/chcore_v7m.o (symbol from plugin)
                                                  ./build/obj/vectors.o
SysTick_Handler                                   ./build/obj/vectors.o
SystemCoreClock                                   ./build/obj/hal_lld.o (symbol from plugin)
UsageFault_Handler                                ./build/obj/vectors.o
Vector100                                         ./build/obj/vectors.o
Vector104                                         ./build/obj/vectors.o
Vector108                                         ./build/obj/vectors.o
Vector10C                                         ./build/obj/vectors.o
Vector110                                         ./build/obj/vectors.o
Vector114                                         ./build/obj/vectors.o
Vector118                                         ./build/obj/vectors.o
Vector11C                                         ./build/obj/vectors.o
Vector120                                         ./build/obj/vectors.o
Vector124                                         ./build/obj/vectors.o
Vector128                                         ./build/obj/vectors.o
Vector12C                                         ./build/obj/vectors.o
Vector130                                         ./build/obj/vectors.o
Vector134                                         ./build/obj/vectors.o
Vector138                                         ./build/obj/vectors.o
Vector13C                                         ./build/obj/vectors.o
Vector140                                         ./build/obj/vectors.o
Vector144                                         ./build/obj/vectors.o
Vector148                                         ./build/obj/vectors.o
Vector14C                                         ./build/obj/vectors.o
Vector150                                         ./build/obj/vectors.o
Vector154                                         ./build/obj/vectors.o
Vector158                                         ./build/obj/vectors.o
Vector15C                                         ./build/obj/vectors.o
Vector1C                                          ./build/obj/vectors.o
Vector20                                          ./build/obj/vectors.o
Vector24                                          ./build/obj/vectors.o
Vector28                                          ./build/obj/vectors.o
Vector34                                          ./build/obj/vectors.o
Vector40                                          ./build/obj/vectors.o
Vector44                                          ./build/obj/vectors.o
Vector48                                          ./build/obj/vectors.o
Vector4C                                          ./build/obj/vectors.o
Vector50                                          ./build/obj/vectors.o
Vector54                                          ./build/obj/vectors.o
Vector58                                          C:\Users\denes\AppData\Local\Temp\ccUVYlKI.ltrans0.ltrans.o
                                                  ./build/obj/stm32_isr.o (symbol from plugin)
                                                  ./build/obj/vectors.o
Vector5C                                          C:\Users\denes\AppData\Local\Temp\ccUVYlKI.ltrans0.ltrans.o
                                                  ./build/obj/stm32_isr.o (symbol from plugin)
                                                  ./build/obj/vectors.o
Vector60                                          C:\Users\denes\AppData\Local\Temp\ccUVYlKI.ltrans0.ltrans.o
                                                  ./build/obj/stm32_isr.o (symbol from plugin)
                                                  ./build/obj/vectors.o
Vector64                                          C:\Users\denes\AppData\Local\Temp\ccUVYlKI.ltrans0.ltrans.o
                                                  ./build/obj/stm32_isr.o (symbol from plugin)
                                                  ./build/obj/vectors.o
Vector68                                          C:\Users\denes\AppData\Local\Temp\ccUVYlKI.ltrans0.ltrans.o
                                                  ./build/obj/stm32_isr.o (symbol from plugin)
                                                  ./build/obj/vectors.o
Vector6C                                          C:\Users\denes\AppData\Local\Temp\ccUVYlKI.ltrans0.ltrans.o
                                                  ./build/obj/stm32_dma.o (symbol from plugin)
                                                  ./build/obj/vectors.o
Vector70                                          C:\Users\denes\AppData\Local\Temp\ccUVYlKI.ltrans0.ltrans.o
                                                  ./build/obj/stm32_dma.o (symbol from plugin)
                                                  ./build/obj/vectors.o
Vector74                                          C:\Users\denes\AppData\Local\Temp\ccUVYlKI.ltrans0.ltrans.o
                                                  ./build/obj/stm32_dma.o (symbol from plugin)
                                                  ./build/obj/vectors.o
Vector78                                          C:\Users\denes\AppData\Local\Temp\ccUVYlKI.ltrans0.ltrans.o
                                                  ./build/obj/stm32_dma.o (symbol from plugin)
                                                  ./build/obj/vectors.o
Vector7C                                          C:\Users\denes\AppData\Local\Temp\ccUVYlKI.ltrans0.ltrans.o
                                                  ./build/obj/stm32_dma.o (symbol from plugin)
                                                  ./build/obj/vectors.o
Vector80                                          C:\Users\denes\AppData\Local\Temp\ccUVYlKI.ltrans0.ltrans.o
                                                  ./build/obj/stm32_dma.o (symbol from plugin)
                                                  ./build/obj/vectors.o
Vector84                                          C:\Users\denes\AppData\Local\Temp\ccUVYlKI.ltrans0.ltrans.o
                                                  ./build/obj/stm32_dma.o (symbol from plugin)
                                                  ./build/obj/vectors.o
Vector88                                          ./build/obj/vectors.o
Vector8C                                          C:\Users\denes\AppData\Local\Temp\ccUVYlKI.ltrans0.ltrans.o
                                                  ./build/obj/hal_can_lld.o (symbol from plugin)
                                                  ./build/obj/vectors.o
Vector90                                          C:\Users\denes\AppData\Local\Temp\ccUVYlKI.ltrans0.ltrans.o
                                                  ./build/obj/hal_can_lld.o (symbol from plugin)
                                                  ./build/obj/vectors.o
Vector94                                          C:\Users\denes\AppData\Local\Temp\ccUVYlKI.ltrans0.ltrans.o
                                                  ./build/obj/hal_can_lld.o (symbol from plugin)
                                                  ./build/obj/vectors.o
Vector98                                          C:\Users\denes\AppData\Local\Temp\ccUVYlKI.ltrans0.ltrans.o
                                                  ./build/obj/hal_can_lld.o (symbol from plugin)
                                                  ./build/obj/vectors.o
Vector9C                                          C:\Users\denes\AppData\Local\Temp\ccUVYlKI.ltrans0.ltrans.o
                                                  ./build/obj/stm32_isr.o (symbol from plugin)
                                                  ./build/obj/vectors.o
VectorA0                                          ./build/obj/vectors.o
VectorA4                                          ./build/obj/vectors.o
VectorA8                                          ./build/obj/vectors.o
VectorAC                                          ./build/obj/vectors.o
VectorB0                                          C:\Users\denes\AppData\Local\Temp\ccUVYlKI.ltrans0.ltrans.o
                                                  ./build/obj/hal_st_lld.o (symbol from plugin)
                                                  ./build/obj/vectors.o
VectorB4                                          ./build/obj/vectors.o
VectorB8                                          ./build/obj/vectors.o
VectorBC                                          ./build/obj/vectors.o
VectorC0                                          ./build/obj/vectors.o
VectorC4                                          ./build/obj/vectors.o
VectorC8                                          ./build/obj/vectors.o
VectorCC                                          ./build/obj/vectors.o
VectorD0                                          ./build/obj/vectors.o
VectorD4                                          C:\Users\denes\AppData\Local\Temp\ccUVYlKI.ltrans0.ltrans.o
                                                  ./build/obj/hal_serial_lld.o (symbol from plugin)
                                                  ./build/obj/vectors.o
VectorD8                                          ./build/obj/vectors.o
VectorDC                                          ./build/obj/vectors.o
VectorE0                                          C:\Users\denes\AppData\Local\Temp\ccUVYlKI.ltrans0.ltrans.o
                                                  ./build/obj/stm32_isr.o (symbol from plugin)
                                                  ./build/obj/vectors.o
VectorE4                                          ./build/obj/vectors.o
VectorE8                                          ./build/obj/vectors.o
VectorEC                                          ./build/obj/vectors.o
VectorF0                                          ./build/obj/vectors.o
VectorF4                                          ./build/obj/vectors.o
VectorF8                                          ./build/obj/vectors.o
VectorFC                                          ./build/obj/vectors.o
__bss_base__                                      ./build/obj/ch_test.o (symbol from plugin)
                                                  ./build/obj/crt0_v7m.o
__bss_end__                                       ./build/obj/ch_test.o (symbol from plugin)
                                                  ./build/obj/crt0_v7m.o
__ch_delegate_fn0                                 ./build/obj/chdelegates.o (symbol from plugin)
__ch_delegate_fn1                                 ./build/obj/chdelegates.o (symbol from plugin)
__ch_delegate_fn2                                 ./build/obj/chdelegates.o (symbol from plugin)
__ch_delegate_fn3                                 ./build/obj/chdelegates.o (symbol from plugin)
__ch_delegate_fn4                                 ./build/obj/chdelegates.o (symbol from plugin)
__core_init                                       C:\Users\denes\AppData\Local\Temp\ccUVYlKI.ltrans0.ltrans.o
                                                  ./build/obj/crt1.o (symbol from plugin)
                                                  ./build/obj/crt0_v7m.o
__data_base__                                     ./build/obj/ch_test.o (symbol from plugin)
                                                  ./build/obj/crt0_v7m.o
__data_end__                                      ./build/obj/ch_test.o (symbol from plugin)
                                                  ./build/obj/crt0_v7m.o
__default_exit                                    C:\Users\denes\AppData\Local\Temp\ccUVYlKI.ltrans0.ltrans.o
                                                  ./build/obj/crt1.o (symbol from plugin)
                                                  ./build/obj/crt0_v7m.o
__early_init                                      C:\Users\denes\AppData\Local\Temp\ccUVYlKI.ltrans0.ltrans.o
                                                  ./build/obj/board.o (symbol from plugin)
                                                  ./build/obj/crt1.o (symbol from plugin)
                                                  ./build/obj/crt0_v7m.o
__fini_array_base__                               ./build/obj/crt0_v7m.o
__fini_array_end__                                ./build/obj/crt0_v7m.o
__heap_base__                                     C:\Users\denes\AppData\Local\Temp\ccUVYlKI.ltrans0.ltrans.o
                                                  ./build/obj/chmemcore.o (symbol from plugin)
__heap_end__                                      C:\Users\denes\AppData\Local\Temp\ccUVYlKI.ltrans0.ltrans.o
                                                  ./build/obj/chmemcore.o (symbol from plugin)
__init_array_base__                               ./build/obj/crt0_v7m.o
__init_array_end__                                ./build/obj/crt0_v7m.o
__init_ram_areas                                  C:\Users\denes\AppData\Local\Temp\ccUVYlKI.ltrans0.ltrans.o
                                                  ./build/obj/crt1.o (symbol from plugin)
                                                  ./build/obj/crt0_v7m.o
__late_init                                       C:\Users\denes\AppData\Local\Temp\ccUVYlKI.ltrans0.ltrans.o
                                                  ./build/obj/crt1.o (symbol from plugin)
                                                  ./build/obj/crt0_v7m.o
__main_stack_base__                               ./build/obj/crt0_v7m.o
__main_stack_end__                                ./build/obj/vectors.o
                                                  ./build/obj/crt0_v7m.o
__process_stack_base__                            ./build/obj/crt0_v7m.o
__process_stack_end__                             ./build/obj/crt0_v7m.o
__ram0_clear__                                    C:\Users\denes\AppData\Local\Temp\ccUVYlKI.ltrans0.ltrans.o
                                                  ./build/obj/crt1.o (symbol from plugin)
__ram0_init__                                     C:\Users\denes\AppData\Local\Temp\ccUVYlKI.ltrans0.ltrans.o
                                                  ./build/obj/crt1.o (symbol from plugin)
__ram0_init_text__                                C:\Users\denes\AppData\Local\Temp\ccUVYlKI.ltrans0.ltrans.o
                                                  ./build/obj/crt1.o (symbol from plugin)
__ram0_noinit__                                   C:\Users\denes\AppData\Local\Temp\ccUVYlKI.ltrans0.ltrans.o
                                                  ./build/obj/crt1.o (symbol from plugin)
__ram1_clear__                                    C:\Users\denes\AppData\Local\Temp\ccUVYlKI.ltrans0.ltrans.o
                                                  ./build/obj/crt1.o (symbol from plugin)
__ram1_init__                                     C:\Users\denes\AppData\Local\Temp\ccUVYlKI.ltrans0.ltrans.o
                                                  ./build/obj/crt1.o (symbol from plugin)
__ram1_init_text__                                C:\Users\denes\AppData\Local\Temp\ccUVYlKI.ltrans0.ltrans.o
                                                  ./build/obj/crt1.o (symbol from plugin)
__ram1_noinit__                                   C:\Users\denes\AppData\Local\Temp\ccUVYlKI.ltrans0.ltrans.o
                                                  ./build/obj/crt1.o (symbol from plugin)
__ram2_clear__                                    C:\Users\denes\AppData\Local\Temp\ccUVYlKI.ltrans0.ltrans.o
                                                  ./build/obj/crt1.o (symbol from plugin)
__ram2_init__                                     C:\Users\denes\AppData\Local\Temp\ccUVYlKI.ltrans0.ltrans.o
                                                  ./build/obj/crt1.o (symbol from plugin)
__ram2_init_text__                                C:\Users\denes\AppData\Local\Temp\ccUVYlKI.ltrans0.ltrans.o
                                                  ./build/obj/crt1.o (symbol from plugin)
__ram2_noinit__                                   C:\Users\denes\AppData\Local\Temp\ccUVYlKI.ltrans0.ltrans.o
                                                  ./build/obj/crt1.o (symbol from plugin)
__ram3_clear__                                    C:\Users\denes\AppData\Local\Temp\ccUVYlKI.ltrans0.ltrans.o
                                                  ./build/obj/crt1.o (symbol from plugin)
__ram3_init__                                     C:\Users\denes\AppData\Local\Temp\ccUVYlKI.ltrans0.ltrans.o
                                                  ./build/obj/crt1.o (symbol from plugin)
__ram3_init_text__                                C:\Users\denes\AppData\Local\Temp\ccUVYlKI.ltrans0.ltrans.o
                                                  ./build/obj/crt1.o (symbol from plugin)
__ram3_noinit__                                   C:\Users\denes\AppData\Local\Temp\ccUVYlKI.ltrans0.ltrans.o
                                                  ./build/obj/crt1.o (symbol from plugin)
__ram4_clear__                                    C:\Users\denes\AppData\Local\Temp\ccUVYlKI.ltrans0.ltrans.o
                                                  ./build/obj/crt1.o (symbol from plugin)
__ram4_init__                                     C:\Users\denes\AppData\Local\Temp\ccUVYlKI.ltrans0.ltrans.o
                                                  ./build/obj/crt1.o (symbol from plugin)
__ram4_init_text__                                C:\Users\denes\AppData\Local\Temp\ccUVYlKI.ltrans0.ltrans.o
                                                  ./build/obj/crt1.o (symbol from plugin)
__ram4_noinit__                                   C:\Users\denes\AppData\Local\Temp\ccUVYlKI.ltrans0.ltrans.o
                                                  ./build/obj/crt1.o (symbol from plugin)
__ram5_clear__                                    C:\Users\denes\AppData\Local\Temp\ccUVYlKI.ltrans0.ltrans.o
                                                  ./build/obj/crt1.o (symbol from plugin)
__ram5_init__                                     C:\Users\denes\AppData\Local\Temp\ccUVYlKI.ltrans0.ltrans.o
                                                  ./build/obj/crt1.o (symbol from plugin)
__ram5_init_text__                                C:\Users\denes\AppData\Local\Temp\ccUVYlKI.ltrans0.ltrans.o
                                                  ./build/obj/crt1.o (symbol from plugin)